[    0.000000] Linux version 4.17.0-rc1-00021-ga27fc14219f2 (ariard@ariard) (gcc version 7.3.0 (GCC)) #1 SMP Thu Apr 19 01:28:10 CEST 2018
[    0.000000] Command line: BOOT_IMAGE=/vmlinuz-4.17.0-rc1 root=/dev/sda1 ro
[    0.000000] Disabled fast string operations
[    0.000000] x86/fpu: Supporting XSAVE feature 0x001: 'x87 floating point registers'
[    0.000000] x86/fpu: Supporting XSAVE feature 0x002: 'SSE registers'
[    0.000000] x86/fpu: Supporting XSAVE feature 0x004: 'AVX registers'
[    0.000000] x86/fpu: xstate_offset[2]:  576, xstate_sizes[2]:  256
[    0.000000] x86/fpu: Enabled xstate features 0x7, context size is 832 bytes, using 'standard' format.
[    0.000000] e820: BIOS-provided physical RAM map:
[    0.000000] BIOS-e820: [mem 0x0000000000000000-0x000000000009f3ff] usable
[    0.000000] BIOS-e820: [mem 0x000000000009f400-0x000000000009ffff] reserved
[    0.000000] BIOS-e820: [mem 0x00000000000dc000-0x00000000000fffff] reserved
[    0.000000] BIOS-e820: [mem 0x0000000000100000-0x000000007fedffff] usable
[    0.000000] BIOS-e820: [mem 0x000000007fee0000-0x000000007fefefff] ACPI data
[    0.000000] BIOS-e820: [mem 0x000000007feff000-0x000000007fefffff] ACPI NVS
[    0.000000] BIOS-e820: [mem 0x000000007ff00000-0x000000007fffffff] usable
[    0.000000] BIOS-e820: [mem 0x00000000f0000000-0x00000000f7ffffff] reserved
[    0.000000] BIOS-e820: [mem 0x00000000fec00000-0x00000000fec0ffff] reserved
[    0.000000] BIOS-e820: [mem 0x00000000fee00000-0x00000000fee00fff] reserved
[    0.000000] BIOS-e820: [mem 0x00000000fffe0000-0x00000000ffffffff] reserved
[    0.000000] NX (Execute Disable) protection: active
[    0.000000] random: fast init done
[    0.000000] SMBIOS 2.7 present.
[    0.000000] DMI: VMware, Inc. VMware Virtual Platform/440BX Desktop Reference Platform, BIOS 6.00 05/19/2017
[    0.000000] e820: update [mem 0x00000000-0x00000fff] usable ==> reserved
[    0.000000] e820: remove [mem 0x000a0000-0x000fffff] usable
[    0.000000] e820: last_pfn = 0x80000 max_arch_pfn = 0x400000000
[    0.000000] MTRR default type: uncachable
[    0.000000] MTRR fixed ranges enabled:
[    0.000000]   00000-9FFFF write-back
[    0.000000]   A0000-BFFFF uncachable
[    0.000000]   C0000-CBFFF write-protect
[    0.000000]   CC000-EFFFF uncachable
[    0.000000]   F0000-FFFFF write-protect
[    0.000000] MTRR variable ranges enabled:
[    0.000000]   0 base 00000000000 mask 7FF80000000 write-back
[    0.000000]   1 disabled
[    0.000000]   2 disabled
[    0.000000]   3 disabled
[    0.000000]   4 disabled
[    0.000000]   5 disabled
[    0.000000]   6 disabled
[    0.000000]   7 disabled
[    0.000000] x86/PAT: Configuration [0-7]: WB  WC  UC- UC  WB  WP  UC- WT  
[    0.000000] found SMP MP-table at [mem 0x000f6a80-0x000f6a8f] mapped at [        (ptrval)]
[    0.000000] Scanning 1 areas for low memory corruption
[    0.000000] Base memory trampoline at [        (ptrval)] 99000 size 24576
[    0.000000] BRK [0x2cf25000, 0x2cf25fff] PGTABLE
[    0.000000] BRK [0x2cf26000, 0x2cf26fff] PGTABLE
[    0.000000] BRK [0x2cf27000, 0x2cf27fff] PGTABLE
[    0.000000] BRK [0x2cf28000, 0x2cf28fff] PGTABLE
[    0.000000] BRK [0x2cf29000, 0x2cf29fff] PGTABLE
[    0.000000] BRK [0x2cf2a000, 0x2cf2afff] PGTABLE
[    0.000000] ACPI: Early table checksum verification disabled
[    0.000000] ACPI: RSDP 0x00000000000F6A10 000024 (v02 PTLTD )
[    0.000000] ACPI: XSDT 0x000000007FEEFC3E 000054 (v01 INTEL  440BX    06040000 VMW  01324272)
[    0.000000] ACPI: FACP 0x000000007FEFEE73 0000F4 (v04 INTEL  440BX    06040000 PTL  000F4240)
[    0.000000] ACPI: DSDT 0x000000007FEEFE3A 00F039 (v01 PTLTD  Custom   06040000 MSFT 03000001)
[    0.000000] ACPI: FACS 0x000000007FEFFFC0 000040
[    0.000000] ACPI: FACS 0x000000007FEFFFC0 000040
[    0.000000] ACPI: BOOT 0x000000007FEEFE12 000028 (v01 PTLTD  $SBFTBL$ 06040000  LTP 00000001)
[    0.000000] ACPI: APIC 0x000000007FEEFDC2 000050 (v01 PTLTD  ? APIC   06040000  LTP 00000000)
[    0.000000] ACPI: MCFG 0x000000007FEEFD86 00003C (v01 PTLTD  $PCITBL$ 06040000  LTP 00000001)
[    0.000000] ACPI: SRAT 0x000000007FEEFCF6 000090 (v02 VMWARE MEMPLUG  06040000 VMW  00000001)
[    0.000000] ACPI: WAET 0x000000007FEEFCCE 000028 (v01 VMWARE VMW WAET 06040000 VMW  00000001)
[    0.000000] ACPI: Local APIC address 0xfee00000
[    0.000000] SRAT: PXM 0 -> APIC 0x00 -> Node 0
[    0.000000] ACPI: SRAT: Node 0 PXM 0 [mem 0x00000000-0x0009ffff]
[    0.000000] ACPI: SRAT: Node 0 PXM 0 [mem 0x00100000-0x7fffffff]
[    0.000000] NUMA: Node 0 [mem 0x00000000-0x0009ffff] + [mem 0x00100000-0x7fffffff] -> [mem 0x00000000-0x7fffffff]
[    0.000000] NODE_DATA(0) allocated [mem 0x7fffc000-0x7fffffff]
[    0.000000] tsc: Fast TSC calibration using PIT
[    0.000000] Zone ranges:
[    0.000000]   DMA      [mem 0x0000000000001000-0x0000000000ffffff]
[    0.000000]   DMA32    [mem 0x0000000001000000-0x000000007fffffff]
[    0.000000]   Normal   empty
[    0.000000] Movable zone start for each node
[    0.000000] Early memory node ranges
[    0.000000]   node   0: [mem 0x0000000000001000-0x000000000009efff]
[    0.000000]   node   0: [mem 0x0000000000100000-0x000000007fedffff]
[    0.000000]   node   0: [mem 0x000000007ff00000-0x000000007fffffff]
[    0.000000] Initmem setup node 0 [mem 0x0000000000001000-0x000000007fffffff]
[    0.000000] On node 0 totalpages: 524158
[    0.000000]   DMA zone: 64 pages used for memmap
[    0.000000]   DMA zone: 21 pages reserved
[    0.000000]   DMA zone: 3998 pages, LIFO batch:0
[    0.000000]   DMA32 zone: 8128 pages used for memmap
[    0.000000]   DMA32 zone: 520160 pages, LIFO batch:31
[    0.000000] Reserved but unavailable: 98 pages
[    0.000000] ACPI: PM-Timer IO Port: 0x1008
[    0.000000] ACPI: Local APIC address 0xfee00000
[    0.000000] ACPI: LAPIC_NMI (acpi_id[0x00] high edge lint[0x1])
[    0.000000] IOAPIC[0]: apic_id 1, version 17, address 0xfec00000, GSI 0-23
[    0.000000] ACPI: INT_SRC_OVR (bus 0 bus_irq 0 global_irq 2 high edge)
[    0.000000] ACPI: IRQ0 used by override.
[    0.000000] ACPI: IRQ9 used by override.
[    0.000000] Using ACPI (MADT) for SMP configuration information
[    0.000000] smpboot: Allowing 1 CPUs, 0 hotplug CPUs
[    0.000000] PM: Registered nosave memory: [mem 0x00000000-0x00000fff]
[    0.000000] PM: Registered nosave memory: [mem 0x0009f000-0x0009ffff]
[    0.000000] PM: Registered nosave memory: [mem 0x000a0000-0x000dbfff]
[    0.000000] PM: Registered nosave memory: [mem 0x000dc000-0x000fffff]
[    0.000000] PM: Registered nosave memory: [mem 0x7fee0000-0x7fefefff]
[    0.000000] PM: Registered nosave memory: [mem 0x7feff000-0x7fefffff]
[    0.000000] e820: [mem 0x80000000-0xefffffff] available for PCI devices
[    0.000000] clocksource: refined-jiffies: mask: 0xffffffff max_cycles: 0xffffffff, max_idle_ns: 1910969940391419 ns
[    0.000000] setup_percpu: NR_CPUS:64 nr_cpumask_bits:64 nr_cpu_ids:1 nr_node_ids:1
[    0.000000] percpu: Embedded 43 pages/cpu @        (ptrval) s137432 r8192 d30504 u2097152
[    0.000000] pcpu-alloc: s137432 r8192 d30504 u2097152 alloc=1*2097152
[    0.000000] pcpu-alloc: [0] 0 
[    0.000000] Built 1 zonelists, mobility grouping on.  Total pages: 515945
[    0.000000] Policy zone: DMA32
[    0.000000] Kernel command line: BOOT_IMAGE=/vmlinuz-4.17.0-rc1 root=/dev/sda1 ro
[    0.000000] Calgary: detecting Calgary via BIOS EBDA area
[    0.000000] Calgary: Unable to locate Rio Grande table in EBDA - bailing!
[    0.000000] Memory: 2037744K/2096632K available (12300K kernel code, 1291K rwdata, 3096K rodata, 1228K init, 612K bss, 58888K reserved, 0K cma-reserved)
[    0.000000] SLUB: HWalign=64, Order=0-3, MinObjects=0, CPUs=1, Nodes=1
[    0.000000] Kernel/User page tables isolation: enabled
[    0.000000] Hierarchical RCU implementation.
[    0.000000] 	RCU event tracing is enabled.
[    0.000000] 	RCU restricting CPUs from NR_CPUS=64 to nr_cpu_ids=1.
[    0.000000] RCU: Adjusting geometry for rcu_fanout_leaf=16, nr_cpu_ids=1
[    0.000000] NR_IRQS: 4352, nr_irqs: 256, preallocated irqs: 16
[    0.000000] Console: colour VGA+ 80x25
[    0.000000] console [tty0] enabled
[    0.000000] ACPI: Core revision 20180313
[    0.000000] APIC: Switch to symmetric I/O mode setup
[    0.000000] ..TIMER: vector=0x30 apic1=0 pin1=2 apic2=-1 pin2=-1
[    0.005000] tsc: Fast TSC calibration using PIT
[    0.006000] tsc: Detected 2892.221 MHz processor
[    0.006000] clocksource: tsc-early: mask: 0xffffffffffffffff max_cycles: 0x29b08eb45f0, max_idle_ns: 440795320582 ns
[    0.006000] Calibrating delay loop (skipped), value calculated using timer frequency.. 5784.44 BogoMIPS (lpj=2892221)
[    0.006000] pid_max: default: 32768 minimum: 301
[    0.006000] Security Framework initialized
[    0.006000] SELinux:  Initializing.
[    0.006000] SELinux:  Starting in permissive mode
[    0.007017] Dentry cache hash table entries: 262144 (order: 9, 2097152 bytes)
[    0.007033] Inode-cache hash table entries: 131072 (order: 8, 1048576 bytes)
[    0.007054] Mount-cache hash table entries: 4096 (order: 3, 32768 bytes)
[    0.007070] Mountpoint-cache hash table entries: 4096 (order: 3, 32768 bytes)
[    0.007186] Disabled fast string operations
[    0.007201] CPU: Physical Processor ID: 0
[    0.007217] mce: CPU supports 8 MCE banks
[    0.007233] Last level iTLB entries: 4KB 512, 2MB 8, 4MB 8
[    0.007248] Last level dTLB entries: 4KB 512, 2MB 32, 4MB 32, 1GB 0
[    0.007264] Spectre V2 : Mitigation: Full generic retpoline
[    0.016017] Freeing SMP alternatives memory: 36K
[    0.016135] TSC deadline timer enabled
[    0.016145] smpboot: CPU0: Intel(R) Core(TM) i5-3470S CPU @ 2.90GHz (family: 0x6, model: 0x3a, stepping: 0x9)
[    0.016325] Performance Events: IvyBridge events, core PMU driver.
[    0.016458] core: CPUID marked event: 'cpu cycles' unavailable
[    0.016513] core: CPUID marked event: 'instructions' unavailable
[    0.016569] core: CPUID marked event: 'bus cycles' unavailable
[    0.016624] core: CPUID marked event: 'cache references' unavailable
[    0.016681] core: CPUID marked event: 'cache misses' unavailable
[    0.016737] core: CPUID marked event: 'branch instructions' unavailable
[    0.016796] core: CPUID marked event: 'branch misses' unavailable
[    0.016854] ... version:                1
[    0.016899] ... bit width:              48
[    0.016945] ... generic registers:      8
[    0.016990] ... value mask:             0000ffffffffffff
[    0.017000] ... max period:             000000007fffffff
[    0.017000] ... fixed-purpose events:   0
[    0.017000] ... event mask:             00000000000000ff
[    0.017046] Hierarchical SRCU implementation.
[    0.017155] smp: Bringing up secondary CPUs ...
[    0.017170] smp: Brought up 1 node, 1 CPU
[    0.017186] smpboot: Max logical packages: 1
[    0.017201] smpboot: Total of 1 processors activated (5784.44 BogoMIPS)
[    0.017324] devtmpfs: initialized
[    0.017438] PM: Registering ACPI NVS region [mem 0x7feff000-0x7fefffff] (4096 bytes)
[    0.017483] clocksource: jiffies: mask: 0xffffffff max_cycles: 0xffffffff, max_idle_ns: 1911260446275000 ns
[    0.017499] futex hash table entries: 256 (order: 2, 16384 bytes)
[    0.017545] RTC time:  1:56:12, date: 04/19/18
[    0.017642] NET: Registered protocol family 16
[    0.017712] audit: initializing netlink subsys (disabled)
[    0.017888] cpuidle: using governor menu
[    0.017903] Simple Boot Flag at 0x36 set to 0x80
[    0.017919] ACPI: bus type PCI registered
[    0.018031] PCI: MMCONFIG for domain 0000 [bus 00-7f] at [mem 0xf0000000-0xf7ffffff] (base 0xf0000000)
[    0.018047] PCI: MMCONFIG at [mem 0xf0000000-0xf7ffffff] reserved in E820
[    0.018062] PCI: Using configuration type 1 for base access
[    0.018093] core: PMU erratum BJ122, BV98, HSD29 workaround disabled, HT off
[    0.021024] audit: type=2000 audit(1524102972.017:1): state=initialized audit_enabled=0 res=1
[    0.021075] kworker/u2:1 (100) used greatest stack depth: 14696 bytes left
[    0.021134] kworker/u2:1 (82) used greatest stack depth: 14248 bytes left
[    0.029196] HugeTLB registered 2.00 MiB page size, pre-allocated 0 pages
[    0.029333] ACPI: Added _OSI(Module Device)
[    0.029348] ACPI: Added _OSI(Processor Device)
[    0.029363] ACPI: Added _OSI(3.0 _SCP Extensions)
[    0.029379] ACPI: Added _OSI(Processor Aggregator Device)
[    0.029394] ACPI: Added _OSI(Linux-Dell-Video)
[    0.032048] ACPI: 1 ACPI AML tables successfully acquired and loaded
[    0.033074] ACPI: [Firmware Bug]: BIOS _OSI(Linux) query ignored
[    0.034103] ACPI: Interpreter enabled
[    0.034118] ACPI: (supports S0 S1 S4 S5)
[    0.034134] ACPI: Using IOAPIC for interrupt routing
[    0.034170] PCI: Using host bridge windows from ACPI; if necessary, use "pci=nocrs" and report a bug
[    0.034185] ACPI: Enabled 4 GPEs in block 00 to 0F
[    0.054108] ACPI: PCI Root Bridge [PCI0] (domain 0000 [bus 00-7f])
[    0.054123] acpi PNP0A03:00: _OSC: OS supports [ExtendedConfig ASPM ClockPM Segments MSI]
[    0.054139] acpi PNP0A03:00: _OSC: platform does not support [AER]
[    0.054154] acpi PNP0A03:00: _OSC: OS now controls [PCIeHotplug PME PCIeCapability]
[    0.055102] PCI host bridge to bus 0000:00
[    0.055117] pci_bus 0000:00: root bus resource [mem 0x000a0000-0x000bffff window]
[    0.055133] pci_bus 0000:00: root bus resource [mem 0x000cc000-0x000cffff window]
[    0.055148] pci_bus 0000:00: root bus resource [mem 0x000d0000-0x000d3fff window]
[    0.055164] pci_bus 0000:00: root bus resource [mem 0x000d4000-0x000d7fff window]
[    0.055179] pci_bus 0000:00: root bus resource [mem 0x000d8000-0x000dbfff window]
[    0.055194] pci_bus 0000:00: root bus resource [mem 0x80000000-0xfebfffff window]
[    0.055210] pci_bus 0000:00: root bus resource [io  0x0000-0x0cf7 window]
[    0.055225] pci_bus 0000:00: root bus resource [io  0x0d00-0xfeff window]
[    0.055241] pci_bus 0000:00: root bus resource [bus 00-7f]
[    0.055256] pci 0000:00:00.0: [8086:7190] type 00 class 0x060000
[    0.056079] pci 0000:00:01.0: [8086:7191] type 01 class 0x060400
[    0.056151] pci 0000:00:07.0: [8086:7110] type 00 class 0x060100
[    0.057067] pci 0000:00:07.1: [8086:7111] type 00 class 0x01018a
[    0.058020] pci 0000:00:07.1: reg 0x20: [io  0x1060-0x106f]
[    0.058035] pci 0000:00:07.1: legacy IDE quirk: reg 0x10: [io  0x01f0-0x01f7]
[    0.058051] pci 0000:00:07.1: legacy IDE quirk: reg 0x14: [io  0x03f6]
[    0.058066] pci 0000:00:07.1: legacy IDE quirk: reg 0x18: [io  0x0170-0x0177]
[    0.058082] pci 0000:00:07.1: legacy IDE quirk: reg 0x1c: [io  0x0376]
[    0.058199] pci 0000:00:07.3: [8086:7113] type 00 class 0x068000
[    0.059050] pci 0000:00:07.3: quirk: [io  0x1000-0x103f] claimed by PIIX4 ACPI
[    0.059065] pci 0000:00:07.3: quirk: [io  0x1040-0x104f] claimed by PIIX4 SMB
[    0.059125] pci 0000:00:07.7: [15ad:0740] type 00 class 0x088000
[    0.059141] pci 0000:00:07.7: reg 0x10: [io  0x1080-0x10bf]
[    0.059156] pci 0000:00:07.7: reg 0x14: [mem 0xfebfe000-0xfebfffff 64bit]
[    0.060110] pci 0000:00:0f.0: [15ad:0405] type 00 class 0x030000
[    0.061016] pci 0000:00:0f.0: reg 0x10: [io  0x1070-0x107f]
[    0.062006] pci 0000:00:0f.0: reg 0x14: [mem 0xe8000000-0xefffffff pref]
[    0.063006] pci 0000:00:0f.0: reg 0x18: [mem 0xfe000000-0xfe7fffff]
[    0.067006] pci 0000:00:0f.0: reg 0x30: [mem 0x00000000-0x00007fff pref]
[    0.067121] pci 0000:00:11.0: [15ad:0790] type 01 class 0x060401
[    0.067173] pci 0000:00:15.0: [15ad:07a0] type 01 class 0x060400
[    0.067189] pci 0000:00:15.0: PME# supported from D0 D3hot D3cold
[    0.067249] pci 0000:00:15.1: [15ad:07a0] type 01 class 0x060400
[    0.068019] pci 0000:00:15.1: PME# supported from D0 D3hot D3cold
[    0.068090] pci 0000:00:15.2: [15ad:07a0] type 01 class 0x060400
[    0.068106] pci 0000:00:15.2: PME# supported from D0 D3hot D3cold
[    0.068173] pci 0000:00:15.3: [15ad:07a0] type 01 class 0x060400
[    0.069019] pci 0000:00:15.3: PME# supported from D0 D3hot D3cold
[    0.069299] pci 0000:00:15.4: [15ad:07a0] type 01 class 0x060400
[    0.070023] pci 0000:00:15.4: PME# supported from D0 D3hot D3cold
[    0.070101] pci 0000:00:15.5: [15ad:07a0] type 01 class 0x060400
[    0.070116] pci 0000:00:15.5: PME# supported from D0 D3hot D3cold
[    0.070186] pci 0000:00:15.6: [15ad:07a0] type 01 class 0x060400
[    0.071010] pci 0000:00:15.6: PME# supported from D0 D3hot D3cold
[    0.071097] pci 0000:00:15.7: [15ad:07a0] type 01 class 0x060400
[    0.071113] pci 0000:00:15.7: PME# supported from D0 D3hot D3cold
[    0.071166] pci 0000:00:16.0: [15ad:07a0] type 01 class 0x060400
[    0.072008] pci 0000:00:16.0: PME# supported from D0 D3hot D3cold
[    0.072098] pci 0000:00:16.1: [15ad:07a0] type 01 class 0x060400
[    0.072113] pci 0000:00:16.1: PME# supported from D0 D3hot D3cold
[    0.072167] pci 0000:00:16.2: [15ad:07a0] type 01 class 0x060400
[    0.073008] pci 0000:00:16.2: PME# supported from D0 D3hot D3cold
[    0.073093] pci 0000:00:16.3: [15ad:07a0] type 01 class 0x060400
[    0.073109] pci 0000:00:16.3: PME# supported from D0 D3hot D3cold
[    0.073164] pci 0000:00:16.4: [15ad:07a0] type 01 class 0x060400
[    0.074009] pci 0000:00:16.4: PME# supported from D0 D3hot D3cold
[    0.074094] pci 0000:00:16.5: [15ad:07a0] type 01 class 0x060400
[    0.074109] pci 0000:00:16.5: PME# supported from D0 D3hot D3cold
[    0.074191] pci 0000:00:16.6: [15ad:07a0] type 01 class 0x060400
[    0.075023] pci 0000:00:16.6: PME# supported from D0 D3hot D3cold
[    0.075117] pci 0000:00:16.7: [15ad:07a0] type 01 class 0x060400
[    0.075132] pci 0000:00:16.7: PME# supported from D0 D3hot D3cold
[    0.075197] pci 0000:00:17.0: [15ad:07a0] type 01 class 0x060400
[    0.076022] pci 0000:00:17.0: PME# supported from D0 D3hot D3cold
[    0.076116] pci 0000:00:17.1: [15ad:07a0] type 01 class 0x060400
[    0.077024] pci 0000:00:17.1: PME# supported from D0 D3hot D3cold
[    0.077124] pci 0000:00:17.2: [15ad:07a0] type 01 class 0x060400
[    0.078023] pci 0000:00:17.2: PME# supported from D0 D3hot D3cold
[    0.078107] pci 0000:00:17.3: [15ad:07a0] type 01 class 0x060400
[    0.079011] pci 0000:00:17.3: PME# supported from D0 D3hot D3cold
[    0.079100] pci 0000:00:17.4: [15ad:07a0] type 01 class 0x060400
[    0.080020] pci 0000:00:17.4: PME# supported from D0 D3hot D3cold
[    0.080102] pci 0000:00:17.5: [15ad:07a0] type 01 class 0x060400
[    0.080117] pci 0000:00:17.5: PME# supported from D0 D3hot D3cold
[    0.080184] pci 0000:00:17.6: [15ad:07a0] type 01 class 0x060400
[    0.081020] pci 0000:00:17.6: PME# supported from D0 D3hot D3cold
[    0.081109] pci 0000:00:17.7: [15ad:07a0] type 01 class 0x060400
[    0.081124] pci 0000:00:17.7: PME# supported from D0 D3hot D3cold
[    0.081179] pci 0000:00:18.0: [15ad:07a0] type 01 class 0x060400
[    0.081194] pci 0000:00:18.0: PME# supported from D0 D3hot D3cold
[    0.081254] pci 0000:00:18.1: [15ad:07a0] type 01 class 0x060400
[    0.082019] pci 0000:00:18.1: PME# supported from D0 D3hot D3cold
[    0.082119] pci 0000:00:18.2: [15ad:07a0] type 01 class 0x060400
[    0.083020] pci 0000:00:18.2: PME# supported from D0 D3hot D3cold
[    0.083129] pci 0000:00:18.3: [15ad:07a0] type 01 class 0x060400
[    0.084020] pci 0000:00:18.3: PME# supported from D0 D3hot D3cold
[    0.084104] pci 0000:00:18.4: [15ad:07a0] type 01 class 0x060400
[    0.084120] pci 0000:00:18.4: PME# supported from D0 D3hot D3cold
[    0.084174] pci 0000:00:18.5: [15ad:07a0] type 01 class 0x060400
[    0.085032] pci 0000:00:18.5: PME# supported from D0 D3hot D3cold
[    0.085136] pci 0000:00:18.6: [15ad:07a0] type 01 class 0x060400
[    0.085152] pci 0000:00:18.6: PME# supported from D0 D3hot D3cold
[    0.085210] pci 0000:00:18.7: [15ad:07a0] type 01 class 0x060400
[    0.086020] pci 0000:00:18.7: PME# supported from D0 D3hot D3cold
[    0.086156] pci 0000:00:01.0: PCI bridge to [bus 01]
[    0.086203] pci 0000:02:00.0: [15ad:0774] type 00 class 0x0c0300
[    0.087022] pci 0000:02:00.0: reg 0x20: [io  0x2040-0x205f]
[    0.087162] pci 0000:02:01.0: [8086:100f] type 00 class 0x020000
[    0.088013] pci 0000:02:01.0: reg 0x10: [mem 0xfd5c0000-0xfd5dffff 64bit]
[    0.088029] pci 0000:02:01.0: reg 0x18: [mem 0xfdff0000-0xfdffffff 64bit]
[    0.088044] pci 0000:02:01.0: reg 0x20: [io  0x2000-0x203f]
[    0.089018] pci 0000:02:01.0: reg 0x30: [mem 0x00000000-0x0000ffff pref]
[    0.089096] pci 0000:02:01.0: PME# supported from D0 D3hot D3cold
[    0.089155] pci 0000:02:03.0: [15ad:07e0] type 00 class 0x010601
[    0.091006] pci 0000:02:03.0: reg 0x24: [mem 0xfd5ef000-0xfd5effff]
[    0.091021] pci 0000:02:03.0: reg 0x30: [mem 0x00000000-0x0000ffff pref]
[    0.091063] pci 0000:02:03.0: PME# supported from D3hot
[    0.091121] pci 0000:00:11.0: PCI bridge to [bus 02] (subtractive decode)
[    0.091137] pci 0000:00:11.0:   bridge window [io  0x2000-0x3fff]
[    0.091152] pci 0000:00:11.0:   bridge window [mem 0xfd500000-0xfdffffff]
[    0.091168] pci 0000:00:11.0:   bridge window [mem 0xe7b00000-0xe7ffffff 64bit pref]
[    0.091170] pci 0000:00:11.0:   bridge window [mem 0x000a0000-0x000bffff window] (subtractive decode)
[    0.091172] pci 0000:00:11.0:   bridge window [mem 0x000cc000-0x000cffff window] (subtractive decode)
[    0.091173] pci 0000:00:11.0:   bridge window [mem 0x000d0000-0x000d3fff window] (subtractive decode)
[    0.091174] pci 0000:00:11.0:   bridge window [mem 0x000d4000-0x000d7fff window] (subtractive decode)
[    0.091176] pci 0000:00:11.0:   bridge window [mem 0x000d8000-0x000dbfff window] (subtractive decode)
[    0.091177] pci 0000:00:11.0:   bridge window [mem 0x80000000-0xfebfffff window] (subtractive decode)
[    0.091179] pci 0000:00:11.0:   bridge window [io  0x0000-0x0cf7 window] (subtractive decode)
[    0.091180] pci 0000:00:11.0:   bridge window [io  0x0d00-0xfeff window] (subtractive decode)
[    0.091251] pci 0000:00:15.0: PCI bridge to [bus 03]
[    0.091266] pci 0000:00:15.0:   bridge window [io  0x4000-0x4fff]
[    0.091282] pci 0000:00:15.0:   bridge window [mem 0xfd400000-0xfd4fffff]
[    0.091297] pci 0000:00:15.0:   bridge window [mem 0xe7a00000-0xe7afffff 64bit pref]
[    0.091360] pci 0000:00:15.1: PCI bridge to [bus 04]
[    0.091376] pci 0000:00:15.1:   bridge window [io  0x8000-0x8fff]
[    0.091391] pci 0000:00:15.1:   bridge window [mem 0xfd000000-0xfd0fffff]
[    0.091407] pci 0000:00:15.1:   bridge window [mem 0xe7600000-0xe76fffff 64bit pref]
[    0.091452] pci 0000:00:15.2: PCI bridge to [bus 05]
[    0.091467] pci 0000:00:15.2:   bridge window [io  0xc000-0xcfff]
[    0.091482] pci 0000:00:15.2:   bridge window [mem 0xfcc00000-0xfccfffff]
[    0.091498] pci 0000:00:15.2:   bridge window [mem 0xe7200000-0xe72fffff 64bit pref]
[    0.091551] pci 0000:00:15.3: PCI bridge to [bus 06]
[    0.091567] pci 0000:00:15.3:   bridge window [mem 0xfc800000-0xfc8fffff]
[    0.091582] pci 0000:00:15.3:   bridge window [mem 0xe6e00000-0xe6efffff 64bit pref]
[    0.091627] pci 0000:00:15.4: PCI bridge to [bus 07]
[    0.091643] pci 0000:00:15.4:   bridge window [mem 0xfc400000-0xfc4fffff]
[    0.091658] pci 0000:00:15.4:   bridge window [mem 0xe6a00000-0xe6afffff 64bit pref]
[    0.091710] pci 0000:00:15.5: PCI bridge to [bus 08]
[    0.091726] pci 0000:00:15.5:   bridge window [mem 0xfc000000-0xfc0fffff]
[    0.091741] pci 0000:00:15.5:   bridge window [mem 0xe6600000-0xe66fffff 64bit pref]
[    0.092073] pci 0000:00:15.6: PCI bridge to [bus 09]
[    0.092089] pci 0000:00:15.6:   bridge window [mem 0xfbc00000-0xfbcfffff]
[    0.092104] pci 0000:00:15.6:   bridge window [mem 0xe6200000-0xe62fffff 64bit pref]
[    0.092156] pci 0000:00:15.7: PCI bridge to [bus 0a]
[    0.092172] pci 0000:00:15.7:   bridge window [mem 0xfb800000-0xfb8fffff]
[    0.092187] pci 0000:00:15.7:   bridge window [mem 0xe5e00000-0xe5efffff 64bit pref]
[    0.092233] pci 0000:00:16.0: PCI bridge to [bus 0b]
[    0.092248] pci 0000:00:16.0:   bridge window [io  0x5000-0x5fff]
[    0.092264] pci 0000:00:16.0:   bridge window [mem 0xfd300000-0xfd3fffff]
[    0.092279] pci 0000:00:16.0:   bridge window [mem 0xe7900000-0xe79fffff 64bit pref]
[    0.092347] pci 0000:00:16.1: PCI bridge to [bus 0c]
[    0.092362] pci 0000:00:16.1:   bridge window [io  0x9000-0x9fff]
[    0.092377] pci 0000:00:16.1:   bridge window [mem 0xfcf00000-0xfcffffff]
[    0.092393] pci 0000:00:16.1:   bridge window [mem 0xe7500000-0xe75fffff 64bit pref]
[    0.092439] pci 0000:00:16.2: PCI bridge to [bus 0d]
[    0.092454] pci 0000:00:16.2:   bridge window [io  0xd000-0xdfff]
[    0.092470] pci 0000:00:16.2:   bridge window [mem 0xfcb00000-0xfcbfffff]
[    0.092485] pci 0000:00:16.2:   bridge window [mem 0xe7100000-0xe71fffff 64bit pref]
[    0.092537] pci 0000:00:16.3: PCI bridge to [bus 0e]
[    0.092552] pci 0000:00:16.3:   bridge window [mem 0xfc700000-0xfc7fffff]
[    0.092568] pci 0000:00:16.3:   bridge window [mem 0xe6d00000-0xe6dfffff 64bit pref]
[    0.092614] pci 0000:00:16.4: PCI bridge to [bus 0f]
[    0.092629] pci 0000:00:16.4:   bridge window [mem 0xfc300000-0xfc3fffff]
[    0.092644] pci 0000:00:16.4:   bridge window [mem 0xe6900000-0xe69fffff 64bit pref]
[    0.092697] pci 0000:00:16.5: PCI bridge to [bus 10]
[    0.092712] pci 0000:00:16.5:   bridge window [mem 0xfbf00000-0xfbffffff]
[    0.092728] pci 0000:00:16.5:   bridge window [mem 0xe6500000-0xe65fffff 64bit pref]
[    0.093062] pci 0000:00:16.6: PCI bridge to [bus 11]
[    0.093077] pci 0000:00:16.6:   bridge window [mem 0xfbb00000-0xfbbfffff]
[    0.093093] pci 0000:00:16.6:   bridge window [mem 0xe6100000-0xe61fffff 64bit pref]
[    0.093147] pci 0000:00:16.7: PCI bridge to [bus 12]
[    0.093162] pci 0000:00:16.7:   bridge window [mem 0xfb700000-0xfb7fffff]
[    0.093178] pci 0000:00:16.7:   bridge window [mem 0xe5d00000-0xe5dfffff 64bit pref]
[    0.093223] pci 0000:00:17.0: PCI bridge to [bus 13]
[    0.093239] pci 0000:00:17.0:   bridge window [io  0x6000-0x6fff]
[    0.093254] pci 0000:00:17.0:   bridge window [mem 0xfd200000-0xfd2fffff]
[    0.093269] pci 0000:00:17.0:   bridge window [mem 0xe7800000-0xe78fffff 64bit pref]
[    0.093343] pci 0000:00:17.1: PCI bridge to [bus 14]
[    0.093358] pci 0000:00:17.1:   bridge window [io  0xa000-0xafff]
[    0.093374] pci 0000:00:17.1:   bridge window [mem 0xfce00000-0xfcefffff]
[    0.093389] pci 0000:00:17.1:   bridge window [mem 0xe7400000-0xe74fffff 64bit pref]
[    0.093436] pci 0000:00:17.2: PCI bridge to [bus 15]
[    0.093452] pci 0000:00:17.2:   bridge window [io  0xe000-0xefff]
[    0.093467] pci 0000:00:17.2:   bridge window [mem 0xfca00000-0xfcafffff]
[    0.093483] pci 0000:00:17.2:   bridge window [mem 0xe7000000-0xe70fffff 64bit pref]
[    0.093535] pci 0000:00:17.3: PCI bridge to [bus 16]
[    0.093550] pci 0000:00:17.3:   bridge window [mem 0xfc600000-0xfc6fffff]
[    0.093565] pci 0000:00:17.3:   bridge window [mem 0xe6c00000-0xe6cfffff 64bit pref]
[    0.093611] pci 0000:00:17.4: PCI bridge to [bus 17]
[    0.093626] pci 0000:00:17.4:   bridge window [mem 0xfc200000-0xfc2fffff]
[    0.093642] pci 0000:00:17.4:   bridge window [mem 0xe6800000-0xe68fffff 64bit pref]
[    0.093719] pci 0000:00:17.5: PCI bridge to [bus 18]
[    0.093735] pci 0000:00:17.5:   bridge window [mem 0xfbe00000-0xfbefffff]
[    0.093750] pci 0000:00:17.5:   bridge window [mem 0xe6400000-0xe64fffff 64bit pref]
[    0.094334] pci 0000:00:17.6: PCI bridge to [bus 19]
[    0.094349] pci 0000:00:17.6:   bridge window [mem 0xfba00000-0xfbafffff]
[    0.094365] pci 0000:00:17.6:   bridge window [mem 0xe6000000-0xe60fffff 64bit pref]
[    0.094413] pci 0000:00:17.7: PCI bridge to [bus 1a]
[    0.094429] pci 0000:00:17.7:   bridge window [mem 0xfb600000-0xfb6fffff]
[    0.094444] pci 0000:00:17.7:   bridge window [mem 0xe5c00000-0xe5cfffff 64bit pref]
[    0.094488] pci 0000:00:18.0: PCI bridge to [bus 1b]
[    0.094504] pci 0000:00:18.0:   bridge window [io  0x7000-0x7fff]
[    0.094519] pci 0000:00:18.0:   bridge window [mem 0xfd100000-0xfd1fffff]
[    0.094534] pci 0000:00:18.0:   bridge window [mem 0xe7700000-0xe77fffff 64bit pref]
[    0.094599] pci 0000:00:18.1: PCI bridge to [bus 1c]
[    0.094615] pci 0000:00:18.1:   bridge window [io  0xb000-0xbfff]
[    0.094630] pci 0000:00:18.1:   bridge window [mem 0xfcd00000-0xfcdfffff]
[    0.094645] pci 0000:00:18.1:   bridge window [mem 0xe7300000-0xe73fffff 64bit pref]
[    0.094690] pci 0000:00:18.2: PCI bridge to [bus 1d]
[    0.094706] pci 0000:00:18.2:   bridge window [mem 0xfc900000-0xfc9fffff]
[    0.094721] pci 0000:00:18.2:   bridge window [mem 0xe6f00000-0xe6ffffff 64bit pref]
[    0.095066] pci 0000:00:18.3: PCI bridge to [bus 1e]
[    0.095081] pci 0000:00:18.3:   bridge window [mem 0xfc500000-0xfc5fffff]
[    0.095097] pci 0000:00:18.3:   bridge window [mem 0xe6b00000-0xe6bfffff 64bit pref]
[    0.095142] pci 0000:00:18.4: PCI bridge to [bus 1f]
[    0.095157] pci 0000:00:18.4:   bridge window [mem 0xfc100000-0xfc1fffff]
[    0.095173] pci 0000:00:18.4:   bridge window [mem 0xe6700000-0xe67fffff 64bit pref]
[    0.095224] pci 0000:00:18.5: PCI bridge to [bus 20]
[    0.095239] pci 0000:00:18.5:   bridge window [mem 0xfbd00000-0xfbdfffff]
[    0.095254] pci 0000:00:18.5:   bridge window [mem 0xe6300000-0xe63fffff 64bit pref]
[    0.095300] pci 0000:00:18.6: PCI bridge to [bus 21]
[    0.095315] pci 0000:00:18.6:   bridge window [mem 0xfb900000-0xfb9fffff]
[    0.095331] pci 0000:00:18.6:   bridge window [mem 0xe5f00000-0xe5ffffff 64bit pref]
[    0.095383] pci 0000:00:18.7: PCI bridge to [bus 22]
[    0.095398] pci 0000:00:18.7:   bridge window [mem 0xfb500000-0xfb5fffff]
[    0.095414] pci 0000:00:18.7:   bridge window [mem 0xe5b00000-0xe5bfffff 64bit pref]
[    0.098251] ACPI: PCI Interrupt Link [LNKA] (IRQs 3 4 5 6 7 *9 10 11 14 15)
[    0.098266] ACPI: PCI Interrupt Link [LNKB] (IRQs 3 4 5 6 *7 9 10 11 14 15)
[    0.098282] ACPI: PCI Interrupt Link [LNKC] (IRQs 3 4 5 6 7 9 10 *11 14 15)
[    0.098297] ACPI: PCI Interrupt Link [LNKD] (IRQs 3 4 5 6 7 9 *10 11 14 15)
[    0.103215] pci 0000:00:0f.0: vgaarb: setting as boot VGA device
[    0.103230] pci 0000:00:0f.0: vgaarb: VGA device added: decodes=io+mem,owns=io+mem,locks=none
[    0.103245] pci 0000:00:0f.0: vgaarb: bridge control possible
[    0.103261] vgaarb: loaded
[    0.103356] SCSI subsystem initialized
[    0.103487] libata version 3.00 loaded.
[    0.103564] ACPI: bus type USB registered
[    0.103623] usbcore: registered new interface driver usbfs
[    0.103653] usbcore: registered new interface driver hub
[    0.103677] usbcore: registered new device driver usb
[    0.103759] pps_core: LinuxPPS API ver. 1 registered
[    0.103775] pps_core: Software ver. 5.3.6 - Copyright 2005-2007 Rodolfo Giometti <giometti@linux.it>
[    0.103802] PTP clock support registered
[    0.103969] EDAC MC: Ver: 3.0.0
[    0.105317] Advanced Linux Sound Architecture Driver Initialized.
[    0.105362] PCI: Using ACPI for IRQ routing
[    0.138017] PCI: pci_cache_line_size set to 64 bytes
[    0.139017] e820: reserve RAM buffer [mem 0x0009f400-0x0009ffff]
[    0.139021] e820: reserve RAM buffer [mem 0x7fee0000-0x7fffffff]
[    0.139193] NetLabel: Initializing
[    0.139209] NetLabel:  domain hash size = 128
[    0.139224] NetLabel:  protocols = UNLABELED CIPSOv4 CALIPSO
[    0.139240] NetLabel:  unlabeled traffic allowed by default
[    0.139337] clocksource: Switched to clocksource tsc-early
[    0.147455] VFS: Disk quotas dquot_6.6.0
[    0.147470] VFS: Dquot-cache hash table entries: 512 (order 0, 4096 bytes)
[    0.147525] pnp: PnP ACPI init
[    0.147630] system 00:00: [io  0x1000-0x103f] has been reserved
[    0.147645] system 00:00: [io  0x1040-0x104f] has been reserved
[    0.147661] system 00:00: [io  0x0cf0-0x0cf1] has been reserved
[    0.147695] system 00:00: Plug and Play ACPI device, IDs PNP0c02 (active)
[    0.147730] pnp 00:01: Plug and Play ACPI device, IDs PNP0b00 (active)
[    0.147760] pnp 00:02: Plug and Play ACPI device, IDs PNP0303 (active)
[    0.147790] pnp 00:03: Plug and Play ACPI device, IDs VMW0003 PNP0f13 (active)
[    0.148740] system 00:04: [io  0xfce0-0xfcff] has been reserved
[    0.148755] system 00:04: [mem 0xf0000000-0xf7ffffff] has been reserved
[    0.148771] system 00:04: [mem 0xfe800000-0xfe9fffff] has been reserved
[    0.148803] system 00:04: Plug and Play ACPI device, IDs PNP0c02 (active)
[    0.153093] pnp: PnP ACPI: found 5 devices
[    0.160067] clocksource: acpi_pm: mask: 0xffffff max_cycles: 0xffffff, max_idle_ns: 2085701024 ns
[    0.161196] pci 0000:00:15.3: bridge window [io  0x1000-0x0fff] to [bus 06] add_size 1000
[    0.161212] pci 0000:00:15.4: bridge window [io  0x1000-0x0fff] to [bus 07] add_size 1000
[    0.161227] pci 0000:00:15.5: bridge window [io  0x1000-0x0fff] to [bus 08] add_size 1000
[    0.161243] pci 0000:00:15.6: bridge window [io  0x1000-0x0fff] to [bus 09] add_size 1000
[    0.161258] pci 0000:00:15.7: bridge window [io  0x1000-0x0fff] to [bus 0a] add_size 1000
[    0.161273] pci 0000:00:16.3: bridge window [io  0x1000-0x0fff] to [bus 0e] add_size 1000
[    0.161289] pci 0000:00:16.4: bridge window [io  0x1000-0x0fff] to [bus 0f] add_size 1000
[    0.161304] pci 0000:00:16.5: bridge window [io  0x1000-0x0fff] to [bus 10] add_size 1000
[    0.161320] pci 0000:00:16.6: bridge window [io  0x1000-0x0fff] to [bus 11] add_size 1000
[    0.161335] pci 0000:00:16.7: bridge window [io  0x1000-0x0fff] to [bus 12] add_size 1000
[    0.161350] pci 0000:00:17.3: bridge window [io  0x1000-0x0fff] to [bus 16] add_size 1000
[    0.161366] pci 0000:00:17.4: bridge window [io  0x1000-0x0fff] to [bus 17] add_size 1000
[    0.161381] pci 0000:00:17.5: bridge window [io  0x1000-0x0fff] to [bus 18] add_size 1000
[    0.161397] pci 0000:00:17.6: bridge window [io  0x1000-0x0fff] to [bus 19] add_size 1000
[    0.161412] pci 0000:00:17.7: bridge window [io  0x1000-0x0fff] to [bus 1a] add_size 1000
[    0.161427] pci 0000:00:18.2: bridge window [io  0x1000-0x0fff] to [bus 1d] add_size 1000
[    0.161443] pci 0000:00:18.3: bridge window [io  0x1000-0x0fff] to [bus 1e] add_size 1000
[    0.161458] pci 0000:00:18.4: bridge window [io  0x1000-0x0fff] to [bus 1f] add_size 1000
[    0.161474] pci 0000:00:18.5: bridge window [io  0x1000-0x0fff] to [bus 20] add_size 1000
[    0.161489] pci 0000:00:18.6: bridge window [io  0x1000-0x0fff] to [bus 21] add_size 1000
[    0.161505] pci 0000:00:18.7: bridge window [io  0x1000-0x0fff] to [bus 22] add_size 1000
[    0.161518] pci 0000:00:0f.0: BAR 6: assigned [mem 0x80000000-0x80007fff pref]
[    0.161533] pci 0000:00:15.3: BAR 7: no space for [io  size 0x1000]
[    0.161549] pci 0000:00:15.3: BAR 7: failed to assign [io  size 0x1000]
[    0.161564] pci 0000:00:15.4: BAR 7: no space for [io  size 0x1000]
[    0.161580] pci 0000:00:15.4: BAR 7: failed to assign [io  size 0x1000]
[    0.161595] pci 0000:00:15.5: BAR 7: no space for [io  size 0x1000]
[    0.161611] pci 0000:00:15.5: BAR 7: failed to assign [io  size 0x1000]
[    0.161626] pci 0000:00:15.6: BAR 7: no space for [io  size 0x1000]
[    0.161641] pci 0000:00:15.6: BAR 7: failed to assign [io  size 0x1000]
[    0.161657] pci 0000:00:15.7: BAR 7: no space for [io  size 0x1000]
[    0.161672] pci 0000:00:15.7: BAR 7: failed to assign [io  size 0x1000]
[    0.161688] pci 0000:00:16.3: BAR 7: no space for [io  size 0x1000]
[    0.161703] pci 0000:00:16.3: BAR 7: failed to assign [io  size 0x1000]
[    0.161718] pci 0000:00:16.4: BAR 7: no space for [io  size 0x1000]
[    0.161734] pci 0000:00:16.4: BAR 7: failed to assign [io  size 0x1000]
[    0.161749] pci 0000:00:16.5: BAR 7: no space for [io  size 0x1000]
[    0.161765] pci 0000:00:16.5: BAR 7: failed to assign [io  size 0x1000]
[    0.161780] pci 0000:00:16.6: BAR 7: no space for [io  size 0x1000]
[    0.161795] pci 0000:00:16.6: BAR 7: failed to assign [io  size 0x1000]
[    0.161811] pci 0000:00:16.7: BAR 7: no space for [io  size 0x1000]
[    0.161826] pci 0000:00:16.7: BAR 7: failed to assign [io  size 0x1000]
[    0.161842] pci 0000:00:17.3: BAR 7: no space for [io  size 0x1000]
[    0.161857] pci 0000:00:17.3: BAR 7: failed to assign [io  size 0x1000]
[    0.161873] pci 0000:00:17.4: BAR 7: no space for [io  size 0x1000]
[    0.161888] pci 0000:00:17.4: BAR 7: failed to assign [io  size 0x1000]
[    0.161903] pci 0000:00:17.5: BAR 7: no space for [io  size 0x1000]
[    0.161919] pci 0000:00:17.5: BAR 7: failed to assign [io  size 0x1000]
[    0.161934] pci 0000:00:17.6: BAR 7: no space for [io  size 0x1000]
[    0.161950] pci 0000:00:17.6: BAR 7: failed to assign [io  size 0x1000]
[    0.162018] pci 0000:00:17.7: BAR 7: no space for [io  size 0x1000]
[    0.162034] pci 0000:00:17.7: BAR 7: failed to assign [io  size 0x1000]
[    0.162049] pci 0000:00:18.2: BAR 7: no space for [io  size 0x1000]
[    0.162064] pci 0000:00:18.2: BAR 7: failed to assign [io  size 0x1000]
[    0.162080] pci 0000:00:18.3: BAR 7: no space for [io  size 0x1000]
[    0.162095] pci 0000:00:18.3: BAR 7: failed to assign [io  size 0x1000]
[    0.162111] pci 0000:00:18.4: BAR 7: no space for [io  size 0x1000]
[    0.162126] pci 0000:00:18.4: BAR 7: failed to assign [io  size 0x1000]
[    0.162141] pci 0000:00:18.5: BAR 7: no space for [io  size 0x1000]
[    0.162157] pci 0000:00:18.5: BAR 7: failed to assign [io  size 0x1000]
[    0.162172] pci 0000:00:18.6: BAR 7: no space for [io  size 0x1000]
[    0.162188] pci 0000:00:18.6: BAR 7: failed to assign [io  size 0x1000]
[    0.162203] pci 0000:00:18.7: BAR 7: no space for [io  size 0x1000]
[    0.162219] pci 0000:00:18.7: BAR 7: failed to assign [io  size 0x1000]
[    0.162234] pci 0000:00:18.7: BAR 7: no space for [io  size 0x1000]
[    0.162249] pci 0000:00:18.7: BAR 7: failed to assign [io  size 0x1000]
[    0.162265] pci 0000:00:18.6: BAR 7: no space for [io  size 0x1000]
[    0.162280] pci 0000:00:18.6: BAR 7: failed to assign [io  size 0x1000]
[    0.162296] pci 0000:00:18.5: BAR 7: no space for [io  size 0x1000]
[    0.162311] pci 0000:00:18.5: BAR 7: failed to assign [io  size 0x1000]
[    0.162326] pci 0000:00:18.4: BAR 7: no space for [io  size 0x1000]
[    0.162342] pci 0000:00:18.4: BAR 7: failed to assign [io  size 0x1000]
[    0.162357] pci 0000:00:18.3: BAR 7: no space for [io  size 0x1000]
[    0.162373] pci 0000:00:18.3: BAR 7: failed to assign [io  size 0x1000]
[    0.162388] pci 0000:00:18.2: BAR 7: no space for [io  size 0x1000]
[    0.162404] pci 0000:00:18.2: BAR 7: failed to assign [io  size 0x1000]
[    0.162419] pci 0000:00:17.7: BAR 7: no space for [io  size 0x1000]
[    0.162434] pci 0000:00:17.7: BAR 7: failed to assign [io  size 0x1000]
[    0.162450] pci 0000:00:17.6: BAR 7: no space for [io  size 0x1000]
[    0.162465] pci 0000:00:17.6: BAR 7: failed to assign [io  size 0x1000]
[    0.162481] pci 0000:00:17.5: BAR 7: no space for [io  size 0x1000]
[    0.162496] pci 0000:00:17.5: BAR 7: failed to assign [io  size 0x1000]
[    0.162511] pci 0000:00:17.4: BAR 7: no space for [io  size 0x1000]
[    0.162527] pci 0000:00:17.4: BAR 7: failed to assign [io  size 0x1000]
[    0.162542] pci 0000:00:17.3: BAR 7: no space for [io  size 0x1000]
[    0.162558] pci 0000:00:17.3: BAR 7: failed to assign [io  size 0x1000]
[    0.162573] pci 0000:00:16.7: BAR 7: no space for [io  size 0x1000]
[    0.162589] pci 0000:00:16.7: BAR 7: failed to assign [io  size 0x1000]
[    0.162604] pci 0000:00:16.6: BAR 7: no space for [io  size 0x1000]
[    0.162619] pci 0000:00:16.6: BAR 7: failed to assign [io  size 0x1000]
[    0.162635] pci 0000:00:16.5: BAR 7: no space for [io  size 0x1000]
[    0.162650] pci 0000:00:16.5: BAR 7: failed to assign [io  size 0x1000]
[    0.162666] pci 0000:00:16.4: BAR 7: no space for [io  size 0x1000]
[    0.162681] pci 0000:00:16.4: BAR 7: failed to assign [io  size 0x1000]
[    0.162696] pci 0000:00:16.3: BAR 7: no space for [io  size 0x1000]
[    0.162712] pci 0000:00:16.3: BAR 7: failed to assign [io  size 0x1000]
[    0.162727] pci 0000:00:15.7: BAR 7: no space for [io  size 0x1000]
[    0.162743] pci 0000:00:15.7: BAR 7: failed to assign [io  size 0x1000]
[    0.162758] pci 0000:00:15.6: BAR 7: no space for [io  size 0x1000]
[    0.162773] pci 0000:00:15.6: BAR 7: failed to assign [io  size 0x1000]
[    0.162789] pci 0000:00:15.5: BAR 7: no space for [io  size 0x1000]
[    0.162804] pci 0000:00:15.5: BAR 7: failed to assign [io  size 0x1000]
[    0.162820] pci 0000:00:15.4: BAR 7: no space for [io  size 0x1000]
[    0.162835] pci 0000:00:15.4: BAR 7: failed to assign [io  size 0x1000]
[    0.162851] pci 0000:00:15.3: BAR 7: no space for [io  size 0x1000]
[    0.163018] pci 0000:00:15.3: BAR 7: failed to assign [io  size 0x1000]
[    0.163034] pci 0000:00:01.0: PCI bridge to [bus 01]
[    0.163073] pci 0000:02:01.0: BAR 6: assigned [mem 0xfd500000-0xfd50ffff pref]
[    0.163089] pci 0000:02:03.0: BAR 6: assigned [mem 0xfd510000-0xfd51ffff pref]
[    0.163104] pci 0000:00:11.0: PCI bridge to [bus 02]
[    0.163120] pci 0000:00:11.0:   bridge window [io  0x2000-0x3fff]
[    0.163135] pci 0000:00:11.0:   bridge window [mem 0xfd500000-0xfdffffff]
[    0.163151] pci 0000:00:11.0:   bridge window [mem 0xe7b00000-0xe7ffffff 64bit pref]
[    0.163166] pci 0000:00:15.0: PCI bridge to [bus 03]
[    0.163181] pci 0000:00:15.0:   bridge window [io  0x4000-0x4fff]
[    0.163197] pci 0000:00:15.0:   bridge window [mem 0xfd400000-0xfd4fffff]
[    0.163212] pci 0000:00:15.0:   bridge window [mem 0xe7a00000-0xe7afffff 64bit pref]
[    0.163228] pci 0000:00:15.1: PCI bridge to [bus 04]
[    0.163243] pci 0000:00:15.1:   bridge window [io  0x8000-0x8fff]
[    0.163258] pci 0000:00:15.1:   bridge window [mem 0xfd000000-0xfd0fffff]
[    0.163274] pci 0000:00:15.1:   bridge window [mem 0xe7600000-0xe76fffff 64bit pref]
[    0.163289] pci 0000:00:15.2: PCI bridge to [bus 05]
[    0.163305] pci 0000:00:15.2:   bridge window [io  0xc000-0xcfff]
[    0.163320] pci 0000:00:15.2:   bridge window [mem 0xfcc00000-0xfccfffff]
[    0.163336] pci 0000:00:15.2:   bridge window [mem 0xe7200000-0xe72fffff 64bit pref]
[    0.163351] pci 0000:00:15.3: PCI bridge to [bus 06]
[    0.163366] pci 0000:00:15.3:   bridge window [mem 0xfc800000-0xfc8fffff]
[    0.163382] pci 0000:00:15.3:   bridge window [mem 0xe6e00000-0xe6efffff 64bit pref]
[    0.163397] pci 0000:00:15.4: PCI bridge to [bus 07]
[    0.163413] pci 0000:00:15.4:   bridge window [mem 0xfc400000-0xfc4fffff]
[    0.163428] pci 0000:00:15.4:   bridge window [mem 0xe6a00000-0xe6afffff 64bit pref]
[    0.163443] pci 0000:00:15.5: PCI bridge to [bus 08]
[    0.163459] pci 0000:00:15.5:   bridge window [mem 0xfc000000-0xfc0fffff]
[    0.163474] pci 0000:00:15.5:   bridge window [mem 0xe6600000-0xe66fffff 64bit pref]
[    0.163490] pci 0000:00:15.6: PCI bridge to [bus 09]
[    0.163505] pci 0000:00:15.6:   bridge window [mem 0xfbc00000-0xfbcfffff]
[    0.163521] pci 0000:00:15.6:   bridge window [mem 0xe6200000-0xe62fffff 64bit pref]
[    0.163536] pci 0000:00:15.7: PCI bridge to [bus 0a]
[    0.163551] pci 0000:00:15.7:   bridge window [mem 0xfb800000-0xfb8fffff]
[    0.163567] pci 0000:00:15.7:   bridge window [mem 0xe5e00000-0xe5efffff 64bit pref]
[    0.163582] pci 0000:00:16.0: PCI bridge to [bus 0b]
[    0.163598] pci 0000:00:16.0:   bridge window [io  0x5000-0x5fff]
[    0.163613] pci 0000:00:16.0:   bridge window [mem 0xfd300000-0xfd3fffff]
[    0.163628] pci 0000:00:16.0:   bridge window [mem 0xe7900000-0xe79fffff 64bit pref]
[    0.163644] pci 0000:00:16.1: PCI bridge to [bus 0c]
[    0.163659] pci 0000:00:16.1:   bridge window [io  0x9000-0x9fff]
[    0.163675] pci 0000:00:16.1:   bridge window [mem 0xfcf00000-0xfcffffff]
[    0.163690] pci 0000:00:16.1:   bridge window [mem 0xe7500000-0xe75fffff 64bit pref]
[    0.163706] pci 0000:00:16.2: PCI bridge to [bus 0d]
[    0.163721] pci 0000:00:16.2:   bridge window [io  0xd000-0xdfff]
[    0.163736] pci 0000:00:16.2:   bridge window [mem 0xfcb00000-0xfcbfffff]
[    0.163752] pci 0000:00:16.2:   bridge window [mem 0xe7100000-0xe71fffff 64bit pref]
[    0.163767] pci 0000:00:16.3: PCI bridge to [bus 0e]
[    0.163783] pci 0000:00:16.3:   bridge window [mem 0xfc700000-0xfc7fffff]
[    0.163798] pci 0000:00:16.3:   bridge window [mem 0xe6d00000-0xe6dfffff 64bit pref]
[    0.163813] pci 0000:00:16.4: PCI bridge to [bus 0f]
[    0.163829] pci 0000:00:16.4:   bridge window [mem 0xfc300000-0xfc3fffff]
[    0.163844] pci 0000:00:16.4:   bridge window [mem 0xe6900000-0xe69fffff 64bit pref]
[    0.163860] pci 0000:00:16.5: PCI bridge to [bus 10]
[    0.163875] pci 0000:00:16.5:   bridge window [mem 0xfbf00000-0xfbffffff]
[    0.163890] pci 0000:00:16.5:   bridge window [mem 0xe6500000-0xe65fffff 64bit pref]
[    0.164033] pci 0000:00:16.6: PCI bridge to [bus 11]
[    0.164049] pci 0000:00:16.6:   bridge window [mem 0xfbb00000-0xfbbfffff]
[    0.164064] pci 0000:00:16.6:   bridge window [mem 0xe6100000-0xe61fffff 64bit pref]
[    0.164079] pci 0000:00:16.7: PCI bridge to [bus 12]
[    0.164095] pci 0000:00:16.7:   bridge window [mem 0xfb700000-0xfb7fffff]
[    0.164110] pci 0000:00:16.7:   bridge window [mem 0xe5d00000-0xe5dfffff 64bit pref]
[    0.164126] pci 0000:00:17.0: PCI bridge to [bus 13]
[    0.164141] pci 0000:00:17.0:   bridge window [io  0x6000-0x6fff]
[    0.164156] pci 0000:00:17.0:   bridge window [mem 0xfd200000-0xfd2fffff]
[    0.164172] pci 0000:00:17.0:   bridge window [mem 0xe7800000-0xe78fffff 64bit pref]
[    0.164187] pci 0000:00:17.1: PCI bridge to [bus 14]
[    0.164203] pci 0000:00:17.1:   bridge window [io  0xa000-0xafff]
[    0.164218] pci 0000:00:17.1:   bridge window [mem 0xfce00000-0xfcefffff]
[    0.164234] pci 0000:00:17.1:   bridge window [mem 0xe7400000-0xe74fffff 64bit pref]
[    0.164249] pci 0000:00:17.2: PCI bridge to [bus 15]
[    0.164264] pci 0000:00:17.2:   bridge window [io  0xe000-0xefff]
[    0.164280] pci 0000:00:17.2:   bridge window [mem 0xfca00000-0xfcafffff]
[    0.164295] pci 0000:00:17.2:   bridge window [mem 0xe7000000-0xe70fffff 64bit pref]
[    0.164311] pci 0000:00:17.3: PCI bridge to [bus 16]
[    0.164326] pci 0000:00:17.3:   bridge window [mem 0xfc600000-0xfc6fffff]
[    0.164341] pci 0000:00:17.3:   bridge window [mem 0xe6c00000-0xe6cfffff 64bit pref]
[    0.164357] pci 0000:00:17.4: PCI bridge to [bus 17]
[    0.164372] pci 0000:00:17.4:   bridge window [mem 0xfc200000-0xfc2fffff]
[    0.164388] pci 0000:00:17.4:   bridge window [mem 0xe6800000-0xe68fffff 64bit pref]
[    0.164403] pci 0000:00:17.5: PCI bridge to [bus 18]
[    0.164419] pci 0000:00:17.5:   bridge window [mem 0xfbe00000-0xfbefffff]
[    0.164434] pci 0000:00:17.5:   bridge window [mem 0xe6400000-0xe64fffff 64bit pref]
[    0.164449] pci 0000:00:17.6: PCI bridge to [bus 19]
[    0.164465] pci 0000:00:17.6:   bridge window [mem 0xfba00000-0xfbafffff]
[    0.164480] pci 0000:00:17.6:   bridge window [mem 0xe6000000-0xe60fffff 64bit pref]
[    0.164496] pci 0000:00:17.7: PCI bridge to [bus 1a]
[    0.164511] pci 0000:00:17.7:   bridge window [mem 0xfb600000-0xfb6fffff]
[    0.164526] pci 0000:00:17.7:   bridge window [mem 0xe5c00000-0xe5cfffff 64bit pref]
[    0.164542] pci 0000:00:18.0: PCI bridge to [bus 1b]
[    0.164557] pci 0000:00:18.0:   bridge window [io  0x7000-0x7fff]
[    0.164573] pci 0000:00:18.0:   bridge window [mem 0xfd100000-0xfd1fffff]
[    0.164588] pci 0000:00:18.0:   bridge window [mem 0xe7700000-0xe77fffff 64bit pref]
[    0.164604] pci 0000:00:18.1: PCI bridge to [bus 1c]
[    0.164619] pci 0000:00:18.1:   bridge window [io  0xb000-0xbfff]
[    0.164634] pci 0000:00:18.1:   bridge window [mem 0xfcd00000-0xfcdfffff]
[    0.164650] pci 0000:00:18.1:   bridge window [mem 0xe7300000-0xe73fffff 64bit pref]
[    0.164665] pci 0000:00:18.2: PCI bridge to [bus 1d]
[    0.164681] pci 0000:00:18.2:   bridge window [mem 0xfc900000-0xfc9fffff]
[    0.164696] pci 0000:00:18.2:   bridge window [mem 0xe6f00000-0xe6ffffff 64bit pref]
[    0.164711] pci 0000:00:18.3: PCI bridge to [bus 1e]
[    0.164727] pci 0000:00:18.3:   bridge window [mem 0xfc500000-0xfc5fffff]
[    0.164742] pci 0000:00:18.3:   bridge window [mem 0xe6b00000-0xe6bfffff 64bit pref]
[    0.164758] pci 0000:00:18.4: PCI bridge to [bus 1f]
[    0.164773] pci 0000:00:18.4:   bridge window [mem 0xfc100000-0xfc1fffff]
[    0.164788] pci 0000:00:18.4:   bridge window [mem 0xe6700000-0xe67fffff 64bit pref]
[    0.164804] pci 0000:00:18.5: PCI bridge to [bus 20]
[    0.164819] pci 0000:00:18.5:   bridge window [mem 0xfbd00000-0xfbdfffff]
[    0.164835] pci 0000:00:18.5:   bridge window [mem 0xe6300000-0xe63fffff 64bit pref]
[    0.164850] pci 0000:00:18.6: PCI bridge to [bus 21]
[    0.164866] pci 0000:00:18.6:   bridge window [mem 0xfb900000-0xfb9fffff]
[    0.164881] pci 0000:00:18.6:   bridge window [mem 0xe5f00000-0xe5ffffff 64bit pref]
[    0.165017] pci 0000:00:18.7: PCI bridge to [bus 22]
[    0.165033] pci 0000:00:18.7:   bridge window [mem 0xfb500000-0xfb5fffff]
[    0.165048] pci 0000:00:18.7:   bridge window [mem 0xe5b00000-0xe5bfffff 64bit pref]
[    0.165064] pci_bus 0000:00: resource 4 [mem 0x000a0000-0x000bffff window]
[    0.165066] pci_bus 0000:00: resource 5 [mem 0x000cc000-0x000cffff window]
[    0.165067] pci_bus 0000:00: resource 6 [mem 0x000d0000-0x000d3fff window]
[    0.165069] pci_bus 0000:00: resource 7 [mem 0x000d4000-0x000d7fff window]
[    0.165071] pci_bus 0000:00: resource 8 [mem 0x000d8000-0x000dbfff window]
[    0.165072] pci_bus 0000:00: resource 9 [mem 0x80000000-0xfebfffff window]
[    0.165074] pci_bus 0000:00: resource 10 [io  0x0000-0x0cf7 window]
[    0.165076] pci_bus 0000:00: resource 11 [io  0x0d00-0xfeff window]
[    0.165078] pci_bus 0000:02: resource 0 [io  0x2000-0x3fff]
[    0.165080] pci_bus 0000:02: resource 1 [mem 0xfd500000-0xfdffffff]
[    0.165089] pci_bus 0000:02: resource 2 [mem 0xe7b00000-0xe7ffffff 64bit pref]
[    0.165099] pci_bus 0000:02: resource 4 [mem 0x000a0000-0x000bffff window]
[    0.165101] pci_bus 0000:02: resource 5 [mem 0x000cc000-0x000cffff window]
[    0.165103] pci_bus 0000:02: resource 6 [mem 0x000d0000-0x000d3fff window]
[    0.165104] pci_bus 0000:02: resource 7 [mem 0x000d4000-0x000d7fff window]
[    0.165106] pci_bus 0000:02: resource 8 [mem 0x000d8000-0x000dbfff window]
[    0.165107] pci_bus 0000:02: resource 9 [mem 0x80000000-0xfebfffff window]
[    0.165109] pci_bus 0000:02: resource 10 [io  0x0000-0x0cf7 window]
[    0.165111] pci_bus 0000:02: resource 11 [io  0x0d00-0xfeff window]
[    0.165112] pci_bus 0000:03: resource 0 [io  0x4000-0x4fff]
[    0.165114] pci_bus 0000:03: resource 1 [mem 0xfd400000-0xfd4fffff]
[    0.165116] pci_bus 0000:03: resource 2 [mem 0xe7a00000-0xe7afffff 64bit pref]
[    0.165117] pci_bus 0000:04: resource 0 [io  0x8000-0x8fff]
[    0.165119] pci_bus 0000:04: resource 1 [mem 0xfd000000-0xfd0fffff]
[    0.165120] pci_bus 0000:04: resource 2 [mem 0xe7600000-0xe76fffff 64bit pref]
[    0.165122] pci_bus 0000:05: resource 0 [io  0xc000-0xcfff]
[    0.165124] pci_bus 0000:05: resource 1 [mem 0xfcc00000-0xfccfffff]
[    0.165125] pci_bus 0000:05: resource 2 [mem 0xe7200000-0xe72fffff 64bit pref]
[    0.165127] pci_bus 0000:06: resource 1 [mem 0xfc800000-0xfc8fffff]
[    0.165128] pci_bus 0000:06: resource 2 [mem 0xe6e00000-0xe6efffff 64bit pref]
[    0.165130] pci_bus 0000:07: resource 1 [mem 0xfc400000-0xfc4fffff]
[    0.165131] pci_bus 0000:07: resource 2 [mem 0xe6a00000-0xe6afffff 64bit pref]
[    0.165133] pci_bus 0000:08: resource 1 [mem 0xfc000000-0xfc0fffff]
[    0.165135] pci_bus 0000:08: resource 2 [mem 0xe6600000-0xe66fffff 64bit pref]
[    0.165136] pci_bus 0000:09: resource 1 [mem 0xfbc00000-0xfbcfffff]
[    0.165138] pci_bus 0000:09: resource 2 [mem 0xe6200000-0xe62fffff 64bit pref]
[    0.165139] pci_bus 0000:0a: resource 1 [mem 0xfb800000-0xfb8fffff]
[    0.165141] pci_bus 0000:0a: resource 2 [mem 0xe5e00000-0xe5efffff 64bit pref]
[    0.165142] pci_bus 0000:0b: resource 0 [io  0x5000-0x5fff]
[    0.165144] pci_bus 0000:0b: resource 1 [mem 0xfd300000-0xfd3fffff]
[    0.165145] pci_bus 0000:0b: resource 2 [mem 0xe7900000-0xe79fffff 64bit pref]
[    0.165147] pci_bus 0000:0c: resource 0 [io  0x9000-0x9fff]
[    0.165149] pci_bus 0000:0c: resource 1 [mem 0xfcf00000-0xfcffffff]
[    0.165150] pci_bus 0000:0c: resource 2 [mem 0xe7500000-0xe75fffff 64bit pref]
[    0.165152] pci_bus 0000:0d: resource 0 [io  0xd000-0xdfff]
[    0.165153] pci_bus 0000:0d: resource 1 [mem 0xfcb00000-0xfcbfffff]
[    0.165155] pci_bus 0000:0d: resource 2 [mem 0xe7100000-0xe71fffff 64bit pref]
[    0.165156] pci_bus 0000:0e: resource 1 [mem 0xfc700000-0xfc7fffff]
[    0.165158] pci_bus 0000:0e: resource 2 [mem 0xe6d00000-0xe6dfffff 64bit pref]
[    0.165159] pci_bus 0000:0f: resource 1 [mem 0xfc300000-0xfc3fffff]
[    0.165161] pci_bus 0000:0f: resource 2 [mem 0xe6900000-0xe69fffff 64bit pref]
[    0.165163] pci_bus 0000:10: resource 1 [mem 0xfbf00000-0xfbffffff]
[    0.165164] pci_bus 0000:10: resource 2 [mem 0xe6500000-0xe65fffff 64bit pref]
[    0.165166] pci_bus 0000:11: resource 1 [mem 0xfbb00000-0xfbbfffff]
[    0.165167] pci_bus 0000:11: resource 2 [mem 0xe6100000-0xe61fffff 64bit pref]
[    0.165169] pci_bus 0000:12: resource 1 [mem 0xfb700000-0xfb7fffff]
[    0.165171] pci_bus 0000:12: resource 2 [mem 0xe5d00000-0xe5dfffff 64bit pref]
[    0.165172] pci_bus 0000:13: resource 0 [io  0x6000-0x6fff]
[    0.165174] pci_bus 0000:13: resource 1 [mem 0xfd200000-0xfd2fffff]
[    0.165175] pci_bus 0000:13: resource 2 [mem 0xe7800000-0xe78fffff 64bit pref]
[    0.165177] pci_bus 0000:14: resource 0 [io  0xa000-0xafff]
[    0.165178] pci_bus 0000:14: resource 1 [mem 0xfce00000-0xfcefffff]
[    0.165180] pci_bus 0000:14: resource 2 [mem 0xe7400000-0xe74fffff 64bit pref]
[    0.165181] pci_bus 0000:15: resource 0 [io  0xe000-0xefff]
[    0.165183] pci_bus 0000:15: resource 1 [mem 0xfca00000-0xfcafffff]
[    0.165184] pci_bus 0000:15: resource 2 [mem 0xe7000000-0xe70fffff 64bit pref]
[    0.165186] pci_bus 0000:16: resource 1 [mem 0xfc600000-0xfc6fffff]
[    0.165188] pci_bus 0000:16: resource 2 [mem 0xe6c00000-0xe6cfffff 64bit pref]
[    0.165189] pci_bus 0000:17: resource 1 [mem 0xfc200000-0xfc2fffff]
[    0.165191] pci_bus 0000:17: resource 2 [mem 0xe6800000-0xe68fffff 64bit pref]
[    0.165192] pci_bus 0000:18: resource 1 [mem 0xfbe00000-0xfbefffff]
[    0.165194] pci_bus 0000:18: resource 2 [mem 0xe6400000-0xe64fffff 64bit pref]
[    0.165195] pci_bus 0000:19: resource 1 [mem 0xfba00000-0xfbafffff]
[    0.165197] pci_bus 0000:19: resource 2 [mem 0xe6000000-0xe60fffff 64bit pref]
[    0.165199] pci_bus 0000:1a: resource 1 [mem 0xfb600000-0xfb6fffff]
[    0.165200] pci_bus 0000:1a: resource 2 [mem 0xe5c00000-0xe5cfffff 64bit pref]
[    0.165202] pci_bus 0000:1b: resource 0 [io  0x7000-0x7fff]
[    0.165203] pci_bus 0000:1b: resource 1 [mem 0xfd100000-0xfd1fffff]
[    0.165205] pci_bus 0000:1b: resource 2 [mem 0xe7700000-0xe77fffff 64bit pref]
[    0.165206] pci_bus 0000:1c: resource 0 [io  0xb000-0xbfff]
[    0.165208] pci_bus 0000:1c: resource 1 [mem 0xfcd00000-0xfcdfffff]
[    0.165209] pci_bus 0000:1c: resource 2 [mem 0xe7300000-0xe73fffff 64bit pref]
[    0.165211] pci_bus 0000:1d: resource 1 [mem 0xfc900000-0xfc9fffff]
[    0.165212] pci_bus 0000:1d: resource 2 [mem 0xe6f00000-0xe6ffffff 64bit pref]
[    0.165214] pci_bus 0000:1e: resource 1 [mem 0xfc500000-0xfc5fffff]
[    0.165215] pci_bus 0000:1e: resource 2 [mem 0xe6b00000-0xe6bfffff 64bit pref]
[    0.165217] pci_bus 0000:1f: resource 1 [mem 0xfc100000-0xfc1fffff]
[    0.165218] pci_bus 0000:1f: resource 2 [mem 0xe6700000-0xe67fffff 64bit pref]
[    0.165220] pci_bus 0000:20: resource 1 [mem 0xfbd00000-0xfbdfffff]
[    0.165222] pci_bus 0000:20: resource 2 [mem 0xe6300000-0xe63fffff 64bit pref]
[    0.165223] pci_bus 0000:21: resource 1 [mem 0xfb900000-0xfb9fffff]
[    0.165225] pci_bus 0000:21: resource 2 [mem 0xe5f00000-0xe5ffffff 64bit pref]
[    0.165226] pci_bus 0000:22: resource 1 [mem 0xfb500000-0xfb5fffff]
[    0.165228] pci_bus 0000:22: resource 2 [mem 0xe5b00000-0xe5bfffff 64bit pref]
[    0.165254] NET: Registered protocol family 2
[    0.165336] tcp_listen_portaddr_hash hash table entries: 1024 (order: 2, 16384 bytes)
[    0.165351] TCP established hash table entries: 16384 (order: 5, 131072 bytes)
[    0.165367] TCP bind hash table entries: 16384 (order: 6, 262144 bytes)
[    0.165382] TCP: Hash tables configured (established 16384 bind 16384)
[    0.165418] UDP hash table entries: 1024 (order: 3, 32768 bytes)
[    0.165434] UDP-Lite hash table entries: 1024 (order: 3, 32768 bytes)
[    0.165457] NET: Registered protocol family 1
[    0.165556] RPC: Registered named UNIX socket transport module.
[    0.165571] RPC: Registered udp transport module.
[    0.165586] RPC: Registered tcp transport module.
[    0.165602] RPC: Registered tcp NFSv4.1 backchannel transport module.
[    0.165736] pci 0000:00:00.0: Limiting direct PCI/PCI transfers
[    0.165798] pci 0000:00:0f.0: Video device with shadowed ROM at [mem 0x000c0000-0x000dffff]
[    0.166254] PCI: CLS mismatch (32 != 64), using 64 bytes
[    0.166283] RAPL PMU: API unit is 2^-32 Joules, 3 fixed counters, 10737418240 ms ovfl timer
[    0.166299] RAPL PMU: hw unit of domain pp0-core 2^-0 Joules
[    0.166314] RAPL PMU: hw unit of domain package 2^-0 Joules
[    0.166329] RAPL PMU: hw unit of domain pp1-gpu 2^-0 Joules
[    0.166523] Scanning for low memory corruption every 60 seconds
[    0.166760] Initialise system trusted keyrings
[    0.167192] workingset: timestamp_bits=56 max_order=19 bucket_order=0
[    0.170571] NFS: Registering the id_resolver key type
[    0.170586] Key type id_resolver registered
[    0.170602] Key type id_legacy registered
[    0.170714] SELinux:  Registering netfilter hooks
[    0.172542] Key type asymmetric registered
[    0.172558] Asymmetric key parser 'x509' registered
[    0.172590] Block layer SCSI generic (bsg) driver version 0.4 loaded (major 250)
[    0.172606] io scheduler noop registered
[    0.172621] io scheduler deadline registered
[    0.172658] io scheduler cfq registered (default)
[    0.172674] io scheduler mq-deadline registered
[    0.172689] io scheduler kyber registered
[    0.178505] pcieport 0000:00:15.0: Signaling PME with IRQ 24
[    0.178559] pcieport 0000:00:15.1: Signaling PME with IRQ 25
[    0.178606] pcieport 0000:00:15.2: Signaling PME with IRQ 26
[    0.178654] pcieport 0000:00:15.3: Signaling PME with IRQ 27
[    0.178700] pcieport 0000:00:15.4: Signaling PME with IRQ 28
[    0.178745] pcieport 0000:00:15.5: Signaling PME with IRQ 29
[    0.178794] pcieport 0000:00:15.6: Signaling PME with IRQ 30
[    0.180405] pcieport 0000:00:15.7: Signaling PME with IRQ 31
[    0.180454] pcieport 0000:00:16.0: Signaling PME with IRQ 32
[    0.180496] pcieport 0000:00:16.1: Signaling PME with IRQ 33
[    0.180546] pcieport 0000:00:16.2: Signaling PME with IRQ 34
[    0.180590] pcieport 0000:00:16.3: Signaling PME with IRQ 35
[    0.180650] pcieport 0000:00:16.4: Signaling PME with IRQ 36
[    0.180699] pcieport 0000:00:16.5: Signaling PME with IRQ 37
[    0.180744] pcieport 0000:00:16.6: Signaling PME with IRQ 38
[    0.180810] pcieport 0000:00:16.7: Signaling PME with IRQ 39
[    0.181024] pcieport 0000:00:17.0: Signaling PME with IRQ 40
[    0.181072] pcieport 0000:00:17.1: Signaling PME with IRQ 41
[    0.181117] pcieport 0000:00:17.2: Signaling PME with IRQ 42
[    0.181161] pcieport 0000:00:17.3: Signaling PME with IRQ 43
[    0.181211] pcieport 0000:00:17.4: Signaling PME with IRQ 44
[    0.181256] pcieport 0000:00:17.5: Signaling PME with IRQ 45
[    0.181305] pcieport 0000:00:17.6: Signaling PME with IRQ 46
[    0.181350] pcieport 0000:00:17.7: Signaling PME with IRQ 47
[    0.181400] pcieport 0000:00:18.0: Signaling PME with IRQ 48
[    0.181445] pcieport 0000:00:18.1: Signaling PME with IRQ 49
[    0.181490] pcieport 0000:00:18.2: Signaling PME with IRQ 50
[    0.181538] pcieport 0000:00:18.3: Signaling PME with IRQ 51
[    0.181584] pcieport 0000:00:18.4: Signaling PME with IRQ 52
[    0.181634] pcieport 0000:00:18.5: Signaling PME with IRQ 53
[    0.181679] pcieport 0000:00:18.6: Signaling PME with IRQ 54
[    0.181730] pcieport 0000:00:18.7: Signaling PME with IRQ 55
[    0.181894] ACPI: AC Adapter [ACAD] (on-line)
[    0.181988] input: Power Button as /devices/LNXSYSTM:00/LNXPWRBN:00/input/input0
[    0.182052] ACPI: Power Button [PWRF]
[    0.182842] Serial: 8250/16550 driver, 4 ports, IRQ sharing enabled
[    0.183288] Non-volatile memory driver v1.3
[    0.183331] Linux agpgart interface v0.103
[    0.183399] agpgart-intel 0000:00:00.0: Intel 440BX Chipset
[    0.183455] agpgart-intel 0000:00:00.0: AGP aperture is 256M @ 0x0
[    0.184724] loop: module loaded
[    0.184851] ahci 0000:02:03.0: version 3.0
[    0.185078] ahci 0000:02:03.0: AHCI 0001.0300 32 slots 30 ports 6 Gbps 0x3fffffff impl SATA mode
[    0.185093] ahci 0000:02:03.0: flags: 64bit ncq clo only 
[    0.189755] scsi host0: ahci
[    0.189904] scsi host1: ahci
[    0.190016] scsi host2: ahci
[    0.190127] scsi host3: ahci
[    0.190227] scsi host4: ahci
[    0.190348] scsi host5: ahci
[    0.190450] scsi host6: ahci
[    0.190550] scsi host7: ahci
[    0.190653] scsi host8: ahci
[    0.190752] scsi host9: ahci
[    0.190862] scsi host10: ahci
[    0.190964] scsi host11: ahci
[    0.191120] scsi host12: ahci
[    0.191220] scsi host13: ahci
[    0.191316] scsi host14: ahci
[    0.191418] scsi host15: ahci
[    0.191518] scsi host16: ahci
[    0.191623] scsi host17: ahci
[    0.191722] scsi host18: ahci
[    0.191821] scsi host19: ahci
[    0.191932] scsi host20: ahci
[    0.192137] scsi host21: ahci
[    0.192245] scsi host22: ahci
[    0.192343] scsi host23: ahci
[    0.192451] scsi host24: ahci
[    0.192586] scsi host25: ahci
[    0.192712] scsi host26: ahci
[    0.192836] scsi host27: ahci
[    0.192957] scsi host28: ahci
[    0.193178] scsi host29: ahci
[    0.193221] ata1: SATA max UDMA/133 abar m4096@0xfd5ef000 port 0xfd5ef100 irq 56
[    0.193237] ata2: SATA max UDMA/133 abar m4096@0xfd5ef000 port 0xfd5ef180 irq 56
[    0.193252] ata3: SATA max UDMA/133 abar m4096@0xfd5ef000 port 0xfd5ef200 irq 56
[    0.193268] ata4: SATA max UDMA/133 abar m4096@0xfd5ef000 port 0xfd5ef280 irq 56
[    0.193283] ata5: SATA max UDMA/133 abar m4096@0xfd5ef000 port 0xfd5ef300 irq 56
[    0.193298] ata6: SATA max UDMA/133 abar m4096@0xfd5ef000 port 0xfd5ef380 irq 56
[    0.193314] ata7: SATA max UDMA/133 abar m4096@0xfd5ef000 port 0xfd5ef400 irq 56
[    0.193329] ata8: SATA max UDMA/133 abar m4096@0xfd5ef000 port 0xfd5ef480 irq 56
[    0.193345] ata9: SATA max UDMA/133 abar m4096@0xfd5ef000 port 0xfd5ef500 irq 56
[    0.193360] ata10: SATA max UDMA/133 abar m4096@0xfd5ef000 port 0xfd5ef580 irq 56
[    0.193375] ata11: SATA max UDMA/133 abar m4096@0xfd5ef000 port 0xfd5ef600 irq 56
[    0.193391] ata12: SATA max UDMA/133 abar m4096@0xfd5ef000 port 0xfd5ef680 irq 56
[    0.193406] ata13: SATA max UDMA/133 abar m4096@0xfd5ef000 port 0xfd5ef700 irq 56
[    0.193422] ata14: SATA max UDMA/133 abar m4096@0xfd5ef000 port 0xfd5ef780 irq 56
[    0.193437] ata15: SATA max UDMA/133 abar m4096@0xfd5ef000 port 0xfd5ef800 irq 56
[    0.193453] ata16: SATA max UDMA/133 abar m4096@0xfd5ef000 port 0xfd5ef880 irq 56
[    0.193468] ata17: SATA max UDMA/133 abar m4096@0xfd5ef000 port 0xfd5ef900 irq 56
[    0.193483] ata18: SATA max UDMA/133 abar m4096@0xfd5ef000 port 0xfd5ef980 irq 56
[    0.193499] ata19: SATA max UDMA/133 abar m4096@0xfd5ef000 port 0xfd5efa00 irq 56
[    0.193514] ata20: SATA max UDMA/133 abar m4096@0xfd5ef000 port 0xfd5efa80 irq 56
[    0.193530] ata21: SATA max UDMA/133 abar m4096@0xfd5ef000 port 0xfd5efb00 irq 56
[    0.193545] ata22: SATA max UDMA/133 abar m4096@0xfd5ef000 port 0xfd5efb80 irq 56
[    0.193560] ata23: SATA max UDMA/133 abar m4096@0xfd5ef000 port 0xfd5efc00 irq 56
[    0.193576] ata24: SATA max UDMA/133 abar m4096@0xfd5ef000 port 0xfd5efc80 irq 56
[    0.193591] ata25: SATA max UDMA/133 abar m4096@0xfd5ef000 port 0xfd5efd00 irq 56
[    0.193607] ata26: SATA max UDMA/133 abar m4096@0xfd5ef000 port 0xfd5efd80 irq 56
[    0.193622] ata27: SATA max UDMA/133 abar m4096@0xfd5ef000 port 0xfd5efe00 irq 56
[    0.193638] ata28: SATA max UDMA/133 abar m4096@0xfd5ef000 port 0xfd5efe80 irq 56
[    0.193653] ata29: SATA max UDMA/133 abar m4096@0xfd5ef000 port 0xfd5eff00 irq 56
[    0.193668] ata30: SATA max UDMA/133 abar m4096@0xfd5ef000 port 0xfd5eff80 irq 56
[    0.193684] ata_piix 0000:00:07.1: version 2.13
[    0.194183] scsi host30: ata_piix
[    0.194359] scsi host31: ata_piix
[    0.194385] ata31: PATA max UDMA/33 cmd 0x1f0 ctl 0x3f6 bmdma 0x1060 irq 14
[    0.194401] ata32: PATA max UDMA/33 cmd 0x170 ctl 0x376 bmdma 0x1068 irq 15
[    0.194431] e100: Intel(R) PRO/100 Network Driver, 3.5.24-k2-NAPI
[    0.194447] e100: Copyright(c) 1999-2006 Intel Corporation
[    0.194476] e1000: Intel(R) PRO/1000 Network Driver - version 7.3.21-k8-NAPI
[    0.194491] e1000: Copyright (c) 1999-2006 Intel Corporation.
[    0.363350] ata32.00: ATAPI: VMware Virtual IDE CDROM Drive, 00000001, max UDMA/33
[    0.363576] ata32.00: configured for UDMA/33
[    0.522283] ata30: SATA link down (SStatus 0 SControl 300)
[    0.522318] ata29: SATA link down (SStatus 0 SControl 300)
[    0.522352] ata28: SATA link down (SStatus 0 SControl 300)
[    0.522378] ata27: SATA link down (SStatus 0 SControl 300)
[    0.522403] ata26: SATA link down (SStatus 0 SControl 300)
[    0.522429] ata25: SATA link down (SStatus 0 SControl 300)
[    0.522453] ata24: SATA link down (SStatus 0 SControl 300)
[    0.522478] ata23: SATA link down (SStatus 0 SControl 300)
[    0.522512] ata22: SATA link down (SStatus 0 SControl 300)
[    0.522537] ata21: SATA link down (SStatus 0 SControl 300)
[    0.522561] ata20: SATA link down (SStatus 0 SControl 300)
[    0.522585] ata19: SATA link down (SStatus 0 SControl 300)
[    0.522610] ata18: SATA link down (SStatus 0 SControl 300)
[    0.522633] ata17: SATA link down (SStatus 0 SControl 300)
[    0.522657] ata16: SATA link down (SStatus 0 SControl 300)
[    0.522681] ata15: SATA link down (SStatus 0 SControl 300)
[    0.522706] ata14: SATA link down (SStatus 0 SControl 300)
[    0.522738] ata13: SATA link down (SStatus 0 SControl 300)
[    0.522763] ata12: SATA link down (SStatus 0 SControl 300)
[    0.522787] ata11: SATA link down (SStatus 0 SControl 300)
[    0.522811] ata10: SATA link down (SStatus 0 SControl 300)
[    0.522835] ata9: SATA link down (SStatus 0 SControl 300)
[    0.522859] ata8: SATA link down (SStatus 0 SControl 300)
[    0.522883] ata7: SATA link down (SStatus 0 SControl 300)
[    0.522907] ata6: SATA link down (SStatus 0 SControl 300)
[    0.522932] ata5: SATA link down (SStatus 0 SControl 300)
[    0.522956] ata4: SATA link down (SStatus 0 SControl 300)
[    0.523030] ata3: SATA link down (SStatus 0 SControl 300)
[    0.523060] ata2: SATA link down (SStatus 0 SControl 300)
[    0.523087] ata1: SATA link up 6.0 Gbps (SStatus 133 SControl 300)
[    0.523113] ata1.00: ATA-6: VMware Virtual SATA Hard Drive, 00000001, max UDMA/100
[    0.523128] ata1.00: 41943040 sectors, multi 0: LBA48 NCQ (depth 31/32)
[    0.523167] ata1.00: configured for UDMA/100
[    0.523323] scsi 0:0:0:0: Direct-Access     ATA      VMware Virtual S 0001 PQ: 0 ANSI: 5
[    0.523568] sd 0:0:0:0: [sda] 41943040 512-byte logical blocks: (21.5 GB/20.0 GiB)
[    0.523593] sd 0:0:0:0: [sda] Write Protect is off
[    0.523608] sd 0:0:0:0: [sda] Mode Sense: 00 3a 00 00
[    0.523629] sd 0:0:0:0: [sda] Write cache: disabled, read cache: enabled, doesn't support DPO or FUA
[    0.523723] sd 0:0:0:0: Attached scsi generic sg0 type 0
[    0.524512] scsi 31:0:0:0: CD-ROM            NECVMWar VMware IDE CDR10 1.00 PQ: 0 ANSI: 5
[    0.524956]  sda: sda1 sda2 sda3
[    0.525304] sd 0:0:0:0: [sda] Attached SCSI disk
[    0.537247] sr 31:0:0:0: [sr0] scsi3-mmc drive: 1x/1x writer dvd-ram cd/rw xa/form2 cdda tray
[    0.537262] cdrom: Uniform CD-ROM driver Revision: 3.20
[    0.537360] sr 31:0:0:0: Attached scsi CD-ROM sr0
[    0.537501] sr 31:0:0:0: Attached scsi generic sg1 type 5
[    0.566547] e1000 0000:02:01.0 eth0: (PCI:66MHz:32-bit) 00:0c:29:5a:df:90
[    0.566566] e1000 0000:02:01.0 eth0: Intel(R) PRO/1000 Network Connection
[    0.566623] e1000e: Intel(R) PRO/1000 Network Driver - 3.2.6-k
[    0.566638] e1000e: Copyright(c) 1999 - 2015 Intel Corporation.
[    0.566678] sky2: driver version 1.30
[    0.566922] ehci_hcd: USB 2.0 'Enhanced' Host Controller (EHCI) Driver
[    0.566938] ehci-pci: EHCI PCI platform driver
[    0.567015] ohci_hcd: USB 1.1 'Open' Host Controller (OHCI) Driver
[    0.567042] ohci-pci: OHCI PCI platform driver
[    0.567059] uhci_hcd: USB Universal Host Controller Interface driver
[    0.567142] uhci_hcd 0000:02:00.0: UHCI Host Controller
[    0.567191] uhci_hcd 0000:02:00.0: new USB bus registered, assigned bus number 1
[    0.567227] uhci_hcd 0000:02:00.0: irq 18, io base 0x00002040
[    0.567299] usb usb1: New USB device found, idVendor=1d6b, idProduct=0001, bcdDevice= 4.17
[    0.567314] usb usb1: New USB device strings: Mfr=3, Product=2, SerialNumber=1
[    0.567330] usb usb1: Product: UHCI Host Controller
[    0.567345] usb usb1: Manufacturer: Linux 4.17.0-rc1-00021-ga27fc14219f2 uhci_hcd
[    0.567361] usb usb1: SerialNumber: 0000:02:00.0
[    0.567500] hub 1-0:1.0: USB hub found
[    0.567520] hub 1-0:1.0: 2 ports detected
[    0.567732] usbcore: registered new interface driver usblp
[    0.567767] usbcore: registered new interface driver usb-storage
[    0.567857] i8042: PNP: PS/2 Controller [PNP0303:KBC,PNP0f13:MOUS] at 0x60,0x64 irq 1,12
[    0.568357] serio: i8042 KBD port at 0x60,0x64 irq 1
[    0.568375] serio: i8042 AUX port at 0x60,0x64 irq 12
[    0.568814] rtc_cmos 00:01: registered as rtc0
[    0.568894] rtc_cmos 00:01: alarms up to one month, y3k, 114 bytes nvram
[    0.569345] device-mapper: ioctl: 4.39.0-ioctl (2018-04-03) initialised: dm-devel@redhat.com
[    0.569429] hidraw: raw HID events driver (C) Jiri Kosina
[    0.569618] input: AT Translated Set 2 keyboard as /devices/platform/i8042/serio0/input/input1
[    0.571225] usbcore: registered new interface driver usbhid
[    0.571240] usbhid: USB HID core driver
[    0.572443] Initializing XFRM netlink socket
[    0.572607] NET: Registered protocol family 10
[    0.572847] Segment Routing with IPv6
[    0.572900] sit: IPv6, IPv4 and MPLS over IPv4 tunneling driver
[    0.573035] NET: Registered protocol family 17
[    0.573058] Key type dns_resolver registered
[    0.573171] sched_clock: Marking stable (573006808, 0)->(568786891, 4219917)
[    0.573314] registered taskstats version 1
[    0.573329] Loading compiled-in X.509 certificates
[    0.573860]   Magic number: 14:408:913
[    0.574056] console [netcon0] enabled
[    0.574072] netconsole: network logging started
[    0.574127] cfg80211: Loading compiled-in X.509 certificates for regulatory database
[    0.574469] cfg80211: Loaded X.509 cert 'sforshee: 00b28ddf47aef9cea7'
[    0.574487] ALSA device list:
[    0.574503]   No soundcards found.
[    0.574530] platform regulatory.0: Direct firmware load for regulatory.db failed with error -2
[    0.574545] cfg80211: failed to load regulatory.db
[    0.779268] input: ImPS/2 Generic Wheel Mouse as /devices/platform/i8042/serio1/input/input3
[    0.779375] md: Waiting for all devices to be available before autodetect
[    0.779390] md: If you don't use raid, use raid=noautodetect
[    0.779498] md: Autodetecting RAID arrays.
[    0.779513] md: autorun ...
[    0.779529] md: ... autorun DONE.
[    0.808280] EXT4-fs (sda1): mounted filesystem with ordered data mode. Opts: (null)
[    0.808293] VFS: Mounted root (ext4 filesystem) readonly on device 8:1.
[    0.817560] devtmpfs: mounted
[    0.818027] Freeing unused kernel memory: 1228K
[    0.818040] Write protecting the kernel read-only data: 18432k
[    0.818068] Freeing unused kernel memory: 2004K
[    0.819029] Freeing unused kernel memory: 1000K
[    0.893024] usb 1-1: new full-speed USB device number 2 using uhci_hcd
[    1.019961] usb 1-1: New USB device found, idVendor=0e0f, idProduct=0003, bcdDevice= 1.02
[    1.020012] usb 1-1: New USB device strings: Mfr=1, Product=2, SerialNumber=0
[    1.020026] usb 1-1: Product: VMware Virtual USB Mouse
[    1.020039] usb 1-1: Manufacturer: VMware
[    1.026088] input: VMware VMware Virtual USB Mouse as /devices/pci0000:00/0000:00:11.0/0000:02:00.0/usb1/1-1/1-1:1.0/0003:0E0F:0003.0001/input/input4
[    1.026194] hid-generic 0003:0E0F:0003.0001: input,hidraw0: USB HID v1.10 Mouse [VMware VMware Virtual USB Mouse] on usb-0000:02:00.0-1/input0
[    1.028333] input: VMware VMware Virtual USB Mouse as /devices/pci0000:00/0000:00:11.0/0000:02:00.0/usb1/1-1/1-1:1.1/0003:0E0F:0003.0002/input/input5
[    1.028425] hid-generic 0003:0E0F:0003.0002: input,hidraw1: USB HID v1.10 Mouse [VMware VMware Virtual USB Mouse] on usb-0000:02:00.0-1/input1
[    1.072076] systemd[1]: RTC configured in localtime, applying delta of 120 minutes to system time.
[    1.091210] systemd[1]: systemd 237 running in system mode. (-PAM -AUDIT -SELINUX +IMA -APPARMOR +SMACK +SYSVINIT +UTMP -LIBCRYPTSETUP -GCRYPT -GNUTLS +ACL +XZ -LZ4 -SECCOMP +BLKID -ELFUTILS +KMOD -IDN2 -IDN -PCRE2 default-hierarchy=hybrid)
[    1.091224] systemd[1]: Detected virtualization vmware.
[    1.091237] systemd[1]: Detected architecture x86-64.
[    1.100091] systemd[1]: Set hostname to <ariard>.
[    1.128234] systemd-hiberna (1834) used greatest stack depth: 14024 bytes left
[    1.143045] usb 1-2: new full-speed USB device number 3 using uhci_hcd
[    1.147730] systemd-fstab-g (1831) used greatest stack depth: 14016 bytes left
[    1.184072] tsc: Refined TSC clocksource calibration: 2893.282 MHz
[    1.184089] clocksource: tsc: mask: 0xffffffffffffffff max_cycles: 0x29b478e661d, max_idle_ns: 440795325242 ns
[    1.184110] clocksource: Switched to clocksource tsc
[    1.184155] systemd[1]: File /lib/systemd/system/systemd-journald.service:35 configures an IP firewall (IPAddressDeny=any), but the local system does not support BPF/cgroup based firewalling.
[    1.184168] systemd[1]: Proceeding WITHOUT firewalling in effect! (This warning is only shown for the first loaded unit using IP firewalling.)
[    1.226326] systemd[1]: Created slice System Slice.
[    1.226425] systemd[1]: Created slice system-systemd\x2dfsck.slice.
[    1.226472] systemd[1]: Reached target Remote File Systems.
[    1.226582] systemd[1]: Created slice system-getty.slice.
[    1.261564] mount (1838) used greatest stack depth: 13840 bytes left
[    1.271579] usb 1-2: New USB device found, idVendor=0e0f, idProduct=0002, bcdDevice= 1.00
[    1.271593] usb 1-2: New USB device strings: Mfr=0, Product=1, SerialNumber=0
[    1.271606] usb 1-2: Product: VMware Virtual USB Hub
[    1.273489] hub 1-2:1.0: USB hub found
[    1.274410] hub 1-2:1.0: 7 ports detected
[    1.284652] random: crng init done
[    1.313794] udevadm (1842) used greatest stack depth: 13624 bytes left
[    1.356510] EXT4-fs (sda1): re-mounted. Opts: (null)
[    1.409076] systemd-journald[1841]: Received request to flush runtime journal from PID 1
[    1.767064] e1000 0000:02:01.0 enp2s1: renamed from eth0
[    1.788549] e1000: enp2s1 NIC Link is Up 1000 Mbps Full Duplex, Flow Control: None
[    1.796043] IPv6: ADDRCONF(NETDEV_UP): enp2s1: link is not ready
[    1.798042] IPv6: ADDRCONF(NETDEV_CHANGE): enp2s1: link becomes ready
[    1.808757] Adding 3668988k swap on /dev/sda3.  Priority:1 extents:1 across:3668988k 
[    1.866787] EXT4-fs (sda2): mounting ext2 file system using the ext4 subsystem
[    1.868874] EXT4-fs (sda2): mounted filesystem without journal. Opts: (null)
[   25.780116] git (3082) used greatest stack depth: 13424 bytes left
[   25.782102] git (3083) used greatest stack depth: 13240 bytes left
