Mar 16 00:09:47 ariard kernel: [ 4363.236930] kworker/dying (5988) used greatest stack depth: 12648 bytes left
Mar 16 00:13:36 ariard kernel: Kernel logging (proc) stopped.
Mar 16 00:13:36 ariard kernel: Kernel log daemon terminating.
Mar 16 00:14:06 ariard kernel: klogd 1.5.1, log source = /proc/kmsg started.
Mar 16 00:14:06 ariard kernel: Cannot find map file.
Mar 16 00:14:06 ariard kernel: Loaded 47807 symbols from 1 module.
Mar 16 00:14:06 ariard kernel: [    0.000000] Linux version 4.16.0-rc5-00080-ge2c15aff5f35 (little-penguin@ariard) (gcc version 7.2.0 (GCC)) #1 SMP Thu Mar 15 23:50:04 CET 2018
Mar 16 00:14:06 ariard kernel: [    0.000000] Command line: BOOT_IMAGE=/vmlinuz-4.16.0-ariard_00 root=/dev/sda5 ro
Mar 16 00:14:06 ariard kernel: [    0.000000] Disabled fast string operations
Mar 16 00:14:06 ariard kernel: [    0.000000] x86/fpu: Supporting XSAVE feature 0x001: 'x87 floating point registers'
Mar 16 00:14:06 ariard kernel: [    0.000000] x86/fpu: Supporting XSAVE feature 0x002: 'SSE registers'
Mar 16 00:14:06 ariard kernel: [    0.000000] x86/fpu: Supporting XSAVE feature 0x004: 'AVX registers'
Mar 16 00:14:06 ariard kernel: [    0.000000] x86/fpu: xstate_offset[2]:  576, xstate_sizes[2]:  256
Mar 16 00:14:06 ariard kernel: [    0.000000] x86/fpu: Enabled xstate features 0x7, context size is 832 bytes, using 'standard' format.
Mar 16 00:14:06 ariard kernel: [    0.000000] e820: BIOS-provided physical RAM map:
Mar 16 00:14:06 ariard kernel: [    0.000000] BIOS-e820: [mem 0x0000000000000000-0x000000000009f3ff] usable
Mar 16 00:14:06 ariard kernel: [    0.000000] BIOS-e820: [mem 0x000000000009f400-0x000000000009ffff] reserved
Mar 16 00:14:06 ariard kernel: [    0.000000] BIOS-e820: [mem 0x00000000000dc000-0x00000000000fffff] reserved
Mar 16 00:14:06 ariard kernel: [    0.000000] BIOS-e820: [mem 0x0000000000100000-0x000000007fedffff] usable
Mar 16 00:14:06 ariard kernel: [    0.000000] BIOS-e820: [mem 0x000000007fee0000-0x000000007fefefff] ACPI data
Mar 16 00:14:06 ariard kernel: [    0.000000] BIOS-e820: [mem 0x000000007feff000-0x000000007fefffff] ACPI NVS
Mar 16 00:14:06 ariard kernel: [    0.000000] BIOS-e820: [mem 0x000000007ff00000-0x000000007fffffff] usable
Mar 16 00:14:06 ariard kernel: [    0.000000] BIOS-e820: [mem 0x00000000f0000000-0x00000000f7ffffff] reserved
Mar 16 00:14:06 ariard kernel: [    0.000000] BIOS-e820: [mem 0x00000000fec00000-0x00000000fec0ffff] reserved
Mar 16 00:14:06 ariard kernel: [    0.000000] BIOS-e820: [mem 0x00000000fee00000-0x00000000fee00fff] reserved
Mar 16 00:14:06 ariard kernel: [    0.000000] BIOS-e820: [mem 0x00000000fffe0000-0x00000000ffffffff] reserved
Mar 16 00:14:06 ariard kernel: [    0.000000] NX (Execute Disable) protection: active
Mar 16 00:14:06 ariard kernel: [    0.000000] random: fast init done
Mar 16 00:14:06 ariard kernel: [    0.000000] SMBIOS 2.7 present.
Mar 16 00:14:06 ariard kernel: [    0.000000] DMI: VMware, Inc. VMware Virtual Platform/440BX Desktop Reference Platform, BIOS 6.00 05/19/2017
Mar 16 00:14:06 ariard kernel: [    0.000000] Hypervisor detected: VMware
Mar 16 00:14:06 ariard kernel: [    0.000000] vmware: TSC freq read from hypervisor : 2893.097 MHz
Mar 16 00:14:06 ariard kernel: [    0.000000] vmware: Host bus clock speed read from hypervisor : 66000000 Hz
Mar 16 00:14:06 ariard kernel: [    0.000000] vmware: using sched offset of 7469498984 ns
Mar 16 00:14:06 ariard kernel: [    0.000000] e820: update [mem 0x00000000-0x00000fff] usable ==> reserved
Mar 16 00:14:06 ariard kernel: [    0.000000] e820: remove [mem 0x000a0000-0x000fffff] usable
Mar 16 00:14:06 ariard kernel: [    0.000000] e820: last_pfn = 0x80000 max_arch_pfn = 0x400000000
Mar 16 00:14:06 ariard kernel: [    0.000000] MTRR default type: uncachable
Mar 16 00:14:06 ariard kernel: [    0.000000] MTRR fixed ranges enabled:
Mar 16 00:14:06 ariard kernel: [    0.000000]   00000-9FFFF write-back
Mar 16 00:14:06 ariard kernel: [    0.000000]   A0000-BFFFF uncachable
Mar 16 00:14:06 ariard kernel: [    0.000000]   C0000-CBFFF write-protect
Mar 16 00:14:06 ariard kernel: [    0.000000]   CC000-EFFFF uncachable
Mar 16 00:14:06 ariard kernel: [    0.000000]   F0000-FFFFF write-protect
Mar 16 00:14:06 ariard kernel: [    0.000000] MTRR variable ranges enabled:
Mar 16 00:14:06 ariard kernel: [    0.000000]   0 base 00000000000 mask 7FF80000000 write-back
Mar 16 00:14:06 ariard kernel: [    0.000000]   1 disabled
Mar 16 00:14:06 ariard kernel: [    0.000000]   2 disabled
Mar 16 00:14:06 ariard kernel: [    0.000000]   3 disabled
Mar 16 00:14:06 ariard kernel: [    0.000000]   4 disabled
Mar 16 00:14:06 ariard kernel: [    0.000000]   5 disabled
Mar 16 00:14:06 ariard kernel: [    0.000000]   6 disabled
Mar 16 00:14:06 ariard kernel: [    0.000000]   7 disabled
Mar 16 00:14:06 ariard kernel: [    0.000000] x86/PAT: Configuration [0-7]: WB  WC  UC- UC  WB  WP  UC- WT  
Mar 16 00:14:06 ariard kernel: [    0.000000] found SMP MP-table at [mem 0x000f6a80-0x000f6a8f] mapped at [        (ptrval)]
Mar 16 00:14:06 ariard kernel: [    0.000000] Scanning 1 areas for low memory corruption
Mar 16 00:14:06 ariard kernel: [    0.000000] Base memory trampoline at [        (ptrval)] 99000 size 24576
Mar 16 00:14:06 ariard kernel: [    0.000000] BRK [0x09978000, 0x09978fff] PGTABLE
Mar 16 00:14:06 ariard kernel: [    0.000000] BRK [0x09979000, 0x09979fff] PGTABLE
Mar 16 00:14:06 ariard kernel: [    0.000000] BRK [0x0997a000, 0x0997afff] PGTABLE
Mar 16 00:14:06 ariard kernel: [    0.000000] BRK [0x0997b000, 0x0997bfff] PGTABLE
Mar 16 00:14:06 ariard kernel: [    0.000000] BRK [0x0997c000, 0x0997cfff] PGTABLE
Mar 16 00:14:06 ariard kernel: [    0.000000] BRK [0x0997d000, 0x0997dfff] PGTABLE
Mar 16 00:14:06 ariard kernel: [    0.000000] ACPI: Early table checksum verification disabled
Mar 16 00:14:06 ariard kernel: [    0.000000] ACPI: RSDP 0x00000000000F6A10 000024 (v02 PTLTD )
Mar 16 00:14:06 ariard kernel: [    0.000000] ACPI: XSDT 0x000000007FEEFB2C 000054 (v01 INTEL  440BX    06040000 VMW  01324272)
Mar 16 00:14:06 ariard kernel: [    0.000000] ACPI: FACP 0x000000007FEFEE73 0000F4 (v04 INTEL  440BX    06040000 PTL  000F4240)
Mar 16 00:14:06 ariard kernel: [    0.000000] ACPI: DSDT 0x000000007FEEFD64 00F10F (v01 PTLTD  Custom   06040000 MSFT 03000001)
Mar 16 00:14:06 ariard kernel: [    0.000000] ACPI: FACS 0x000000007FEFFFC0 000040
Mar 16 00:14:06 ariard kernel: [    0.000000] ACPI: FACS 0x000000007FEFFFC0 000040
Mar 16 00:14:06 ariard kernel: [    0.000000] ACPI: BOOT 0x000000007FEEFD3C 000028 (v01 PTLTD  $SBFTBL$ 06040000  LTP 00000001)
Mar 16 00:14:06 ariard kernel: [    0.000000] ACPI: APIC 0x000000007FEEFCD0 00006C (v01 PTLTD  ? APIC   06040000  LTP 00000000)
Mar 16 00:14:06 ariard kernel: [    0.000000] ACPI: MCFG 0x000000007FEEFC94 00003C (v01 PTLTD  $PCITBL$ 06040000  LTP 00000001)
Mar 16 00:14:06 ariard kernel: [    0.000000] ACPI: SRAT 0x000000007FEEFBE4 0000B0 (v02 VMWARE MEMPLUG  06040000 VMW  00000001)
Mar 16 00:14:06 ariard kernel: [    0.000000] ACPI: WAET 0x000000007FEEFBBC 000028 (v01 VMWARE VMW WAET 06040000 VMW  00000001)
Mar 16 00:14:06 ariard kernel: [    0.000000] ACPI: Local APIC address 0xfee00000
Mar 16 00:14:06 ariard kernel: [    0.000000] SRAT: PXM 0 -> APIC 0x00 -> Node 0
Mar 16 00:14:06 ariard kernel: [    0.000000] SRAT: PXM 0 -> APIC 0x01 -> Node 0
Mar 16 00:14:06 ariard kernel: [    0.000000] SRAT: PXM 0 -> APIC 0x02 -> Node 0
Mar 16 00:14:06 ariard kernel: [    0.000000] ACPI: SRAT: Node 0 PXM 0 [mem 0x00000000-0x0009ffff]
Mar 16 00:14:06 ariard kernel: [    0.000000] ACPI: SRAT: Node 0 PXM 0 [mem 0x00100000-0x7fffffff]
Mar 16 00:14:06 ariard kernel: [    0.000000] NUMA: Node 0 [mem 0x00000000-0x0009ffff] + [mem 0x00100000-0x7fffffff] -> [mem 0x00000000-0x7fffffff]
Mar 16 00:14:06 ariard kernel: [    0.000000] NODE_DATA(0) allocated [mem 0x7ffeb000-0x7fffffff]
Mar 16 00:14:06 ariard kernel: [    0.000000] Zone ranges:
Mar 16 00:14:06 ariard kernel: [    0.000000]   DMA      [mem 0x0000000000001000-0x0000000000ffffff]
Mar 16 00:14:06 ariard kernel: [    0.000000]   DMA32    [mem 0x0000000001000000-0x000000007fffffff]
Mar 16 00:14:06 ariard kernel: [    0.000000]   Normal   empty
Mar 16 00:14:06 ariard kernel: [    0.000000] Movable zone start for each node
Mar 16 00:14:06 ariard kernel: [    0.000000] Early memory node ranges
Mar 16 00:14:06 ariard kernel: [    0.000000]   node   0: [mem 0x0000000000001000-0x000000000009efff]
Mar 16 00:14:06 ariard kernel: [    0.000000]   node   0: [mem 0x0000000000100000-0x000000007fedffff]
Mar 16 00:14:06 ariard kernel: [    0.000000]   node   0: [mem 0x000000007ff00000-0x000000007fffffff]
Mar 16 00:14:06 ariard kernel: [    0.000000] Initmem setup node 0 [mem 0x0000000000001000-0x000000007fffffff]
Mar 16 00:14:06 ariard kernel: [    0.000000] On node 0 totalpages: 524158
Mar 16 00:14:06 ariard kernel: [    0.000000]   DMA zone: 64 pages used for memmap
Mar 16 00:14:06 ariard kernel: [    0.000000]   DMA zone: 21 pages reserved
Mar 16 00:14:06 ariard kernel: [    0.000000]   DMA zone: 3998 pages, LIFO batch:0
Mar 16 00:14:06 ariard kernel: [    0.000000]   DMA32 zone: 8128 pages used for memmap
Mar 16 00:14:06 ariard kernel: [    0.000000]   DMA32 zone: 520160 pages, LIFO batch:31
Mar 16 00:14:06 ariard kernel: [    0.000000] Reserved but unavailable: 98 pages
Mar 16 00:14:06 ariard kernel: [    0.000000] ACPI: PM-Timer IO Port: 0x1008
Mar 16 00:14:06 ariard kernel: [    0.000000] ACPI: Local APIC address 0xfee00000
Mar 16 00:14:06 ariard kernel: [    0.000000] ACPI: LAPIC_NMI (acpi_id[0x00] high edge lint[0x1])
Mar 16 00:14:06 ariard kernel: [    0.000000] ACPI: LAPIC_NMI (acpi_id[0x01] high edge lint[0x1])
Mar 16 00:14:06 ariard kernel: [    0.000000] ACPI: LAPIC_NMI (acpi_id[0x02] high edge lint[0x1])
Mar 16 00:14:06 ariard kernel: [    0.000000] IOAPIC[0]: apic_id 3, version 32, address 0xfec00000, GSI 0-23
Mar 16 00:14:06 ariard kernel: [    0.000000] ACPI: INT_SRC_OVR (bus 0 bus_irq 0 global_irq 2 high edge)
Mar 16 00:14:06 ariard kernel: [    0.000000] ACPI: IRQ0 used by override.
Mar 16 00:14:06 ariard kernel: [    0.000000] ACPI: IRQ9 used by override.
Mar 16 00:14:06 ariard kernel: [    0.000000] Using ACPI (MADT) for SMP configuration information
Mar 16 00:14:06 ariard kernel: [    0.000000] smpboot: Allowing 3 CPUs, 0 hotplug CPUs
Mar 16 00:14:06 ariard kernel: [    0.000000] PM: Registered nosave memory: [mem 0x00000000-0x00000fff]
Mar 16 00:14:06 ariard kernel: [    0.000000] PM: Registered nosave memory: [mem 0x0009f000-0x0009ffff]
Mar 16 00:14:06 ariard kernel: [    0.000000] PM: Registered nosave memory: [mem 0x000a0000-0x000dbfff]
Mar 16 00:14:06 ariard kernel: [    0.000000] PM: Registered nosave memory: [mem 0x000dc000-0x000fffff]
Mar 16 00:14:06 ariard kernel: [    0.000000] PM: Registered nosave memory: [mem 0x7fee0000-0x7fefefff]
Mar 16 00:14:06 ariard kernel: [    0.000000] PM: Registered nosave memory: [mem 0x7feff000-0x7fefffff]
Mar 16 00:14:06 ariard kernel: [    0.000000] e820: [mem 0x80000000-0xefffffff] available for PCI devices
Mar 16 00:14:06 ariard kernel: [    0.000000] Booting paravirtualized kernel on VMware hypervisor
Mar 16 00:14:06 ariard kernel: [    0.000000] clocksource: refined-jiffies: mask: 0xffffffff max_cycles: 0xffffffff, max_idle_ns: 1910969940391419 ns
Mar 16 00:14:06 ariard kernel: [    0.000000] setup_percpu: NR_CPUS:64 nr_cpumask_bits:64 nr_cpu_ids:3 nr_node_ids:1
Mar 16 00:14:06 ariard kernel: [    0.000000] percpu: Embedded 59 pages/cpu @        (ptrval) s203672 r8192 d29800 u524288
Mar 16 00:14:06 ariard kernel: [    0.000000] pcpu-alloc: s203672 r8192 d29800 u524288 alloc=1*2097152
Mar 16 00:14:06 ariard kernel: [    0.000000] pcpu-alloc: [0] 0 1 2 - 
Mar 16 00:14:06 ariard kernel: [    0.000000] Built 1 zonelists, mobility grouping on.  Total pages: 515945
Mar 16 00:14:06 ariard kernel: [    0.000000] Policy zone: DMA32
Mar 16 00:14:06 ariard kernel: [    0.000000] Kernel command line: BOOT_IMAGE=/vmlinuz-4.16.0-ariard_00 root=/dev/sda5 ro
Mar 16 00:14:06 ariard kernel: [    0.000000] Calgary: detecting Calgary via BIOS EBDA area
Mar 16 00:14:06 ariard kernel: [    0.000000] Calgary: Unable to locate Rio Grande table in EBDA - bailing!
Mar 16 00:14:06 ariard kernel: [    0.000000] Memory: 2036808K/2096632K available (12300K kernel code, 1524K rwdata, 3184K rodata, 1344K init, 676K bss, 59824K reserved, 0K cma-reserved)
Mar 16 00:14:06 ariard kernel: [    0.000000] SLUB: HWalign=64, Order=0-3, MinObjects=0, CPUs=3, Nodes=1
Mar 16 00:14:06 ariard kernel: [    0.000000] Kernel/User page tables isolation: enabled
Mar 16 00:14:06 ariard kernel: [    0.001000] Hierarchical RCU implementation.
Mar 16 00:14:06 ariard kernel: [    0.001000] ^IRCU event tracing is enabled.
Mar 16 00:14:06 ariard kernel: [    0.001000] ^IRCU restricting CPUs from NR_CPUS=64 to nr_cpu_ids=3.
Mar 16 00:14:06 ariard kernel: [    0.001000] RCU: Adjusting geometry for rcu_fanout_leaf=16, nr_cpu_ids=3
Mar 16 00:14:06 ariard kernel: [    0.001000] NR_IRQS: 4352, nr_irqs: 448, preallocated irqs: 16
Mar 16 00:14:06 ariard kernel: [    0.001000] Console: colour VGA+ 80x25
Mar 16 00:14:06 ariard kernel: [    0.001000] console [tty0] enabled
Mar 16 00:14:06 ariard kernel: [    0.001000] ACPI: Core revision 20180105
Mar 16 00:14:06 ariard kernel: [    0.001000] ACPI: 1 ACPI AML tables successfully acquired and loaded
Mar 16 00:14:06 ariard kernel: [    0.001000] APIC: Switch to symmetric I/O mode setup
Mar 16 00:14:06 ariard kernel: [    0.001000] ..TIMER: vector=0x30 apic1=0 pin1=2 apic2=-1 pin2=-1
Mar 16 00:14:06 ariard kernel: [    0.001000] tsc: Detected 2893.097 MHz processor
Mar 16 00:14:06 ariard kernel: [    0.001000] clocksource: tsc-early: mask: 0xffffffffffffffff max_cycles: 0x29b3c9f6286, max_idle_ns: 440795295996 ns
Mar 16 00:14:06 ariard kernel: [    0.001000] Calibrating delay loop (skipped) preset value.. 5786.19 BogoMIPS (lpj=2893097)
Mar 16 00:14:06 ariard kernel: [    0.001000] pid_max: default: 32768 minimum: 301
Mar 16 00:14:06 ariard kernel: [    0.001000] Security Framework initialized
Mar 16 00:14:06 ariard kernel: [    0.001000] SELinux:  Initializing.
Mar 16 00:14:06 ariard kernel: [    0.001000] SELinux:  Starting in permissive mode
Mar 16 00:14:06 ariard kernel: [    0.001204] Dentry cache hash table entries: 262144 (order: 9, 2097152 bytes)
Mar 16 00:14:06 ariard kernel: [    0.001408] Inode-cache hash table entries: 131072 (order: 8, 1048576 bytes)
Mar 16 00:14:06 ariard kernel: [    0.001490] Mount-cache hash table entries: 4096 (order: 3, 32768 bytes)
Mar 16 00:14:06 ariard kernel: [    0.001561] Mountpoint-cache hash table entries: 4096 (order: 3, 32768 bytes)
Mar 16 00:14:06 ariard kernel: [    0.001795] Disabled fast string operations
Mar 16 00:14:06 ariard kernel: [    0.001844] CPU: Physical Processor ID: 0
Mar 16 00:14:06 ariard kernel: [    0.001886] CPU: Processor Core ID: 0
Mar 16 00:14:06 ariard kernel: [    0.001952] mce: CPU supports 8 MCE banks
Mar 16 00:14:06 ariard kernel: [    0.002035] Last level iTLB entries: 4KB 512, 2MB 8, 4MB 8
Mar 16 00:14:06 ariard kernel: [    0.002087] Last level dTLB entries: 4KB 512, 2MB 32, 4MB 32, 1GB 0
Mar 16 00:14:06 ariard kernel: [    0.002144] Spectre V2 : Spectre mitigation: kernel not compiled with retpoline; no mitigation available!
Mar 16 00:14:06 ariard kernel: [    0.002226] Freeing SMP alternatives memory: 32K
Mar 16 00:14:06 ariard kernel: [    0.006085] TSC deadline timer enabled
Mar 16 00:14:06 ariard kernel: [    0.006095] smpboot: CPU0: Intel(R) Core(TM) i5-3470S CPU @ 2.90GHz (family: 0x6, model: 0x3a, stepping: 0x9)
Mar 16 00:14:06 ariard kernel: [    0.006298] Performance Events: IvyBridge events, core PMU driver.
Mar 16 00:14:06 ariard kernel: [    0.006385] core: CPUID marked event: 'cpu cycles' unavailable
Mar 16 00:14:06 ariard kernel: [    0.006436] core: CPUID marked event: 'instructions' unavailable
Mar 16 00:14:06 ariard kernel: [    0.006487] core: CPUID marked event: 'bus cycles' unavailable
Mar 16 00:14:06 ariard kernel: [    0.006548] core: CPUID marked event: 'cache references' unavailable
Mar 16 00:14:06 ariard kernel: [    0.006610] core: CPUID marked event: 'cache misses' unavailable
Mar 16 00:14:06 ariard kernel: [    0.006680] core: CPUID marked event: 'branch instructions' unavailable
Mar 16 00:14:06 ariard kernel: [    0.006735] core: CPUID marked event: 'branch misses' unavailable
Mar 16 00:14:06 ariard kernel: [    0.006798] ... version:                1
Mar 16 00:14:06 ariard kernel: [    0.006840] ... bit width:              48
Mar 16 00:14:06 ariard kernel: [    0.006881] ... generic registers:      8
Mar 16 00:14:06 ariard kernel: [    0.006930] ... value mask:             0000ffffffffffff
Mar 16 00:14:06 ariard kernel: [    0.006977] ... max period:             000000007fffffff
Mar 16 00:14:06 ariard kernel: [    0.007000] ... fixed-purpose events:   0
Mar 16 00:14:06 ariard kernel: [    0.007000] ... event mask:             00000000000000ff
Mar 16 00:14:06 ariard kernel: [    0.007068] Hierarchical SRCU implementation.
Mar 16 00:14:06 ariard kernel: [    0.007311] smp: Bringing up secondary CPUs ...
Mar 16 00:14:06 ariard kernel: [    0.007506] x86: Booting SMP configuration:
Mar 16 00:14:06 ariard kernel: [    0.007549] .... node  #0, CPUs:      #1
Mar 16 00:14:06 ariard kernel: [    0.001000] Disabled fast string operations
Mar 16 00:14:06 ariard kernel: [    0.008565]  #2
Mar 16 00:14:06 ariard kernel: [    0.001000] Disabled fast string operations
Mar 16 00:14:06 ariard kernel: [    0.010063] smp: Brought up 1 node, 3 CPUs
Mar 16 00:14:06 ariard kernel: [    0.010116] smpboot: Max logical packages: 1
Mar 16 00:14:06 ariard kernel: [    0.010158] smpboot: Total of 3 processors activated (17358.58 BogoMIPS)
Mar 16 00:14:06 ariard kernel: [    0.011152] devtmpfs: initialized
Mar 16 00:14:06 ariard kernel: [    0.012104] PM: Registering ACPI NVS region [mem 0x7feff000-0x7fefffff] (4096 bytes)
Mar 16 00:14:06 ariard kernel: [    0.012204] clocksource: jiffies: mask: 0xffffffff max_cycles: 0xffffffff, max_idle_ns: 1911260446275000 ns
Mar 16 00:14:06 ariard kernel: [    0.012304] futex hash table entries: 1024 (order: 4, 65536 bytes)
Mar 16 00:14:06 ariard kernel: [    0.012433] kworker/u6:0 (25) used greatest stack depth: 14256 bytes left
Mar 16 00:14:06 ariard kernel: [    0.012682] RTC time: 23:13:56, date: 03/15/18
Mar 16 00:14:06 ariard kernel: [    0.013177] NET: Registered protocol family 16
Mar 16 00:14:06 ariard kernel: [    0.013292] audit: initializing netlink subsys (disabled)
Mar 16 00:14:06 ariard kernel: [    0.013367] audit: type=2000 audit(1521155635.013:1): state=initialized audit_enabled=0 res=1
Mar 16 00:14:06 ariard kernel: [    0.013367] cpuidle: using governor menu
Mar 16 00:14:06 ariard kernel: [    0.013367] Simple Boot Flag at 0x36 set to 0x1
Mar 16 00:14:06 ariard kernel: [    0.014021] ACPI: bus type PCI registered
Mar 16 00:14:06 ariard kernel: [    0.014269] PCI: MMCONFIG for domain 0000 [bus 00-7f] at [mem 0xf0000000-0xf7ffffff] (base 0xf0000000)
Mar 16 00:14:06 ariard kernel: [    0.014354] PCI: MMCONFIG at [mem 0xf0000000-0xf7ffffff] reserved in E820
Mar 16 00:14:06 ariard kernel: [    0.014419] PCI: Using configuration type 1 for base access
Mar 16 00:14:06 ariard kernel: [    0.014513] core: PMU erratum BJ122, BV98, HSD29 workaround disabled, HT off
Mar 16 00:14:06 ariard kernel: [    0.020093] HugeTLB registered 2.00 MiB page size, pre-allocated 0 pages
Mar 16 00:14:06 ariard kernel: [    0.020182] ACPI: Added _OSI(Module Device)
Mar 16 00:14:06 ariard kernel: [    0.020211] ACPI: Added _OSI(Processor Device)
Mar 16 00:14:06 ariard kernel: [    0.020256] ACPI: Added _OSI(3.0 _SCP Extensions)
Mar 16 00:14:06 ariard kernel: [    0.021007] ACPI: Added _OSI(Processor Aggregator Device)
Mar 16 00:14:06 ariard kernel: [    0.023701] ACPI: [Firmware Bug]: BIOS _OSI(Linux) query ignored
Mar 16 00:14:06 ariard kernel: [    0.027424] ACPI: Interpreter enabled
Mar 16 00:14:06 ariard kernel: [    0.027480] ACPI: (supports S0 S1 S4 S5)
Mar 16 00:14:06 ariard kernel: [    0.027525] ACPI: Using IOAPIC for interrupt routing
Mar 16 00:14:06 ariard kernel: [    0.027621] PCI: Using host bridge windows from ACPI; if necessary, use "pci=nocrs" and report a bug
Mar 16 00:14:06 ariard kernel: [    0.028000] ACPI: Enabled 4 GPEs in block 00 to 0F
Mar 16 00:14:06 ariard kernel: [    0.086047] ACPI: PCI Root Bridge [PCI0] (domain 0000 [bus 00-7f])
Mar 16 00:14:06 ariard kernel: [    0.086119] acpi PNP0A03:00: _OSC: OS supports [ExtendedConfig ASPM ClockPM Segments MSI]
Mar 16 00:14:06 ariard kernel: [    0.086361] acpi PNP0A03:00: _OSC: platform does not support [AER]
Mar 16 00:14:06 ariard kernel: [    0.086595] acpi PNP0A03:00: _OSC: OS now controls [PCIeHotplug PME PCIeCapability]
Mar 16 00:14:06 ariard kernel: [    0.087317] PCI host bridge to bus 0000:00
Mar 16 00:14:06 ariard kernel: [    0.087364] pci_bus 0000:00: root bus resource [mem 0x000a0000-0x000bffff window]
Mar 16 00:14:06 ariard kernel: [    0.087443] pci_bus 0000:00: root bus resource [mem 0x000cc000-0x000cffff window]
Mar 16 00:14:06 ariard kernel: [    0.087529] pci_bus 0000:00: root bus resource [mem 0x000d0000-0x000d3fff window]
Mar 16 00:14:06 ariard kernel: [    0.087600] pci_bus 0000:00: root bus resource [mem 0x000d4000-0x000d7fff window]
Mar 16 00:14:06 ariard kernel: [    0.087671] pci_bus 0000:00: root bus resource [mem 0x000d8000-0x000dbfff window]
Mar 16 00:14:06 ariard kernel: [    0.087742] pci_bus 0000:00: root bus resource [mem 0x80000000-0xfebfffff window]
Mar 16 00:14:06 ariard kernel: [    0.087812] pci_bus 0000:00: root bus resource [io  0x0000-0x0cf7 window]
Mar 16 00:14:06 ariard kernel: [    0.087873] pci_bus 0000:00: root bus resource [io  0x0d00-0xfeff window]
Mar 16 00:14:06 ariard kernel: [    0.087932] pci_bus 0000:00: root bus resource [bus 00-7f]
Mar 16 00:14:06 ariard kernel: [    0.088051] pci 0000:00:00.0: [8086:7190] type 00 class 0x060000
Mar 16 00:14:06 ariard kernel: [    0.088835] pci 0000:00:01.0: [8086:7191] type 01 class 0x060400
Mar 16 00:14:06 ariard kernel: [    0.089490] pci 0000:00:07.0: [8086:7110] type 00 class 0x060100
Mar 16 00:14:06 ariard kernel: [    0.090392] pci 0000:00:07.1: [8086:7111] type 00 class 0x01018a
Mar 16 00:14:06 ariard kernel: [    0.092231] pci 0000:00:07.1: reg 0x20: [io  0x1060-0x106f]
Mar 16 00:14:06 ariard kernel: [    0.092975] pci 0000:00:07.1: legacy IDE quirk: reg 0x10: [io  0x01f0-0x01f7]
Mar 16 00:14:06 ariard kernel: [    0.093003] pci 0000:00:07.1: legacy IDE quirk: reg 0x14: [io  0x03f6]
Mar 16 00:14:06 ariard kernel: [    0.093061] pci 0000:00:07.1: legacy IDE quirk: reg 0x18: [io  0x0170-0x0177]
Mar 16 00:14:06 ariard kernel: [    0.093121] pci 0000:00:07.1: legacy IDE quirk: reg 0x1c: [io  0x0376]
Mar 16 00:14:06 ariard kernel: [    0.093436] pci 0000:00:07.3: [8086:7113] type 00 class 0x068000
Mar 16 00:14:06 ariard kernel: [    0.095521] pci 0000:00:07.3: quirk: [io  0x1000-0x103f] claimed by PIIX4 ACPI
Mar 16 00:14:06 ariard kernel: [    0.095608] pci 0000:00:07.3: quirk: [io  0x1040-0x104f] claimed by PIIX4 SMB
Mar 16 00:14:06 ariard kernel: [    0.096045] pci 0000:00:07.7: [15ad:0740] type 00 class 0x088000
Mar 16 00:14:06 ariard kernel: [    0.096937] pci 0000:00:07.7: reg 0x10: [io  0x1080-0x10bf]
Mar 16 00:14:06 ariard kernel: [    0.097468] pci 0000:00:07.7: reg 0x14: [mem 0xfebfe000-0xfebfffff 64bit]
Mar 16 00:14:06 ariard kernel: [    0.100757] pci 0000:00:0f.0: [15ad:0405] type 00 class 0x030000
Mar 16 00:14:06 ariard kernel: [    0.102006] pci 0000:00:0f.0: reg 0x10: [io  0x1070-0x107f]
Mar 16 00:14:06 ariard kernel: [    0.104026] pci 0000:00:0f.0: reg 0x14: [mem 0xe8000000-0xefffffff pref]
Mar 16 00:14:06 ariard kernel: [    0.106008] pci 0000:00:0f.0: reg 0x18: [mem 0xfe000000-0xfe7fffff]
Mar 16 00:14:06 ariard kernel: [    0.114020] pci 0000:00:0f.0: reg 0x30: [mem 0x00000000-0x00007fff pref]
Mar 16 00:14:06 ariard kernel: [    0.114685] pci 0000:00:11.0: [15ad:0790] type 01 class 0x060401
Mar 16 00:14:06 ariard kernel: [    0.115626] pci 0000:00:15.0: [15ad:07a0] type 01 class 0x060400
Mar 16 00:14:06 ariard kernel: [    0.116576] pci 0000:00:15.0: PME# supported from D0 D3hot D3cold
Mar 16 00:14:06 ariard kernel: [    0.116977] pci 0000:00:15.1: [15ad:07a0] type 01 class 0x060400
Mar 16 00:14:06 ariard kernel: [    0.117900] pci 0000:00:15.1: PME# supported from D0 D3hot D3cold
Mar 16 00:14:06 ariard kernel: [    0.118283] pci 0000:00:15.2: [15ad:07a0] type 01 class 0x060400
Mar 16 00:14:06 ariard kernel: [    0.119186] pci 0000:00:15.2: PME# supported from D0 D3hot D3cold
Mar 16 00:14:06 ariard kernel: [    0.119520] pci 0000:00:15.3: [15ad:07a0] type 01 class 0x060400
Mar 16 00:14:06 ariard kernel: [    0.120419] pci 0000:00:15.3: PME# supported from D0 D3hot D3cold
Mar 16 00:14:06 ariard kernel: [    0.120774] pci 0000:00:15.4: [15ad:07a0] type 01 class 0x060400
Mar 16 00:14:06 ariard kernel: [    0.121687] pci 0000:00:15.4: PME# supported from D0 D3hot D3cold
Mar 16 00:14:06 ariard kernel: [    0.122018] pci 0000:00:15.5: [15ad:07a0] type 01 class 0x060400
Mar 16 00:14:06 ariard kernel: [    0.122912] pci 0000:00:15.5: PME# supported from D0 D3hot D3cold
Mar 16 00:14:06 ariard kernel: [    0.123240] pci 0000:00:15.6: [15ad:07a0] type 01 class 0x060400
Mar 16 00:14:06 ariard kernel: [    0.124138] pci 0000:00:15.6: PME# supported from D0 D3hot D3cold
Mar 16 00:14:06 ariard kernel: [    0.124489] pci 0000:00:15.7: [15ad:07a0] type 01 class 0x060400
Mar 16 00:14:06 ariard kernel: [    0.125370] pci 0000:00:15.7: PME# supported from D0 D3hot D3cold
Mar 16 00:14:06 ariard kernel: [    0.125699] pci 0000:00:16.0: [15ad:07a0] type 01 class 0x060400
Mar 16 00:14:06 ariard kernel: [    0.126595] pci 0000:00:16.0: PME# supported from D0 D3hot D3cold
Mar 16 00:14:06 ariard kernel: [    0.126924] pci 0000:00:16.1: [15ad:07a0] type 01 class 0x060400
Mar 16 00:14:06 ariard kernel: [    0.127831] pci 0000:00:16.1: PME# supported from D0 D3hot D3cold
Mar 16 00:14:06 ariard kernel: [    0.128157] pci 0000:00:16.2: [15ad:07a0] type 01 class 0x060400
Mar 16 00:14:06 ariard kernel: [    0.129049] pci 0000:00:16.2: PME# supported from D0 D3hot D3cold
Mar 16 00:14:06 ariard kernel: [    0.129394] pci 0000:00:16.3: [15ad:07a0] type 01 class 0x060400
Mar 16 00:14:06 ariard kernel: [    0.130246] pci 0000:00:16.3: PME# supported from D0 D3hot D3cold
Mar 16 00:14:06 ariard kernel: [    0.130580] pci 0000:00:16.4: [15ad:07a0] type 01 class 0x060400
Mar 16 00:14:06 ariard kernel: [    0.131441] pci 0000:00:16.4: PME# supported from D0 D3hot D3cold
Mar 16 00:14:06 ariard kernel: [    0.131778] pci 0000:00:16.5: [15ad:07a0] type 01 class 0x060400
Mar 16 00:14:06 ariard kernel: [    0.132634] pci 0000:00:16.5: PME# supported from D0 D3hot D3cold
Mar 16 00:14:06 ariard kernel: [    0.132970] pci 0000:00:16.6: [15ad:07a0] type 01 class 0x060400
Mar 16 00:14:06 ariard kernel: [    0.133829] pci 0000:00:16.6: PME# supported from D0 D3hot D3cold
Mar 16 00:14:06 ariard kernel: [    0.134156] pci 0000:00:16.7: [15ad:07a0] type 01 class 0x060400
Mar 16 00:14:06 ariard kernel: [    0.135036] pci 0000:00:16.7: PME# supported from D0 D3hot D3cold
Mar 16 00:14:06 ariard kernel: [    0.135391] pci 0000:00:17.0: [15ad:07a0] type 01 class 0x060400
Mar 16 00:14:06 ariard kernel: [    0.136277] pci 0000:00:17.0: PME# supported from D0 D3hot D3cold
Mar 16 00:14:06 ariard kernel: [    0.136607] pci 0000:00:17.1: [15ad:07a0] type 01 class 0x060400
Mar 16 00:14:06 ariard kernel: [    0.137502] pci 0000:00:17.1: PME# supported from D0 D3hot D3cold
Mar 16 00:14:06 ariard kernel: [    0.137832] pci 0000:00:17.2: [15ad:07a0] type 01 class 0x060400
Mar 16 00:14:06 ariard kernel: [    0.138727] pci 0000:00:17.2: PME# supported from D0 D3hot D3cold
Mar 16 00:14:06 ariard kernel: [    0.139052] pci 0000:00:17.3: [15ad:07a0] type 01 class 0x060400
Mar 16 00:14:06 ariard kernel: [    0.139907] pci 0000:00:17.3: PME# supported from D0 D3hot D3cold
Mar 16 00:14:06 ariard kernel: [    0.140250] pci 0000:00:17.4: [15ad:07a0] type 01 class 0x060400
Mar 16 00:14:06 ariard kernel: [    0.141101] pci 0000:00:17.4: PME# supported from D0 D3hot D3cold
Mar 16 00:14:06 ariard kernel: [    0.141442] pci 0000:00:17.5: [15ad:07a0] type 01 class 0x060400
Mar 16 00:14:06 ariard kernel: [    0.142315] pci 0000:00:17.5: PME# supported from D0 D3hot D3cold
Mar 16 00:14:06 ariard kernel: [    0.142626] pci 0000:00:17.6: [15ad:07a0] type 01 class 0x060400
Mar 16 00:14:06 ariard kernel: [    0.143484] pci 0000:00:17.6: PME# supported from D0 D3hot D3cold
Mar 16 00:14:06 ariard kernel: [    0.143834] pci 0000:00:17.7: [15ad:07a0] type 01 class 0x060400
Mar 16 00:14:06 ariard kernel: [    0.144686] pci 0000:00:17.7: PME# supported from D0 D3hot D3cold
Mar 16 00:14:06 ariard kernel: [    0.144985] pci 0000:00:18.0: [15ad:07a0] type 01 class 0x060400
Mar 16 00:14:06 ariard kernel: [    0.145893] pci 0000:00:18.0: PME# supported from D0 D3hot D3cold
Mar 16 00:14:06 ariard kernel: [    0.146204] pci 0000:00:18.1: [15ad:07a0] type 01 class 0x060400
Mar 16 00:14:06 ariard kernel: [    0.147068] pci 0000:00:18.1: PME# supported from D0 D3hot D3cold
Mar 16 00:14:06 ariard kernel: [    0.147381] pci 0000:00:18.2: [15ad:07a0] type 01 class 0x060400
Mar 16 00:14:06 ariard kernel: [    0.148219] pci 0000:00:18.2: PME# supported from D0 D3hot D3cold
Mar 16 00:14:06 ariard kernel: [    0.148531] pci 0000:00:18.3: [15ad:07a0] type 01 class 0x060400
Mar 16 00:14:06 ariard kernel: [    0.149407] pci 0000:00:18.3: PME# supported from D0 D3hot D3cold
Mar 16 00:14:06 ariard kernel: [    0.149736] pci 0000:00:18.4: [15ad:07a0] type 01 class 0x060400
Mar 16 00:14:06 ariard kernel: [    0.150680] pci 0000:00:18.4: PME# supported from D0 D3hot D3cold
Mar 16 00:14:06 ariard kernel: [    0.150993] pci 0000:00:18.5: [15ad:07a0] type 01 class 0x060400
Mar 16 00:14:06 ariard kernel: [    0.151860] pci 0000:00:18.5: PME# supported from D0 D3hot D3cold
Mar 16 00:14:06 ariard kernel: [    0.152199] pci 0000:00:18.6: [15ad:07a0] type 01 class 0x060400
Mar 16 00:14:06 ariard kernel: [    0.153099] pci 0000:00:18.6: PME# supported from D0 D3hot D3cold
Mar 16 00:14:06 ariard kernel: [    0.153423] pci 0000:00:18.7: [15ad:07a0] type 01 class 0x060400
Mar 16 00:14:06 ariard kernel: [    0.154334] pci 0000:00:18.7: PME# supported from D0 D3hot D3cold
Mar 16 00:14:06 ariard kernel: [    0.155150] pci 0000:00:01.0: PCI bridge to [bus 01]
Mar 16 00:14:06 ariard kernel: [    0.155524] pci 0000:02:00.0: [15ad:0774] type 00 class 0x0c0300
Mar 16 00:14:06 ariard kernel: [    0.157005] pci 0000:02:00.0: reg 0x20: [io  0x2040-0x205f]
Mar 16 00:14:06 ariard kernel: [    0.158178] pci 0000:02:01.0: [8086:100f] type 00 class 0x020000
Mar 16 00:14:06 ariard kernel: [    0.159642] pci 0000:02:01.0: reg 0x10: [mem 0xfd5c0000-0xfd5dffff 64bit]
Mar 16 00:14:06 ariard kernel: [    0.160658] pci 0000:02:01.0: reg 0x18: [mem 0xfdff0000-0xfdffffff 64bit]
Mar 16 00:14:06 ariard kernel: [    0.161606] pci 0000:02:01.0: reg 0x20: [io  0x2000-0x203f]
Mar 16 00:14:06 ariard kernel: [    0.163620] pci 0000:02:01.0: reg 0x30: [mem 0x00000000-0x0000ffff pref]
Mar 16 00:14:06 ariard kernel: [    0.163977] pci 0000:02:01.0: PME# supported from D0 D3hot D3cold
Mar 16 00:14:06 ariard kernel: [    0.164276] pci 0000:02:03.0: [15ad:07e0] type 00 class 0x010601
Mar 16 00:14:06 ariard kernel: [    0.167702] pci 0000:02:03.0: reg 0x24: [mem 0xfd5ef000-0xfd5effff]
Mar 16 00:14:06 ariard kernel: [    0.168319] pci 0000:02:03.0: reg 0x30: [mem 0x00000000-0x0000ffff pref]
Mar 16 00:14:06 ariard kernel: [    0.168806] pci 0000:02:03.0: PME# supported from D3hot
Mar 16 00:14:06 ariard kernel: [    0.169361] pci 0000:00:11.0: PCI bridge to [bus 02] (subtractive decode)
Mar 16 00:14:06 ariard kernel: [    0.169453] pci 0000:00:11.0:   bridge window [io  0x2000-0x3fff]
Mar 16 00:14:06 ariard kernel: [    0.169477] pci 0000:00:11.0:   bridge window [mem 0xfd500000-0xfdffffff]
Mar 16 00:14:06 ariard kernel: [    0.169524] pci 0000:00:11.0:   bridge window [mem 0xe7b00000-0xe7ffffff 64bit pref]
Mar 16 00:14:06 ariard kernel: [    0.169526] pci 0000:00:11.0:   bridge window [mem 0x000a0000-0x000bffff window] (subtractive decode)
Mar 16 00:14:06 ariard kernel: [    0.169526] pci 0000:00:11.0:   bridge window [mem 0x000cc000-0x000cffff window] (subtractive decode)
Mar 16 00:14:06 ariard kernel: [    0.169527] pci 0000:00:11.0:   bridge window [mem 0x000d0000-0x000d3fff window] (subtractive decode)
Mar 16 00:14:06 ariard kernel: [    0.169528] pci 0000:00:11.0:   bridge window [mem 0x000d4000-0x000d7fff window] (subtractive decode)
Mar 16 00:14:06 ariard kernel: [    0.169529] pci 0000:00:11.0:   bridge window [mem 0x000d8000-0x000dbfff window] (subtractive decode)
Mar 16 00:14:06 ariard kernel: [    0.169529] pci 0000:00:11.0:   bridge window [mem 0x80000000-0xfebfffff window] (subtractive decode)
Mar 16 00:14:06 ariard kernel: [    0.169530] pci 0000:00:11.0:   bridge window [io  0x0000-0x0cf7 window] (subtractive decode)
Mar 16 00:14:06 ariard kernel: [    0.169531] pci 0000:00:11.0:   bridge window [io  0x0d00-0xfeff window] (subtractive decode)
Mar 16 00:14:06 ariard kernel: [    0.169892] pci 0000:00:15.0: PCI bridge to [bus 03]
Mar 16 00:14:06 ariard kernel: [    0.169967] pci 0000:00:15.0:   bridge window [io  0x4000-0x4fff]
Mar 16 00:14:06 ariard kernel: [    0.169991] pci 0000:00:15.0:   bridge window [mem 0xfd400000-0xfd4fffff]
Mar 16 00:14:06 ariard kernel: [    0.170039] pci 0000:00:15.0:   bridge window [mem 0xe7a00000-0xe7afffff 64bit pref]
Mar 16 00:14:06 ariard kernel: [    0.170394] pci 0000:00:15.1: PCI bridge to [bus 04]
Mar 16 00:14:06 ariard kernel: [    0.170468] pci 0000:00:15.1:   bridge window [io  0x8000-0x8fff]
Mar 16 00:14:06 ariard kernel: [    0.170493] pci 0000:00:15.1:   bridge window [mem 0xfd000000-0xfd0fffff]
Mar 16 00:14:06 ariard kernel: [    0.170540] pci 0000:00:15.1:   bridge window [mem 0xe7600000-0xe76fffff 64bit pref]
Mar 16 00:14:06 ariard kernel: [    0.170888] pci 0000:00:15.2: PCI bridge to [bus 05]
Mar 16 00:14:06 ariard kernel: [    0.170960] pci 0000:00:15.2:   bridge window [io  0xc000-0xcfff]
Mar 16 00:14:06 ariard kernel: [    0.170985] pci 0000:00:15.2:   bridge window [mem 0xfcc00000-0xfccfffff]
Mar 16 00:14:06 ariard kernel: [    0.171027] pci 0000:00:15.2:   bridge window [mem 0xe7200000-0xe72fffff 64bit pref]
Mar 16 00:14:06 ariard kernel: [    0.171378] pci 0000:00:15.3: PCI bridge to [bus 06]
Mar 16 00:14:06 ariard kernel: [    0.171479] pci 0000:00:15.3:   bridge window [mem 0xfc800000-0xfc8fffff]
Mar 16 00:14:06 ariard kernel: [    0.171523] pci 0000:00:15.3:   bridge window [mem 0xe6e00000-0xe6efffff 64bit pref]
Mar 16 00:14:06 ariard kernel: [    0.171850] pci 0000:00:15.4: PCI bridge to [bus 07]
Mar 16 00:14:06 ariard kernel: [    0.171959] pci 0000:00:15.4:   bridge window [mem 0xfc400000-0xfc4fffff]
Mar 16 00:14:06 ariard kernel: [    0.172004] pci 0000:00:15.4:   bridge window [mem 0xe6a00000-0xe6afffff 64bit pref]
Mar 16 00:14:06 ariard kernel: [    0.172355] pci 0000:00:15.5: PCI bridge to [bus 08]
Mar 16 00:14:06 ariard kernel: [    0.172468] pci 0000:00:15.5:   bridge window [mem 0xfc000000-0xfc0fffff]
Mar 16 00:14:06 ariard kernel: [    0.172515] pci 0000:00:15.5:   bridge window [mem 0xe6600000-0xe66fffff 64bit pref]
Mar 16 00:14:06 ariard kernel: [    0.172866] pci 0000:00:15.6: PCI bridge to [bus 09]
Mar 16 00:14:06 ariard kernel: [    0.172961] pci 0000:00:15.6:   bridge window [mem 0xfbc00000-0xfbcfffff]
Mar 16 00:14:06 ariard kernel: [    0.173003] pci 0000:00:15.6:   bridge window [mem 0xe6200000-0xe62fffff 64bit pref]
Mar 16 00:14:06 ariard kernel: [    0.173354] pci 0000:00:15.7: PCI bridge to [bus 0a]
Mar 16 00:14:06 ariard kernel: [    0.173449] pci 0000:00:15.7:   bridge window [mem 0xfb800000-0xfb8fffff]
Mar 16 00:14:06 ariard kernel: [    0.173496] pci 0000:00:15.7:   bridge window [mem 0xe5e00000-0xe5efffff 64bit pref]
Mar 16 00:14:06 ariard kernel: [    0.173845] pci 0000:00:16.0: PCI bridge to [bus 0b]
Mar 16 00:14:06 ariard kernel: [    0.173917] pci 0000:00:16.0:   bridge window [io  0x5000-0x5fff]
Mar 16 00:14:06 ariard kernel: [    0.173941] pci 0000:00:16.0:   bridge window [mem 0xfd300000-0xfd3fffff]
Mar 16 00:14:06 ariard kernel: [    0.173988] pci 0000:00:16.0:   bridge window [mem 0xe7900000-0xe79fffff 64bit pref]
Mar 16 00:14:06 ariard kernel: [    0.174331] pci 0000:00:16.1: PCI bridge to [bus 0c]
Mar 16 00:14:06 ariard kernel: [    0.174404] pci 0000:00:16.1:   bridge window [io  0x9000-0x9fff]
Mar 16 00:14:06 ariard kernel: [    0.174428] pci 0000:00:16.1:   bridge window [mem 0xfcf00000-0xfcffffff]
Mar 16 00:14:06 ariard kernel: [    0.174475] pci 0000:00:16.1:   bridge window [mem 0xe7500000-0xe75fffff 64bit pref]
Mar 16 00:14:06 ariard kernel: [    0.174829] pci 0000:00:16.2: PCI bridge to [bus 0d]
Mar 16 00:14:06 ariard kernel: [    0.174901] pci 0000:00:16.2:   bridge window [io  0xd000-0xdfff]
Mar 16 00:14:06 ariard kernel: [    0.174925] pci 0000:00:16.2:   bridge window [mem 0xfcb00000-0xfcbfffff]
Mar 16 00:14:06 ariard kernel: [    0.174972] pci 0000:00:16.2:   bridge window [mem 0xe7100000-0xe71fffff 64bit pref]
Mar 16 00:14:06 ariard kernel: [    0.175316] pci 0000:00:16.3: PCI bridge to [bus 0e]
Mar 16 00:14:06 ariard kernel: [    0.175411] pci 0000:00:16.3:   bridge window [mem 0xfc700000-0xfc7fffff]
Mar 16 00:14:06 ariard kernel: [    0.175458] pci 0000:00:16.3:   bridge window [mem 0xe6d00000-0xe6dfffff 64bit pref]
Mar 16 00:14:06 ariard kernel: [    0.175817] pci 0000:00:16.4: PCI bridge to [bus 0f]
Mar 16 00:14:06 ariard kernel: [    0.175912] pci 0000:00:16.4:   bridge window [mem 0xfc300000-0xfc3fffff]
Mar 16 00:14:06 ariard kernel: [    0.175959] pci 0000:00:16.4:   bridge window [mem 0xe6900000-0xe69fffff 64bit pref]
Mar 16 00:14:06 ariard kernel: [    0.176303] pci 0000:00:16.5: PCI bridge to [bus 10]
Mar 16 00:14:06 ariard kernel: [    0.176396] pci 0000:00:16.5:   bridge window [mem 0xfbf00000-0xfbffffff]
Mar 16 00:14:06 ariard kernel: [    0.176443] pci 0000:00:16.5:   bridge window [mem 0xe6500000-0xe65fffff 64bit pref]
Mar 16 00:14:06 ariard kernel: [    0.176793] pci 0000:00:16.6: PCI bridge to [bus 11]
Mar 16 00:14:06 ariard kernel: [    0.176893] pci 0000:00:16.6:   bridge window [mem 0xfbb00000-0xfbbfffff]
Mar 16 00:14:06 ariard kernel: [    0.176940] pci 0000:00:16.6:   bridge window [mem 0xe6100000-0xe61fffff 64bit pref]
Mar 16 00:14:06 ariard kernel: [    0.177287] pci 0000:00:16.7: PCI bridge to [bus 12]
Mar 16 00:14:06 ariard kernel: [    0.177387] pci 0000:00:16.7:   bridge window [mem 0xfb700000-0xfb7fffff]
Mar 16 00:14:06 ariard kernel: [    0.177431] pci 0000:00:16.7:   bridge window [mem 0xe5d00000-0xe5dfffff 64bit pref]
Mar 16 00:14:06 ariard kernel: [    0.177760] pci 0000:00:17.0: PCI bridge to [bus 13]
Mar 16 00:14:06 ariard kernel: [    0.177827] pci 0000:00:17.0:   bridge window [io  0x6000-0x6fff]
Mar 16 00:14:06 ariard kernel: [    0.177850] pci 0000:00:17.0:   bridge window [mem 0xfd200000-0xfd2fffff]
Mar 16 00:14:06 ariard kernel: [    0.177894] pci 0000:00:17.0:   bridge window [mem 0xe7800000-0xe78fffff 64bit pref]
Mar 16 00:14:06 ariard kernel: [    0.178248] pci 0000:00:17.1: PCI bridge to [bus 14]
Mar 16 00:14:06 ariard kernel: [    0.178317] pci 0000:00:17.1:   bridge window [io  0xa000-0xafff]
Mar 16 00:14:06 ariard kernel: [    0.178340] pci 0000:00:17.1:   bridge window [mem 0xfce00000-0xfcefffff]
Mar 16 00:14:06 ariard kernel: [    0.178385] pci 0000:00:17.1:   bridge window [mem 0xe7400000-0xe74fffff 64bit pref]
Mar 16 00:14:06 ariard kernel: [    0.178713] pci 0000:00:17.2: PCI bridge to [bus 15]
Mar 16 00:14:06 ariard kernel: [    0.178780] pci 0000:00:17.2:   bridge window [io  0xe000-0xefff]
Mar 16 00:14:06 ariard kernel: [    0.178803] pci 0000:00:17.2:   bridge window [mem 0xfca00000-0xfcafffff]
Mar 16 00:14:06 ariard kernel: [    0.178847] pci 0000:00:17.2:   bridge window [mem 0xe7000000-0xe70fffff 64bit pref]
Mar 16 00:14:06 ariard kernel: [    0.179189] pci 0000:00:17.3: PCI bridge to [bus 16]
Mar 16 00:14:06 ariard kernel: [    0.179283] pci 0000:00:17.3:   bridge window [mem 0xfc600000-0xfc6fffff]
Mar 16 00:14:06 ariard kernel: [    0.179337] pci 0000:00:17.3:   bridge window [mem 0xe6c00000-0xe6cfffff 64bit pref]
Mar 16 00:14:06 ariard kernel: [    0.179684] pci 0000:00:17.4: PCI bridge to [bus 17]
Mar 16 00:14:06 ariard kernel: [    0.179775] pci 0000:00:17.4:   bridge window [mem 0xfc200000-0xfc2fffff]
Mar 16 00:14:06 ariard kernel: [    0.179819] pci 0000:00:17.4:   bridge window [mem 0xe6800000-0xe68fffff 64bit pref]
Mar 16 00:14:06 ariard kernel: [    0.180149] pci 0000:00:17.5: PCI bridge to [bus 18]
Mar 16 00:14:06 ariard kernel: [    0.180239] pci 0000:00:17.5:   bridge window [mem 0xfbe00000-0xfbefffff]
Mar 16 00:14:06 ariard kernel: [    0.180285] pci 0000:00:17.5:   bridge window [mem 0xe6400000-0xe64fffff 64bit pref]
Mar 16 00:14:06 ariard kernel: [    0.180614] pci 0000:00:17.6: PCI bridge to [bus 19]
Mar 16 00:14:06 ariard kernel: [    0.180749] pci 0000:00:17.6:   bridge window [mem 0xfba00000-0xfbafffff]
Mar 16 00:14:06 ariard kernel: [    0.180803] pci 0000:00:17.6:   bridge window [mem 0xe6000000-0xe60fffff 64bit pref]
Mar 16 00:14:06 ariard kernel: [    0.181138] pci 0000:00:17.7: PCI bridge to [bus 1a]
Mar 16 00:14:06 ariard kernel: [    0.181234] pci 0000:00:17.7:   bridge window [mem 0xfb600000-0xfb6fffff]
Mar 16 00:14:06 ariard kernel: [    0.181288] pci 0000:00:17.7:   bridge window [mem 0xe5c00000-0xe5cfffff 64bit pref]
Mar 16 00:14:06 ariard kernel: [    0.181665] pci 0000:00:18.0: PCI bridge to [bus 1b]
Mar 16 00:14:06 ariard kernel: [    0.181733] pci 0000:00:18.0:   bridge window [io  0x7000-0x7fff]
Mar 16 00:14:06 ariard kernel: [    0.181756] pci 0000:00:18.0:   bridge window [mem 0xfd100000-0xfd1fffff]
Mar 16 00:14:06 ariard kernel: [    0.181800] pci 0000:00:18.0:   bridge window [mem 0xe7700000-0xe77fffff 64bit pref]
Mar 16 00:14:06 ariard kernel: [    0.182148] pci 0000:00:18.1: PCI bridge to [bus 1c]
Mar 16 00:14:06 ariard kernel: [    0.182220] pci 0000:00:18.1:   bridge window [io  0xb000-0xbfff]
Mar 16 00:14:06 ariard kernel: [    0.182245] pci 0000:00:18.1:   bridge window [mem 0xfcd00000-0xfcdfffff]
Mar 16 00:14:06 ariard kernel: [    0.182292] pci 0000:00:18.1:   bridge window [mem 0xe7300000-0xe73fffff 64bit pref]
Mar 16 00:14:06 ariard kernel: [    0.182660] pci 0000:00:18.2: PCI bridge to [bus 1d]
Mar 16 00:14:06 ariard kernel: [    0.182754] pci 0000:00:18.2:   bridge window [mem 0xfc900000-0xfc9fffff]
Mar 16 00:14:06 ariard kernel: [    0.182801] pci 0000:00:18.2:   bridge window [mem 0xe6f00000-0xe6ffffff 64bit pref]
Mar 16 00:14:06 ariard kernel: [    0.183149] pci 0000:00:18.3: PCI bridge to [bus 1e]
Mar 16 00:14:06 ariard kernel: [    0.183243] pci 0000:00:18.3:   bridge window [mem 0xfc500000-0xfc5fffff]
Mar 16 00:14:06 ariard kernel: [    0.183290] pci 0000:00:18.3:   bridge window [mem 0xe6b00000-0xe6bfffff 64bit pref]
Mar 16 00:14:06 ariard kernel: [    0.183640] pci 0000:00:18.4: PCI bridge to [bus 1f]
Mar 16 00:14:06 ariard kernel: [    0.183746] pci 0000:00:18.4:   bridge window [mem 0xfc100000-0xfc1fffff]
Mar 16 00:14:06 ariard kernel: [    0.183792] pci 0000:00:18.4:   bridge window [mem 0xe6700000-0xe67fffff 64bit pref]
Mar 16 00:14:06 ariard kernel: [    0.184137] pci 0000:00:18.5: PCI bridge to [bus 20]
Mar 16 00:14:06 ariard kernel: [    0.184250] pci 0000:00:18.5:   bridge window [mem 0xfbd00000-0xfbdfffff]
Mar 16 00:14:06 ariard kernel: [    0.184297] pci 0000:00:18.5:   bridge window [mem 0xe6300000-0xe63fffff 64bit pref]
Mar 16 00:14:06 ariard kernel: [    0.184664] pci 0000:00:18.6: PCI bridge to [bus 21]
Mar 16 00:14:06 ariard kernel: [    0.184780] pci 0000:00:18.6:   bridge window [mem 0xfb900000-0xfb9fffff]
Mar 16 00:14:06 ariard kernel: [    0.184826] pci 0000:00:18.6:   bridge window [mem 0xe5f00000-0xe5ffffff 64bit pref]
Mar 16 00:14:06 ariard kernel: [    0.185170] pci 0000:00:18.7: PCI bridge to [bus 22]
Mar 16 00:14:06 ariard kernel: [    0.185266] pci 0000:00:18.7:   bridge window [mem 0xfb500000-0xfb5fffff]
Mar 16 00:14:06 ariard kernel: [    0.185312] pci 0000:00:18.7:   bridge window [mem 0xe5b00000-0xe5bfffff 64bit pref]
Mar 16 00:14:06 ariard kernel: [    0.188014] ACPI: PCI Interrupt Link [LNKA] (IRQs 3 4 5 6 7 *9 10 11 14 15)
Mar 16 00:14:06 ariard kernel: [    0.188172] ACPI: PCI Interrupt Link [LNKB] (IRQs 3 4 5 6 *7 9 10 11 14 15)
Mar 16 00:14:06 ariard kernel: [    0.188316] ACPI: PCI Interrupt Link [LNKC] (IRQs 3 4 5 6 7 9 10 *11 14 15)
Mar 16 00:14:06 ariard kernel: [    0.188458] ACPI: PCI Interrupt Link [LNKD] (IRQs 3 4 5 6 7 9 *10 11 14 15)
Mar 16 00:14:06 ariard kernel: [    0.195421] pci 0000:00:0f.0: vgaarb: setting as boot VGA device
Mar 16 00:14:06 ariard kernel: [    0.195421] pci 0000:00:0f.0: vgaarb: VGA device added: decodes=io+mem,owns=io+mem,locks=none
Mar 16 00:14:06 ariard kernel: [    0.195421] pci 0000:00:0f.0: vgaarb: bridge control possible
Mar 16 00:14:06 ariard kernel: [    0.195421] vgaarb: loaded
Mar 16 00:14:06 ariard kernel: [    0.195421] SCSI subsystem initialized
Mar 16 00:14:06 ariard kernel: [    0.195478] libata version 3.00 loaded.
Mar 16 00:14:06 ariard kernel: [    0.195513] ACPI: bus type USB registered
Mar 16 00:14:06 ariard kernel: [    0.196042] usbcore: registered new interface driver usbfs
Mar 16 00:14:06 ariard kernel: [    0.196128] usbcore: registered new interface driver hub
Mar 16 00:14:06 ariard kernel: [    0.196217] usbcore: registered new device driver usb
Mar 16 00:14:06 ariard kernel: [    0.196292] pps_core: LinuxPPS API ver. 1 registered
Mar 16 00:14:06 ariard kernel: [    0.196342] pps_core: Software ver. 5.3.6 - Copyright 2005-2007 Rodolfo Giometti <giometti@linux.it>
Mar 16 00:14:06 ariard kernel: [    0.196441] PTP clock support registered
Mar 16 00:14:06 ariard kernel: [    0.196553] EDAC MC: Ver: 3.0.0
Mar 16 00:14:06 ariard kernel: [    0.198114] Advanced Linux Sound Architecture Driver Initialized.
Mar 16 00:14:06 ariard kernel: [    0.198127] PCI: Using ACPI for IRQ routing
Mar 16 00:14:06 ariard kernel: [    0.231172] PCI: pci_cache_line_size set to 64 bytes
Mar 16 00:14:06 ariard kernel: [    0.232155] e820: reserve RAM buffer [mem 0x0009f400-0x0009ffff]
Mar 16 00:14:06 ariard kernel: [    0.232157] e820: reserve RAM buffer [mem 0x7fee0000-0x7fffffff]
Mar 16 00:14:06 ariard kernel: [    0.232297] NetLabel: Initializing
Mar 16 00:14:06 ariard kernel: [    0.232297] kworker/u6:2 (977) used greatest stack depth: 14224 bytes left
Mar 16 00:14:06 ariard kernel: [    0.232348] NetLabel:  domain hash size = 128
Mar 16 00:14:06 ariard kernel: [    0.232349] NetLabel:  protocols = UNLABELED CIPSOv4 CALIPSO
Mar 16 00:14:06 ariard kernel: [    0.232740] NetLabel:  unlabeled traffic allowed by default
Mar 16 00:14:06 ariard kernel: [    0.232847] clocksource: Switched to clocksource tsc-early
Mar 16 00:14:06 ariard kernel: [    0.321730] VFS: Disk quotas dquot_6.6.0
Mar 16 00:14:06 ariard kernel: [    0.321854] VFS: Dquot-cache hash table entries: 512 (order 0, 4096 bytes)
Mar 16 00:14:06 ariard kernel: [    0.321982] pnp: PnP ACPI init
Mar 16 00:14:06 ariard kernel: [    0.322255] system 00:00: [io  0x1000-0x103f] has been reserved
Mar 16 00:14:06 ariard kernel: [    0.322307] system 00:00: [io  0x1040-0x104f] has been reserved
Mar 16 00:14:06 ariard kernel: [    0.322367] system 00:00: [io  0x0cf0-0x0cf1] has been reserved
Mar 16 00:14:06 ariard kernel: [    0.322439] system 00:00: Plug and Play ACPI device, IDs PNP0c02 (active)
Mar 16 00:14:06 ariard kernel: [    0.322480] pnp 00:01: Plug and Play ACPI device, IDs PNP0b00 (active)
Mar 16 00:14:06 ariard kernel: [    0.322503] pnp 00:02: Plug and Play ACPI device, IDs PNP0303 (active)
Mar 16 00:14:06 ariard kernel: [    0.322520] pnp 00:03: Plug and Play ACPI device, IDs VMW0003 PNP0f13 (active)
Mar 16 00:14:06 ariard kernel: [    0.324532] system 00:04: [io  0xfce0-0xfcff] has been reserved
Mar 16 00:14:06 ariard kernel: [    0.324591] system 00:04: [mem 0xf0000000-0xf7ffffff] has been reserved
Mar 16 00:14:06 ariard kernel: [    0.324649] system 00:04: [mem 0xfe800000-0xfe9fffff] has been reserved
Mar 16 00:14:06 ariard kernel: [    0.324729] system 00:04: Plug and Play ACPI device, IDs PNP0c02 (active)
Mar 16 00:14:06 ariard kernel: [    0.329351] pnp: PnP ACPI: found 5 devices
Mar 16 00:14:06 ariard kernel: [    0.342820] clocksource: acpi_pm: mask: 0xffffff max_cycles: 0xffffff, max_idle_ns: 2085701024 ns
Mar 16 00:14:06 ariard kernel: [    0.343358] pci 0000:00:15.3: bridge window [io  0x1000-0x0fff] to [bus 06] add_size 1000
Mar 16 00:14:06 ariard kernel: [    0.343425] pci 0000:00:15.4: bridge window [io  0x1000-0x0fff] to [bus 07] add_size 1000
Mar 16 00:14:06 ariard kernel: [    0.343502] pci 0000:00:15.5: bridge window [io  0x1000-0x0fff] to [bus 08] add_size 1000
Mar 16 00:14:06 ariard kernel: [    0.343572] pci 0000:00:15.6: bridge window [io  0x1000-0x0fff] to [bus 09] add_size 1000
Mar 16 00:14:06 ariard kernel: [    0.343642] pci 0000:00:15.7: bridge window [io  0x1000-0x0fff] to [bus 0a] add_size 1000
Mar 16 00:14:06 ariard kernel: [    0.343916] pci 0000:00:16.3: bridge window [io  0x1000-0x0fff] to [bus 0e] add_size 1000
Mar 16 00:14:06 ariard kernel: [    0.343987] pci 0000:00:16.4: bridge window [io  0x1000-0x0fff] to [bus 0f] add_size 1000
Mar 16 00:14:06 ariard kernel: [    0.344075] pci 0000:00:16.5: bridge window [io  0x1000-0x0fff] to [bus 10] add_size 1000
Mar 16 00:14:06 ariard kernel: [    0.344149] pci 0000:00:16.6: bridge window [io  0x1000-0x0fff] to [bus 11] add_size 1000
Mar 16 00:14:06 ariard kernel: [    0.344230] pci 0000:00:16.7: bridge window [io  0x1000-0x0fff] to [bus 12] add_size 1000
Mar 16 00:14:06 ariard kernel: [    0.344505] pci 0000:00:17.3: bridge window [io  0x1000-0x0fff] to [bus 16] add_size 1000
Mar 16 00:14:06 ariard kernel: [    0.344575] pci 0000:00:17.4: bridge window [io  0x1000-0x0fff] to [bus 17] add_size 1000
Mar 16 00:14:06 ariard kernel: [    0.344646] pci 0000:00:17.5: bridge window [io  0x1000-0x0fff] to [bus 18] add_size 1000
Mar 16 00:14:06 ariard kernel: [    0.344716] pci 0000:00:17.6: bridge window [io  0x1000-0x0fff] to [bus 19] add_size 1000
Mar 16 00:14:06 ariard kernel: [    0.344786] pci 0000:00:17.7: bridge window [io  0x1000-0x0fff] to [bus 1a] add_size 1000
Mar 16 00:14:06 ariard kernel: [    0.344992] pci 0000:00:18.2: bridge window [io  0x1000-0x0fff] to [bus 1d] add_size 1000
Mar 16 00:14:06 ariard kernel: [    0.345078] pci 0000:00:18.3: bridge window [io  0x1000-0x0fff] to [bus 1e] add_size 1000
Mar 16 00:14:06 ariard kernel: [    0.345157] pci 0000:00:18.4: bridge window [io  0x1000-0x0fff] to [bus 1f] add_size 1000
Mar 16 00:14:06 ariard kernel: [    0.345237] pci 0000:00:18.5: bridge window [io  0x1000-0x0fff] to [bus 20] add_size 1000
Mar 16 00:14:06 ariard kernel: [    0.345307] pci 0000:00:18.6: bridge window [io  0x1000-0x0fff] to [bus 21] add_size 1000
Mar 16 00:14:06 ariard kernel: [    0.345377] pci 0000:00:18.7: bridge window [io  0x1000-0x0fff] to [bus 22] add_size 1000
Mar 16 00:14:06 ariard kernel: [    0.345391] pci 0000:00:0f.0: BAR 6: assigned [mem 0x80000000-0x80007fff pref]
Mar 16 00:14:06 ariard kernel: [    0.345464] pci 0000:00:15.3: BAR 7: no space for [io  size 0x1000]
Mar 16 00:14:06 ariard kernel: [    0.345517] pci 0000:00:15.3: BAR 7: failed to assign [io  size 0x1000]
Mar 16 00:14:06 ariard kernel: [    0.345582] pci 0000:00:15.4: BAR 7: no space for [io  size 0x1000]
Mar 16 00:14:06 ariard kernel: [    0.345637] pci 0000:00:15.4: BAR 7: failed to assign [io  size 0x1000]
Mar 16 00:14:06 ariard kernel: [    0.345701] pci 0000:00:15.5: BAR 7: no space for [io  size 0x1000]
Mar 16 00:14:06 ariard kernel: [    0.345754] pci 0000:00:15.5: BAR 7: failed to assign [io  size 0x1000]
Mar 16 00:14:06 ariard kernel: [    0.345809] pci 0000:00:15.6: BAR 7: no space for [io  size 0x1000]
Mar 16 00:14:06 ariard kernel: [    0.345870] pci 0000:00:15.6: BAR 7: failed to assign [io  size 0x1000]
Mar 16 00:14:06 ariard kernel: [    0.345928] pci 0000:00:15.7: BAR 7: no space for [io  size 0x1000]
Mar 16 00:14:06 ariard kernel: [    0.345982] pci 0000:00:15.7: BAR 7: failed to assign [io  size 0x1000]
Mar 16 00:14:06 ariard kernel: [    0.346047] pci 0000:00:16.3: BAR 7: no space for [io  size 0x1000]
Mar 16 00:14:06 ariard kernel: [    0.346103] pci 0000:00:16.3: BAR 7: failed to assign [io  size 0x1000]
Mar 16 00:14:06 ariard kernel: [    0.346161] pci 0000:00:16.4: BAR 7: no space for [io  size 0x1000]
Mar 16 00:14:06 ariard kernel: [    0.346215] pci 0000:00:16.4: BAR 7: failed to assign [io  size 0x1000]
Mar 16 00:14:06 ariard kernel: [    0.346280] pci 0000:00:16.5: BAR 7: no space for [io  size 0x1000]
Mar 16 00:14:06 ariard kernel: [    0.346332] pci 0000:00:16.5: BAR 7: failed to assign [io  size 0x1000]
Mar 16 00:14:06 ariard kernel: [    0.346388] pci 0000:00:16.6: BAR 7: no space for [io  size 0x1000]
Mar 16 00:14:06 ariard kernel: [    0.346441] pci 0000:00:16.6: BAR 7: failed to assign [io  size 0x1000]
Mar 16 00:14:06 ariard kernel: [    0.346496] pci 0000:00:16.7: BAR 7: no space for [io  size 0x1000]
Mar 16 00:14:06 ariard kernel: [    0.346551] pci 0000:00:16.7: BAR 7: failed to assign [io  size 0x1000]
Mar 16 00:14:06 ariard kernel: [    0.346607] pci 0000:00:17.3: BAR 7: no space for [io  size 0x1000]
Mar 16 00:14:06 ariard kernel: [    0.346660] pci 0000:00:17.3: BAR 7: failed to assign [io  size 0x1000]
Mar 16 00:14:06 ariard kernel: [    0.346716] pci 0000:00:17.4: BAR 7: no space for [io  size 0x1000]
Mar 16 00:14:06 ariard kernel: [    0.346769] pci 0000:00:17.4: BAR 7: failed to assign [io  size 0x1000]
Mar 16 00:14:06 ariard kernel: [    0.346824] pci 0000:00:17.5: BAR 7: no space for [io  size 0x1000]
Mar 16 00:14:06 ariard kernel: [    0.346877] pci 0000:00:17.5: BAR 7: failed to assign [io  size 0x1000]
Mar 16 00:14:06 ariard kernel: [    0.346932] pci 0000:00:17.6: BAR 7: no space for [io  size 0x1000]
Mar 16 00:14:06 ariard kernel: [    0.346984] pci 0000:00:17.6: BAR 7: failed to assign [io  size 0x1000]
Mar 16 00:14:06 ariard kernel: [    0.347046] pci 0000:00:17.7: BAR 7: no space for [io  size 0x1000]
Mar 16 00:14:06 ariard kernel: [    0.347099] pci 0000:00:17.7: BAR 7: failed to assign [io  size 0x1000]
Mar 16 00:14:06 ariard kernel: [    0.347154] pci 0000:00:18.2: BAR 7: no space for [io  size 0x1000]
Mar 16 00:14:06 ariard kernel: [    0.347207] pci 0000:00:18.2: BAR 7: failed to assign [io  size 0x1000]
Mar 16 00:14:06 ariard kernel: [    0.347262] pci 0000:00:18.3: BAR 7: no space for [io  size 0x1000]
Mar 16 00:14:06 ariard kernel: [    0.347315] pci 0000:00:18.3: BAR 7: failed to assign [io  size 0x1000]
Mar 16 00:14:06 ariard kernel: [    0.347370] pci 0000:00:18.4: BAR 7: no space for [io  size 0x1000]
Mar 16 00:14:06 ariard kernel: [    0.347422] pci 0000:00:18.4: BAR 7: failed to assign [io  size 0x1000]
Mar 16 00:14:06 ariard kernel: [    0.347478] pci 0000:00:18.5: BAR 7: no space for [io  size 0x1000]
Mar 16 00:14:06 ariard kernel: [    0.347530] pci 0000:00:18.5: BAR 7: failed to assign [io  size 0x1000]
Mar 16 00:14:06 ariard kernel: [    0.347585] pci 0000:00:18.6: BAR 7: no space for [io  size 0x1000]
Mar 16 00:14:06 ariard kernel: [    0.347638] pci 0000:00:18.6: BAR 7: failed to assign [io  size 0x1000]
Mar 16 00:14:06 ariard kernel: [    0.347693] pci 0000:00:18.7: BAR 7: no space for [io  size 0x1000]
Mar 16 00:14:06 ariard kernel: [    0.347746] pci 0000:00:18.7: BAR 7: failed to assign [io  size 0x1000]
Mar 16 00:14:06 ariard kernel: [    0.347803] pci 0000:00:18.7: BAR 7: no space for [io  size 0x1000]
Mar 16 00:14:06 ariard kernel: [    0.347856] pci 0000:00:18.7: BAR 7: failed to assign [io  size 0x1000]
Mar 16 00:14:06 ariard kernel: [    0.347911] pci 0000:00:18.6: BAR 7: no space for [io  size 0x1000]
Mar 16 00:14:06 ariard kernel: [    0.347966] pci 0000:00:18.6: BAR 7: failed to assign [io  size 0x1000]
Mar 16 00:14:06 ariard kernel: [    0.348027] pci 0000:00:18.5: BAR 7: no space for [io  size 0x1000]
Mar 16 00:14:06 ariard kernel: [    0.348080] pci 0000:00:18.5: BAR 7: failed to assign [io  size 0x1000]
Mar 16 00:14:06 ariard kernel: [    0.348135] pci 0000:00:18.4: BAR 7: no space for [io  size 0x1000]
Mar 16 00:14:06 ariard kernel: [    0.348200] pci 0000:00:18.4: BAR 7: failed to assign [io  size 0x1000]
Mar 16 00:14:06 ariard kernel: [    0.348256] pci 0000:00:18.3: BAR 7: no space for [io  size 0x1000]
Mar 16 00:14:06 ariard kernel: [    0.348309] pci 0000:00:18.3: BAR 7: failed to assign [io  size 0x1000]
Mar 16 00:14:06 ariard kernel: [    0.348364] pci 0000:00:18.2: BAR 7: no space for [io  size 0x1000]
Mar 16 00:14:06 ariard kernel: [    0.348417] pci 0000:00:18.2: BAR 7: failed to assign [io  size 0x1000]
Mar 16 00:14:06 ariard kernel: [    0.348472] pci 0000:00:17.7: BAR 7: no space for [io  size 0x1000]
Mar 16 00:14:06 ariard kernel: [    0.348525] pci 0000:00:17.7: BAR 7: failed to assign [io  size 0x1000]
Mar 16 00:14:06 ariard kernel: [    0.348580] pci 0000:00:17.6: BAR 7: no space for [io  size 0x1000]
Mar 16 00:14:06 ariard kernel: [    0.348632] pci 0000:00:17.6: BAR 7: failed to assign [io  size 0x1000]
Mar 16 00:14:06 ariard kernel: [    0.348687] pci 0000:00:17.5: BAR 7: no space for [io  size 0x1000]
Mar 16 00:14:06 ariard kernel: [    0.348740] pci 0000:00:17.5: BAR 7: failed to assign [io  size 0x1000]
Mar 16 00:14:06 ariard kernel: [    0.348795] pci 0000:00:17.4: BAR 7: no space for [io  size 0x1000]
Mar 16 00:14:06 ariard kernel: [    0.348848] pci 0000:00:17.4: BAR 7: failed to assign [io  size 0x1000]
Mar 16 00:14:06 ariard kernel: [    0.348903] pci 0000:00:17.3: BAR 7: no space for [io  size 0x1000]
Mar 16 00:14:06 ariard kernel: [    0.348955] pci 0000:00:17.3: BAR 7: failed to assign [io  size 0x1000]
Mar 16 00:14:06 ariard kernel: [    0.349017] pci 0000:00:16.7: BAR 7: no space for [io  size 0x1000]
Mar 16 00:14:06 ariard kernel: [    0.349079] pci 0000:00:16.7: BAR 7: failed to assign [io  size 0x1000]
Mar 16 00:14:06 ariard kernel: [    0.349136] pci 0000:00:16.6: BAR 7: no space for [io  size 0x1000]
Mar 16 00:14:06 ariard kernel: [    0.349202] pci 0000:00:16.6: BAR 7: failed to assign [io  size 0x1000]
Mar 16 00:14:06 ariard kernel: [    0.349257] pci 0000:00:16.5: BAR 7: no space for [io  size 0x1000]
Mar 16 00:14:06 ariard kernel: [    0.349310] pci 0000:00:16.5: BAR 7: failed to assign [io  size 0x1000]
Mar 16 00:14:06 ariard kernel: [    0.349655] pci 0000:00:16.4: BAR 7: no space for [io  size 0x1000]
Mar 16 00:14:06 ariard kernel: [    0.349709] pci 0000:00:16.4: BAR 7: failed to assign [io  size 0x1000]
Mar 16 00:14:06 ariard kernel: [    0.349765] pci 0000:00:16.3: BAR 7: no space for [io  size 0x1000]
Mar 16 00:14:06 ariard kernel: [    0.349818] pci 0000:00:16.3: BAR 7: failed to assign [io  size 0x1000]
Mar 16 00:14:06 ariard kernel: [    0.349873] pci 0000:00:15.7: BAR 7: no space for [io  size 0x1000]
Mar 16 00:14:06 ariard kernel: [    0.349926] pci 0000:00:15.7: BAR 7: failed to assign [io  size 0x1000]
Mar 16 00:14:06 ariard kernel: [    0.349982] pci 0000:00:15.6: BAR 7: no space for [io  size 0x1000]
Mar 16 00:14:06 ariard kernel: [    0.350041] pci 0000:00:15.6: BAR 7: failed to assign [io  size 0x1000]
Mar 16 00:14:06 ariard kernel: [    0.350097] pci 0000:00:15.5: BAR 7: no space for [io  size 0x1000]
Mar 16 00:14:06 ariard kernel: [    0.350150] pci 0000:00:15.5: BAR 7: failed to assign [io  size 0x1000]
Mar 16 00:14:06 ariard kernel: [    0.350206] pci 0000:00:15.4: BAR 7: no space for [io  size 0x1000]
Mar 16 00:14:06 ariard kernel: [    0.350258] pci 0000:00:15.4: BAR 7: failed to assign [io  size 0x1000]
Mar 16 00:14:06 ariard kernel: [    0.350314] pci 0000:00:15.3: BAR 7: no space for [io  size 0x1000]
Mar 16 00:14:06 ariard kernel: [    0.350366] pci 0000:00:15.3: BAR 7: failed to assign [io  size 0x1000]
Mar 16 00:14:06 ariard kernel: [    0.350422] pci 0000:00:01.0: PCI bridge to [bus 01]
Mar 16 00:14:06 ariard kernel: [    0.350590] pci 0000:02:01.0: BAR 6: assigned [mem 0xfd500000-0xfd50ffff pref]
Mar 16 00:14:06 ariard kernel: [    0.350658] pci 0000:02:03.0: BAR 6: assigned [mem 0xfd510000-0xfd51ffff pref]
Mar 16 00:14:06 ariard kernel: [    0.350725] pci 0000:00:11.0: PCI bridge to [bus 02]
Mar 16 00:14:06 ariard kernel: [    0.350784] pci 0000:00:11.0:   bridge window [io  0x2000-0x3fff]
Mar 16 00:14:06 ariard kernel: [    0.350884] pci 0000:00:11.0:   bridge window [mem 0xfd500000-0xfdffffff]
Mar 16 00:14:06 ariard kernel: [    0.350965] pci 0000:00:11.0:   bridge window [mem 0xe7b00000-0xe7ffffff 64bit pref]
Mar 16 00:14:06 ariard kernel: [    0.351104] pci 0000:00:15.0: PCI bridge to [bus 03]
Mar 16 00:14:06 ariard kernel: [    0.351164] pci 0000:00:15.0:   bridge window [io  0x4000-0x4fff]
Mar 16 00:14:06 ariard kernel: [    0.351258] pci 0000:00:15.0:   bridge window [mem 0xfd400000-0xfd4fffff]
Mar 16 00:14:06 ariard kernel: [    0.351335] pci 0000:00:15.0:   bridge window [mem 0xe7a00000-0xe7afffff 64bit pref]
Mar 16 00:14:06 ariard kernel: [    0.351474] pci 0000:00:15.1: PCI bridge to [bus 04]
Mar 16 00:14:06 ariard kernel: [    0.351531] pci 0000:00:15.1:   bridge window [io  0x8000-0x8fff]
Mar 16 00:14:06 ariard kernel: [    0.351614] pci 0000:00:15.1:   bridge window [mem 0xfd000000-0xfd0fffff]
Mar 16 00:14:06 ariard kernel: [    0.351691] pci 0000:00:15.1:   bridge window [mem 0xe7600000-0xe76fffff 64bit pref]
Mar 16 00:14:06 ariard kernel: [    0.351811] pci 0000:00:15.2: PCI bridge to [bus 05]
Mar 16 00:14:06 ariard kernel: [    0.351868] pci 0000:00:15.2:   bridge window [io  0xc000-0xcfff]
Mar 16 00:14:06 ariard kernel: [    0.351952] pci 0000:00:15.2:   bridge window [mem 0xfcc00000-0xfccfffff]
Mar 16 00:14:06 ariard kernel: [    0.352035] pci 0000:00:15.2:   bridge window [mem 0xe7200000-0xe72fffff 64bit pref]
Mar 16 00:14:06 ariard kernel: [    0.352171] pci 0000:00:15.3: PCI bridge to [bus 06]
Mar 16 00:14:06 ariard kernel: [    0.352259] pci 0000:00:15.3:   bridge window [mem 0xfc800000-0xfc8fffff]
Mar 16 00:14:06 ariard kernel: [    0.352335] pci 0000:00:15.3:   bridge window [mem 0xe6e00000-0xe6efffff 64bit pref]
Mar 16 00:14:06 ariard kernel: [    0.352454] pci 0000:00:15.4: PCI bridge to [bus 07]
Mar 16 00:14:06 ariard kernel: [    0.352533] pci 0000:00:15.4:   bridge window [mem 0xfc400000-0xfc4fffff]
Mar 16 00:14:06 ariard kernel: [    0.352609] pci 0000:00:15.4:   bridge window [mem 0xe6a00000-0xe6afffff 64bit pref]
Mar 16 00:14:06 ariard kernel: [    0.352728] pci 0000:00:15.5: PCI bridge to [bus 08]
Mar 16 00:14:06 ariard kernel: [    0.352817] pci 0000:00:15.5:   bridge window [mem 0xfc000000-0xfc0fffff]
Mar 16 00:14:06 ariard kernel: [    0.352904] pci 0000:00:15.5:   bridge window [mem 0xe6600000-0xe66fffff 64bit pref]
Mar 16 00:14:06 ariard kernel: [    0.353031] pci 0000:00:15.6: PCI bridge to [bus 09]
Mar 16 00:14:06 ariard kernel: [    0.353122] pci 0000:00:15.6:   bridge window [mem 0xfbc00000-0xfbcfffff]
Mar 16 00:14:06 ariard kernel: [    0.353208] pci 0000:00:15.6:   bridge window [mem 0xe6200000-0xe62fffff 64bit pref]
Mar 16 00:14:06 ariard kernel: [    0.353327] pci 0000:00:15.7: PCI bridge to [bus 0a]
Mar 16 00:14:06 ariard kernel: [    0.353405] pci 0000:00:15.7:   bridge window [mem 0xfb800000-0xfb8fffff]
Mar 16 00:14:06 ariard kernel: [    0.353481] pci 0000:00:15.7:   bridge window [mem 0xe5e00000-0xe5efffff 64bit pref]
Mar 16 00:14:06 ariard kernel: [    0.353600] pci 0000:00:16.0: PCI bridge to [bus 0b]
Mar 16 00:14:06 ariard kernel: [    0.353657] pci 0000:00:16.0:   bridge window [io  0x5000-0x5fff]
Mar 16 00:14:06 ariard kernel: [    0.353740] pci 0000:00:16.0:   bridge window [mem 0xfd300000-0xfd3fffff]
Mar 16 00:14:06 ariard kernel: [    0.353816] pci 0000:00:16.0:   bridge window [mem 0xe7900000-0xe79fffff 64bit pref]
Mar 16 00:14:06 ariard kernel: [    0.353935] pci 0000:00:16.1: PCI bridge to [bus 0c]
Mar 16 00:14:06 ariard kernel: [    0.353992] pci 0000:00:16.1:   bridge window [io  0x9000-0x9fff]
Mar 16 00:14:06 ariard kernel: [    0.354092] pci 0000:00:16.1:   bridge window [mem 0xfcf00000-0xfcffffff]
Mar 16 00:14:06 ariard kernel: [    0.354173] pci 0000:00:16.1:   bridge window [mem 0xe7500000-0xe75fffff 64bit pref]
Mar 16 00:14:06 ariard kernel: [    0.354303] pci 0000:00:16.2: PCI bridge to [bus 0d]
Mar 16 00:14:06 ariard kernel: [    0.354360] pci 0000:00:16.2:   bridge window [io  0xd000-0xdfff]
Mar 16 00:14:06 ariard kernel: [    0.354443] pci 0000:00:16.2:   bridge window [mem 0xfcb00000-0xfcbfffff]
Mar 16 00:14:06 ariard kernel: [    0.354519] pci 0000:00:16.2:   bridge window [mem 0xe7100000-0xe71fffff 64bit pref]
Mar 16 00:14:06 ariard kernel: [    0.354638] pci 0000:00:16.3: PCI bridge to [bus 0e]
Mar 16 00:14:06 ariard kernel: [    0.354716] pci 0000:00:16.3:   bridge window [mem 0xfc700000-0xfc7fffff]
Mar 16 00:14:06 ariard kernel: [    0.354793] pci 0000:00:16.3:   bridge window [mem 0xe6d00000-0xe6dfffff 64bit pref]
Mar 16 00:14:06 ariard kernel: [    0.354912] pci 0000:00:16.4: PCI bridge to [bus 0f]
Mar 16 00:14:06 ariard kernel: [    0.354990] pci 0000:00:16.4:   bridge window [mem 0xfc300000-0xfc3fffff]
Mar 16 00:14:06 ariard kernel: [    0.355083] pci 0000:00:16.4:   bridge window [mem 0xe6900000-0xe69fffff 64bit pref]
Mar 16 00:14:06 ariard kernel: [    0.355217] pci 0000:00:16.5: PCI bridge to [bus 10]
Mar 16 00:14:06 ariard kernel: [    0.355295] pci 0000:00:16.5:   bridge window [mem 0xfbf00000-0xfbffffff]
Mar 16 00:14:06 ariard kernel: [    0.355372] pci 0000:00:16.5:   bridge window [mem 0xe6500000-0xe65fffff 64bit pref]
Mar 16 00:14:06 ariard kernel: [    0.355490] pci 0000:00:16.6: PCI bridge to [bus 11]
Mar 16 00:14:06 ariard kernel: [    0.355569] pci 0000:00:16.6:   bridge window [mem 0xfbb00000-0xfbbfffff]
Mar 16 00:14:06 ariard kernel: [    0.355645] pci 0000:00:16.6:   bridge window [mem 0xe6100000-0xe61fffff 64bit pref]
Mar 16 00:14:06 ariard kernel: [    0.355763] pci 0000:00:16.7: PCI bridge to [bus 12]
Mar 16 00:14:06 ariard kernel: [    0.355841] pci 0000:00:16.7:   bridge window [mem 0xfb700000-0xfb7fffff]
Mar 16 00:14:06 ariard kernel: [    0.355917] pci 0000:00:16.7:   bridge window [mem 0xe5d00000-0xe5dfffff 64bit pref]
Mar 16 00:14:06 ariard kernel: [    0.356042] pci 0000:00:17.0: PCI bridge to [bus 13]
Mar 16 00:14:06 ariard kernel: [    0.356111] pci 0000:00:17.0:   bridge window [io  0x6000-0x6fff]
Mar 16 00:14:06 ariard kernel: [    0.356200] pci 0000:00:17.0:   bridge window [mem 0xfd200000-0xfd2fffff]
Mar 16 00:14:06 ariard kernel: [    0.356299] pci 0000:00:17.0:   bridge window [mem 0xe7800000-0xe78fffff 64bit pref]
Mar 16 00:14:06 ariard kernel: [    0.356427] pci 0000:00:17.1: PCI bridge to [bus 14]
Mar 16 00:14:06 ariard kernel: [    0.356484] pci 0000:00:17.1:   bridge window [io  0xa000-0xafff]
Mar 16 00:14:06 ariard kernel: [    0.356567] pci 0000:00:17.1:   bridge window [mem 0xfce00000-0xfcefffff]
Mar 16 00:14:06 ariard kernel: [    0.356643] pci 0000:00:17.1:   bridge window [mem 0xe7400000-0xe74fffff 64bit pref]
Mar 16 00:14:06 ariard kernel: [    0.356762] pci 0000:00:17.2: PCI bridge to [bus 15]
Mar 16 00:14:06 ariard kernel: [    0.356828] pci 0000:00:17.2:   bridge window [io  0xe000-0xefff]
Mar 16 00:14:06 ariard kernel: [    0.356916] pci 0000:00:17.2:   bridge window [mem 0xfca00000-0xfcafffff]
Mar 16 00:14:06 ariard kernel: [    0.357009] pci 0000:00:17.2:   bridge window [mem 0xe7000000-0xe70fffff 64bit pref]
Mar 16 00:14:06 ariard kernel: [    0.357164] pci 0000:00:17.3: PCI bridge to [bus 16]
Mar 16 00:14:06 ariard kernel: [    0.357254] pci 0000:00:17.3:   bridge window [mem 0xfc600000-0xfc6fffff]
Mar 16 00:14:06 ariard kernel: [    0.357330] pci 0000:00:17.3:   bridge window [mem 0xe6c00000-0xe6cfffff 64bit pref]
Mar 16 00:14:06 ariard kernel: [    0.357449] pci 0000:00:17.4: PCI bridge to [bus 17]
Mar 16 00:14:06 ariard kernel: [    0.357527] pci 0000:00:17.4:   bridge window [mem 0xfc200000-0xfc2fffff]
Mar 16 00:14:06 ariard kernel: [    0.357612] pci 0000:00:17.4:   bridge window [mem 0xe6800000-0xe68fffff 64bit pref]
Mar 16 00:14:06 ariard kernel: [    0.357743] pci 0000:00:17.5: PCI bridge to [bus 18]
Mar 16 00:14:06 ariard kernel: [    0.357827] pci 0000:00:17.5:   bridge window [mem 0xfbe00000-0xfbefffff]
Mar 16 00:14:06 ariard kernel: [    0.357907] pci 0000:00:17.5:   bridge window [mem 0xe6400000-0xe64fffff 64bit pref]
Mar 16 00:14:06 ariard kernel: [    0.358041] pci 0000:00:17.6: PCI bridge to [bus 19]
Mar 16 00:14:06 ariard kernel: [    0.358126] pci 0000:00:17.6:   bridge window [mem 0xfba00000-0xfbafffff]
Mar 16 00:14:06 ariard kernel: [    0.358216] pci 0000:00:17.6:   bridge window [mem 0xe6000000-0xe60fffff 64bit pref]
Mar 16 00:14:06 ariard kernel: [    0.358343] pci 0000:00:17.7: PCI bridge to [bus 1a]
Mar 16 00:14:06 ariard kernel: [    0.358427] pci 0000:00:17.7:   bridge window [mem 0xfb600000-0xfb6fffff]
Mar 16 00:14:06 ariard kernel: [    0.358507] pci 0000:00:17.7:   bridge window [mem 0xe5c00000-0xe5cfffff 64bit pref]
Mar 16 00:14:06 ariard kernel: [    0.358634] pci 0000:00:18.0: PCI bridge to [bus 1b]
Mar 16 00:14:06 ariard kernel: [    0.358694] pci 0000:00:18.0:   bridge window [io  0x7000-0x7fff]
Mar 16 00:14:06 ariard kernel: [    0.358782] pci 0000:00:18.0:   bridge window [mem 0xfd100000-0xfd1fffff]
Mar 16 00:14:06 ariard kernel: [    0.358863] pci 0000:00:18.0:   bridge window [mem 0xe7700000-0xe77fffff 64bit pref]
Mar 16 00:14:06 ariard kernel: [    0.358989] pci 0000:00:18.1: PCI bridge to [bus 1c]
Mar 16 00:14:06 ariard kernel: [    0.359057] pci 0000:00:18.1:   bridge window [io  0xb000-0xbfff]
Mar 16 00:14:06 ariard kernel: [    0.359147] pci 0000:00:18.1:   bridge window [mem 0xfcd00000-0xfcdfffff]
Mar 16 00:14:06 ariard kernel: [    0.359227] pci 0000:00:18.1:   bridge window [mem 0xe7300000-0xe73fffff 64bit pref]
Mar 16 00:14:06 ariard kernel: [    0.359354] pci 0000:00:18.2: PCI bridge to [bus 1d]
Mar 16 00:14:06 ariard kernel: [    0.359437] pci 0000:00:18.2:   bridge window [mem 0xfc900000-0xfc9fffff]
Mar 16 00:14:06 ariard kernel: [    0.359517] pci 0000:00:18.2:   bridge window [mem 0xe6f00000-0xe6ffffff 64bit pref]
Mar 16 00:14:06 ariard kernel: [    0.359643] pci 0000:00:18.3: PCI bridge to [bus 1e]
Mar 16 00:14:06 ariard kernel: [    0.359727] pci 0000:00:18.3:   bridge window [mem 0xfc500000-0xfc5fffff]
Mar 16 00:14:06 ariard kernel: [    0.359807] pci 0000:00:18.3:   bridge window [mem 0xe6b00000-0xe6bfffff 64bit pref]
Mar 16 00:14:06 ariard kernel: [    0.359933] pci 0000:00:18.4: PCI bridge to [bus 1f]
Mar 16 00:14:06 ariard kernel: [    0.360023] pci 0000:00:18.4:   bridge window [mem 0xfc100000-0xfc1fffff]
Mar 16 00:14:06 ariard kernel: [    0.360104] pci 0000:00:18.4:   bridge window [mem 0xe6700000-0xe67fffff 64bit pref]
Mar 16 00:14:06 ariard kernel: [    0.360230] pci 0000:00:18.5: PCI bridge to [bus 20]
Mar 16 00:14:06 ariard kernel: [    0.360314] pci 0000:00:18.5:   bridge window [mem 0xfbd00000-0xfbdfffff]
Mar 16 00:14:06 ariard kernel: [    0.360394] pci 0000:00:18.5:   bridge window [mem 0xe6300000-0xe63fffff 64bit pref]
Mar 16 00:14:06 ariard kernel: [    0.360520] pci 0000:00:18.6: PCI bridge to [bus 21]
Mar 16 00:14:06 ariard kernel: [    0.360604] pci 0000:00:18.6:   bridge window [mem 0xfb900000-0xfb9fffff]
Mar 16 00:14:06 ariard kernel: [    0.360684] pci 0000:00:18.6:   bridge window [mem 0xe5f00000-0xe5ffffff 64bit pref]
Mar 16 00:14:06 ariard kernel: [    0.360810] pci 0000:00:18.7: PCI bridge to [bus 22]
Mar 16 00:14:06 ariard kernel: [    0.360893] pci 0000:00:18.7:   bridge window [mem 0xfb500000-0xfb5fffff]
Mar 16 00:14:06 ariard kernel: [    0.360974] pci 0000:00:18.7:   bridge window [mem 0xe5b00000-0xe5bfffff 64bit pref]
Mar 16 00:14:06 ariard kernel: [    0.361124] pci_bus 0000:00: resource 4 [mem 0x000a0000-0x000bffff window]
Mar 16 00:14:06 ariard kernel: [    0.361125] pci_bus 0000:00: resource 5 [mem 0x000cc000-0x000cffff window]
Mar 16 00:14:06 ariard kernel: [    0.361125] pci_bus 0000:00: resource 6 [mem 0x000d0000-0x000d3fff window]
Mar 16 00:14:06 ariard kernel: [    0.361126] pci_bus 0000:00: resource 7 [mem 0x000d4000-0x000d7fff window]
Mar 16 00:14:06 ariard kernel: [    0.361127] pci_bus 0000:00: resource 8 [mem 0x000d8000-0x000dbfff window]
Mar 16 00:14:06 ariard kernel: [    0.361128] pci_bus 0000:00: resource 9 [mem 0x80000000-0xfebfffff window]
Mar 16 00:14:06 ariard kernel: [    0.361128] pci_bus 0000:00: resource 10 [io  0x0000-0x0cf7 window]
Mar 16 00:14:06 ariard kernel: [    0.361129] pci_bus 0000:00: resource 11 [io  0x0d00-0xfeff window]
Mar 16 00:14:06 ariard kernel: [    0.361130] pci_bus 0000:02: resource 0 [io  0x2000-0x3fff]
Mar 16 00:14:06 ariard kernel: [    0.361131] pci_bus 0000:02: resource 1 [mem 0xfd500000-0xfdffffff]
Mar 16 00:14:06 ariard kernel: [    0.361132] pci_bus 0000:02: resource 2 [mem 0xe7b00000-0xe7ffffff 64bit pref]
Mar 16 00:14:06 ariard kernel: [    0.361133] pci_bus 0000:02: resource 4 [mem 0x000a0000-0x000bffff window]
Mar 16 00:14:06 ariard kernel: [    0.361133] pci_bus 0000:02: resource 5 [mem 0x000cc000-0x000cffff window]
Mar 16 00:14:06 ariard kernel: [    0.361134] pci_bus 0000:02: resource 6 [mem 0x000d0000-0x000d3fff window]
Mar 16 00:14:06 ariard kernel: [    0.361135] pci_bus 0000:02: resource 7 [mem 0x000d4000-0x000d7fff window]
Mar 16 00:14:06 ariard kernel: [    0.361136] pci_bus 0000:02: resource 8 [mem 0x000d8000-0x000dbfff window]
Mar 16 00:14:06 ariard kernel: [    0.361136] pci_bus 0000:02: resource 9 [mem 0x80000000-0xfebfffff window]
Mar 16 00:14:06 ariard kernel: [    0.361137] pci_bus 0000:02: resource 10 [io  0x0000-0x0cf7 window]
Mar 16 00:14:06 ariard kernel: [    0.361138] pci_bus 0000:02: resource 11 [io  0x0d00-0xfeff window]
Mar 16 00:14:06 ariard kernel: [    0.361139] pci_bus 0000:03: resource 0 [io  0x4000-0x4fff]
Mar 16 00:14:06 ariard kernel: [    0.361139] pci_bus 0000:03: resource 1 [mem 0xfd400000-0xfd4fffff]
Mar 16 00:14:06 ariard kernel: [    0.361140] pci_bus 0000:03: resource 2 [mem 0xe7a00000-0xe7afffff 64bit pref]
Mar 16 00:14:06 ariard kernel: [    0.361141] pci_bus 0000:04: resource 0 [io  0x8000-0x8fff]
Mar 16 00:14:06 ariard kernel: [    0.361142] pci_bus 0000:04: resource 1 [mem 0xfd000000-0xfd0fffff]
Mar 16 00:14:06 ariard kernel: [    0.361142] pci_bus 0000:04: resource 2 [mem 0xe7600000-0xe76fffff 64bit pref]
Mar 16 00:14:06 ariard kernel: [    0.361143] pci_bus 0000:05: resource 0 [io  0xc000-0xcfff]
Mar 16 00:14:06 ariard kernel: [    0.361144] pci_bus 0000:05: resource 1 [mem 0xfcc00000-0xfccfffff]
Mar 16 00:14:06 ariard kernel: [    0.361145] pci_bus 0000:05: resource 2 [mem 0xe7200000-0xe72fffff 64bit pref]
Mar 16 00:14:06 ariard kernel: [    0.361145] pci_bus 0000:06: resource 1 [mem 0xfc800000-0xfc8fffff]
Mar 16 00:14:06 ariard kernel: [    0.361146] pci_bus 0000:06: resource 2 [mem 0xe6e00000-0xe6efffff 64bit pref]
Mar 16 00:14:06 ariard kernel: [    0.361147] pci_bus 0000:07: resource 1 [mem 0xfc400000-0xfc4fffff]
Mar 16 00:14:06 ariard kernel: [    0.361148] pci_bus 0000:07: resource 2 [mem 0xe6a00000-0xe6afffff 64bit pref]
Mar 16 00:14:06 ariard kernel: [    0.361148] pci_bus 0000:08: resource 1 [mem 0xfc000000-0xfc0fffff]
Mar 16 00:14:06 ariard kernel: [    0.361149] pci_bus 0000:08: resource 2 [mem 0xe6600000-0xe66fffff 64bit pref]
Mar 16 00:14:06 ariard kernel: [    0.361150] pci_bus 0000:09: resource 1 [mem 0xfbc00000-0xfbcfffff]
Mar 16 00:14:06 ariard kernel: [    0.361151] pci_bus 0000:09: resource 2 [mem 0xe6200000-0xe62fffff 64bit pref]
Mar 16 00:14:06 ariard kernel: [    0.361151] pci_bus 0000:0a: resource 1 [mem 0xfb800000-0xfb8fffff]
Mar 16 00:14:06 ariard kernel: [    0.361152] pci_bus 0000:0a: resource 2 [mem 0xe5e00000-0xe5efffff 64bit pref]
Mar 16 00:14:06 ariard kernel: [    0.361153] pci_bus 0000:0b: resource 0 [io  0x5000-0x5fff]
Mar 16 00:14:06 ariard kernel: [    0.361154] pci_bus 0000:0b: resource 1 [mem 0xfd300000-0xfd3fffff]
Mar 16 00:14:06 ariard kernel: [    0.361154] pci_bus 0000:0b: resource 2 [mem 0xe7900000-0xe79fffff 64bit pref]
Mar 16 00:14:06 ariard kernel: [    0.361155] pci_bus 0000:0c: resource 0 [io  0x9000-0x9fff]
Mar 16 00:14:06 ariard kernel: [    0.361156] pci_bus 0000:0c: resource 1 [mem 0xfcf00000-0xfcffffff]
Mar 16 00:14:06 ariard kernel: [    0.361156] pci_bus 0000:0c: resource 2 [mem 0xe7500000-0xe75fffff 64bit pref]
Mar 16 00:14:06 ariard kernel: [    0.361157] pci_bus 0000:0d: resource 0 [io  0xd000-0xdfff]
Mar 16 00:14:06 ariard kernel: [    0.361158] pci_bus 0000:0d: resource 1 [mem 0xfcb00000-0xfcbfffff]
Mar 16 00:14:06 ariard kernel: [    0.361159] pci_bus 0000:0d: resource 2 [mem 0xe7100000-0xe71fffff 64bit pref]
Mar 16 00:14:06 ariard kernel: [    0.361159] pci_bus 0000:0e: resource 1 [mem 0xfc700000-0xfc7fffff]
Mar 16 00:14:06 ariard kernel: [    0.361160] pci_bus 0000:0e: resource 2 [mem 0xe6d00000-0xe6dfffff 64bit pref]
Mar 16 00:14:06 ariard kernel: [    0.361161] pci_bus 0000:0f: resource 1 [mem 0xfc300000-0xfc3fffff]
Mar 16 00:14:06 ariard kernel: [    0.361162] pci_bus 0000:0f: resource 2 [mem 0xe6900000-0xe69fffff 64bit pref]
Mar 16 00:14:06 ariard kernel: [    0.361162] pci_bus 0000:10: resource 1 [mem 0xfbf00000-0xfbffffff]
Mar 16 00:14:06 ariard kernel: [    0.361163] pci_bus 0000:10: resource 2 [mem 0xe6500000-0xe65fffff 64bit pref]
Mar 16 00:14:06 ariard kernel: [    0.361164] pci_bus 0000:11: resource 1 [mem 0xfbb00000-0xfbbfffff]
Mar 16 00:14:06 ariard kernel: [    0.361165] pci_bus 0000:11: resource 2 [mem 0xe6100000-0xe61fffff 64bit pref]
Mar 16 00:14:06 ariard kernel: [    0.361165] pci_bus 0000:12: resource 1 [mem 0xfb700000-0xfb7fffff]
Mar 16 00:14:06 ariard kernel: [    0.361166] pci_bus 0000:12: resource 2 [mem 0xe5d00000-0xe5dfffff 64bit pref]
Mar 16 00:14:06 ariard kernel: [    0.361167] pci_bus 0000:13: resource 0 [io  0x6000-0x6fff]
Mar 16 00:14:06 ariard kernel: [    0.361168] pci_bus 0000:13: resource 1 [mem 0xfd200000-0xfd2fffff]
Mar 16 00:14:06 ariard kernel: [    0.361168] pci_bus 0000:13: resource 2 [mem 0xe7800000-0xe78fffff 64bit pref]
Mar 16 00:14:06 ariard kernel: [    0.361169] pci_bus 0000:14: resource 0 [io  0xa000-0xafff]
Mar 16 00:14:06 ariard kernel: [    0.361170] pci_bus 0000:14: resource 1 [mem 0xfce00000-0xfcefffff]
Mar 16 00:14:06 ariard kernel: [    0.361170] pci_bus 0000:14: resource 2 [mem 0xe7400000-0xe74fffff 64bit pref]
Mar 16 00:14:06 ariard kernel: [    0.361171] pci_bus 0000:15: resource 0 [io  0xe000-0xefff]
Mar 16 00:14:06 ariard kernel: [    0.361172] pci_bus 0000:15: resource 1 [mem 0xfca00000-0xfcafffff]
Mar 16 00:14:06 ariard kernel: [    0.361173] pci_bus 0000:15: resource 2 [mem 0xe7000000-0xe70fffff 64bit pref]
Mar 16 00:14:06 ariard kernel: [    0.361173] pci_bus 0000:16: resource 1 [mem 0xfc600000-0xfc6fffff]
Mar 16 00:14:06 ariard kernel: [    0.361174] pci_bus 0000:16: resource 2 [mem 0xe6c00000-0xe6cfffff 64bit pref]
Mar 16 00:14:06 ariard kernel: [    0.361175] pci_bus 0000:17: resource 1 [mem 0xfc200000-0xfc2fffff]
Mar 16 00:14:06 ariard kernel: [    0.361176] pci_bus 0000:17: resource 2 [mem 0xe6800000-0xe68fffff 64bit pref]
Mar 16 00:14:06 ariard kernel: [    0.361176] pci_bus 0000:18: resource 1 [mem 0xfbe00000-0xfbefffff]
Mar 16 00:14:06 ariard kernel: [    0.361177] pci_bus 0000:18: resource 2 [mem 0xe6400000-0xe64fffff 64bit pref]
Mar 16 00:14:06 ariard kernel: [    0.361178] pci_bus 0000:19: resource 1 [mem 0xfba00000-0xfbafffff]
Mar 16 00:14:06 ariard kernel: [    0.361179] pci_bus 0000:19: resource 2 [mem 0xe6000000-0xe60fffff 64bit pref]
Mar 16 00:14:06 ariard kernel: [    0.361179] pci_bus 0000:1a: resource 1 [mem 0xfb600000-0xfb6fffff]
Mar 16 00:14:06 ariard kernel: [    0.361180] pci_bus 0000:1a: resource 2 [mem 0xe5c00000-0xe5cfffff 64bit pref]
Mar 16 00:14:06 ariard kernel: [    0.361181] pci_bus 0000:1b: resource 0 [io  0x7000-0x7fff]
Mar 16 00:14:06 ariard kernel: [    0.361182] pci_bus 0000:1b: resource 1 [mem 0xfd100000-0xfd1fffff]
Mar 16 00:14:06 ariard kernel: [    0.361182] pci_bus 0000:1b: resource 2 [mem 0xe7700000-0xe77fffff 64bit pref]
Mar 16 00:14:06 ariard kernel: [    0.361183] pci_bus 0000:1c: resource 0 [io  0xb000-0xbfff]
Mar 16 00:14:06 ariard kernel: [    0.361184] pci_bus 0000:1c: resource 1 [mem 0xfcd00000-0xfcdfffff]
Mar 16 00:14:06 ariard kernel: [    0.361184] pci_bus 0000:1c: resource 2 [mem 0xe7300000-0xe73fffff 64bit pref]
Mar 16 00:14:06 ariard kernel: [    0.361185] pci_bus 0000:1d: resource 1 [mem 0xfc900000-0xfc9fffff]
Mar 16 00:14:06 ariard kernel: [    0.361186] pci_bus 0000:1d: resource 2 [mem 0xe6f00000-0xe6ffffff 64bit pref]
Mar 16 00:14:06 ariard kernel: [    0.361187] pci_bus 0000:1e: resource 1 [mem 0xfc500000-0xfc5fffff]
Mar 16 00:14:06 ariard kernel: [    0.361187] pci_bus 0000:1e: resource 2 [mem 0xe6b00000-0xe6bfffff 64bit pref]
Mar 16 00:14:06 ariard kernel: [    0.361188] pci_bus 0000:1f: resource 1 [mem 0xfc100000-0xfc1fffff]
Mar 16 00:14:06 ariard kernel: [    0.361189] pci_bus 0000:1f: resource 2 [mem 0xe6700000-0xe67fffff 64bit pref]
Mar 16 00:14:06 ariard kernel: [    0.361190] pci_bus 0000:20: resource 1 [mem 0xfbd00000-0xfbdfffff]
Mar 16 00:14:06 ariard kernel: [    0.361190] pci_bus 0000:20: resource 2 [mem 0xe6300000-0xe63fffff 64bit pref]
Mar 16 00:14:06 ariard kernel: [    0.361199] pci_bus 0000:21: resource 1 [mem 0xfb900000-0xfb9fffff]
Mar 16 00:14:06 ariard kernel: [    0.361200] pci_bus 0000:21: resource 2 [mem 0xe5f00000-0xe5ffffff 64bit pref]
Mar 16 00:14:06 ariard kernel: [    0.361201] pci_bus 0000:22: resource 1 [mem 0xfb500000-0xfb5fffff]
Mar 16 00:14:06 ariard kernel: [    0.361201] pci_bus 0000:22: resource 2 [mem 0xe5b00000-0xe5bfffff 64bit pref]
Mar 16 00:14:06 ariard kernel: [    0.361348] NET: Registered protocol family 2
Mar 16 00:14:06 ariard kernel: [    0.361578] tcp_listen_portaddr_hash hash table entries: 1024 (order: 2, 16384 bytes)
Mar 16 00:14:06 ariard kernel: [    0.361653] TCP established hash table entries: 16384 (order: 5, 131072 bytes)
Mar 16 00:14:06 ariard kernel: [    0.361736] TCP bind hash table entries: 16384 (order: 6, 262144 bytes)
Mar 16 00:14:06 ariard kernel: [    0.361809] TCP: Hash tables configured (established 16384 bind 16384)
Mar 16 00:14:06 ariard kernel: [    0.361887] UDP hash table entries: 1024 (order: 3, 32768 bytes)
Mar 16 00:14:06 ariard kernel: [    0.361941] UDP-Lite hash table entries: 1024 (order: 3, 32768 bytes)
Mar 16 00:14:06 ariard kernel: [    0.362051] NET: Registered protocol family 1
Mar 16 00:14:06 ariard kernel: [    0.362647] RPC: Registered named UNIX socket transport module.
Mar 16 00:14:06 ariard kernel: [    0.362791] RPC: Registered udp transport module.
Mar 16 00:14:06 ariard kernel: [    0.362919] RPC: Registered tcp transport module.
Mar 16 00:14:06 ariard kernel: [    0.362961] RPC: Registered tcp NFSv4.1 backchannel transport module.
Mar 16 00:14:06 ariard kernel: [    0.363269] pci 0000:00:00.0: Limiting direct PCI/PCI transfers
Mar 16 00:14:06 ariard kernel: [    0.363481] pci 0000:00:0f.0: Video device with shadowed ROM at [mem 0x000c0000-0x000dffff]
Mar 16 00:14:06 ariard kernel: [    0.364914] PCI: CLS mismatch (32 != 64), using 64 bytes
Mar 16 00:14:06 ariard kernel: [    0.365230] RAPL PMU: API unit is 2^-32 Joules, 3 fixed counters, 10737418240 ms ovfl timer
Mar 16 00:14:06 ariard kernel: [    0.365312] RAPL PMU: hw unit of domain pp0-core 2^-0 Joules
Mar 16 00:14:06 ariard kernel: [    0.365361] RAPL PMU: hw unit of domain package 2^-0 Joules
Mar 16 00:14:06 ariard kernel: [    0.365410] RAPL PMU: hw unit of domain pp1-gpu 2^-0 Joules
Mar 16 00:14:06 ariard kernel: [    0.366659] Scanning for low memory corruption every 60 seconds
Mar 16 00:14:06 ariard kernel: [    0.367245] Initialise system trusted keyrings
Mar 16 00:14:06 ariard kernel: [    0.367412] workingset: timestamp_bits=56 max_order=19 bucket_order=0
Mar 16 00:14:06 ariard kernel: [    0.369317] NFS: Registering the id_resolver key type
Mar 16 00:14:06 ariard kernel: [    0.369375] Key type id_resolver registered
Mar 16 00:14:06 ariard kernel: [    0.369417] Key type id_legacy registered
Mar 16 00:14:06 ariard kernel: [    0.369651] SELinux:  Registering netfilter hooks
Mar 16 00:14:06 ariard kernel: [    0.376072] Key type asymmetric registered
Mar 16 00:14:06 ariard kernel: [    0.376120] Asymmetric key parser 'x509' registered
Mar 16 00:14:06 ariard kernel: [    0.376219] Block layer SCSI generic (bsg) driver version 0.4 loaded (major 249)
Mar 16 00:14:06 ariard kernel: [    0.376313] io scheduler noop registered
Mar 16 00:14:06 ariard kernel: [    0.376353] io scheduler deadline registered
Mar 16 00:14:06 ariard kernel: [    0.376441] io scheduler cfq registered (default)
Mar 16 00:14:06 ariard kernel: [    0.376504] io scheduler mq-deadline registered
Mar 16 00:14:06 ariard kernel: [    0.376555] io scheduler kyber registered
Mar 16 00:14:06 ariard kernel: [    0.401420] pcieport 0000:00:15.0: Signaling PME with IRQ 24
Mar 16 00:14:06 ariard kernel: [    0.401710] pcieport 0000:00:15.1: Signaling PME with IRQ 25
Mar 16 00:14:06 ariard kernel: [    0.401990] pcieport 0000:00:15.2: Signaling PME with IRQ 26
Mar 16 00:14:06 ariard kernel: [    0.402284] pcieport 0000:00:15.3: Signaling PME with IRQ 27
Mar 16 00:14:06 ariard kernel: [    0.402563] pcieport 0000:00:15.4: Signaling PME with IRQ 28
Mar 16 00:14:06 ariard kernel: [    0.402841] pcieport 0000:00:15.5: Signaling PME with IRQ 29
Mar 16 00:14:06 ariard kernel: [    0.403127] pcieport 0000:00:15.6: Signaling PME with IRQ 30
Mar 16 00:14:06 ariard kernel: [    0.403408] pcieport 0000:00:15.7: Signaling PME with IRQ 31
Mar 16 00:14:06 ariard kernel: [    0.403685] pcieport 0000:00:16.0: Signaling PME with IRQ 32
Mar 16 00:14:06 ariard kernel: [    0.404089] pcieport 0000:00:16.1: Signaling PME with IRQ 33
Mar 16 00:14:06 ariard kernel: [    0.404384] pcieport 0000:00:16.2: Signaling PME with IRQ 34
Mar 16 00:14:06 ariard kernel: [    0.404665] pcieport 0000:00:16.3: Signaling PME with IRQ 35
Mar 16 00:14:06 ariard kernel: [    0.404946] pcieport 0000:00:16.4: Signaling PME with IRQ 36
Mar 16 00:14:06 ariard kernel: [    0.405322] pcieport 0000:00:16.5: Signaling PME with IRQ 37
Mar 16 00:14:06 ariard kernel: [    0.405591] pcieport 0000:00:16.6: Signaling PME with IRQ 38
Mar 16 00:14:06 ariard kernel: [    0.405881] pcieport 0000:00:16.7: Signaling PME with IRQ 39
Mar 16 00:14:06 ariard kernel: [    0.406171] pcieport 0000:00:17.0: Signaling PME with IRQ 40
Mar 16 00:14:06 ariard kernel: [    0.406455] pcieport 0000:00:17.1: Signaling PME with IRQ 41
Mar 16 00:14:06 ariard kernel: [    0.406737] pcieport 0000:00:17.2: Signaling PME with IRQ 42
Mar 16 00:14:06 ariard kernel: [    0.407026] pcieport 0000:00:17.3: Signaling PME with IRQ 43
Mar 16 00:14:06 ariard kernel: [    0.407308] pcieport 0000:00:17.4: Signaling PME with IRQ 44
Mar 16 00:14:06 ariard kernel: [    0.407589] pcieport 0000:00:17.5: Signaling PME with IRQ 45
Mar 16 00:14:06 ariard kernel: [    0.407870] pcieport 0000:00:17.6: Signaling PME with IRQ 46
Mar 16 00:14:06 ariard kernel: [    0.408159] pcieport 0000:00:17.7: Signaling PME with IRQ 47
Mar 16 00:14:06 ariard kernel: [    0.408441] pcieport 0000:00:18.0: Signaling PME with IRQ 48
Mar 16 00:14:06 ariard kernel: [    0.408721] pcieport 0000:00:18.1: Signaling PME with IRQ 49
Mar 16 00:14:06 ariard kernel: [    0.409009] pcieport 0000:00:18.2: Signaling PME with IRQ 50
Mar 16 00:14:06 ariard kernel: [    0.409291] pcieport 0000:00:18.3: Signaling PME with IRQ 51
Mar 16 00:14:06 ariard kernel: [    0.409594] pcieport 0000:00:18.4: Signaling PME with IRQ 52
Mar 16 00:14:06 ariard kernel: [    0.409881] pcieport 0000:00:18.5: Signaling PME with IRQ 53
Mar 16 00:14:06 ariard kernel: [    0.410184] pcieport 0000:00:18.6: Signaling PME with IRQ 54
Mar 16 00:14:06 ariard kernel: [    0.410482] pcieport 0000:00:18.7: Signaling PME with IRQ 55
Mar 16 00:14:06 ariard kernel: [    0.410820] ACPI: AC Adapter [ACAD] (on-line)
Mar 16 00:14:06 ariard kernel: [    0.410961] input: Power Button as /devices/LNXSYSTM:00/LNXPWRBN:00/input/input0
Mar 16 00:14:06 ariard kernel: [    0.411054] ACPI: Power Button [PWRF]
Mar 16 00:14:06 ariard kernel: [    0.411920] Serial: 8250/16550 driver, 4 ports, IRQ sharing enabled
Mar 16 00:14:06 ariard kernel: [    0.412875] Non-volatile memory driver v1.3
Mar 16 00:14:06 ariard kernel: [    0.413032] Linux agpgart interface v0.103
Mar 16 00:14:06 ariard kernel: [    0.413203] agpgart-intel 0000:00:00.0: Intel 440BX Chipset
Mar 16 00:14:06 ariard kernel: [    0.414158] agpgart-intel 0000:00:00.0: AGP aperture is 256M @ 0x0
Mar 16 00:14:06 ariard kernel: [    0.415024] [drm] DMA map mode: Using physical TTM page addresses.
Mar 16 00:14:06 ariard kernel: [    0.415244] [drm] Capabilities:
Mar 16 00:14:06 ariard kernel: [    0.415282] [drm]   Rect copy.
Mar 16 00:14:06 ariard kernel: [    0.415316] [drm]   Cursor.
Mar 16 00:14:06 ariard kernel: [    0.415349] [drm]   Cursor bypass.
Mar 16 00:14:06 ariard kernel: [    0.415385] [drm]   Cursor bypass 2.
Mar 16 00:14:06 ariard kernel: [    0.415422] [drm]   8bit emulation.
Mar 16 00:14:06 ariard kernel: [    0.415458] [drm]   Alpha cursor.
Mar 16 00:14:06 ariard kernel: [    0.415493] [drm]   Extended Fifo.
Mar 16 00:14:06 ariard kernel: [    0.415529] [drm]   Multimon.
Mar 16 00:14:06 ariard kernel: [    0.415562] [drm]   Pitchlock.
Mar 16 00:14:06 ariard kernel: [    0.415596] [drm]   Irq mask.
Mar 16 00:14:06 ariard kernel: [    0.415629] [drm]   Display Topology.
Mar 16 00:14:06 ariard kernel: [    0.415673] [drm]   GMR.
Mar 16 00:14:06 ariard kernel: [    0.415702] [drm]   Traces.
Mar 16 00:14:06 ariard kernel: [    0.415740] [drm]   GMR2.
Mar 16 00:14:06 ariard kernel: [    0.415769] [drm]   Screen Object 2.
Mar 16 00:14:06 ariard kernel: [    0.415803] [drm]   Command Buffers.
Mar 16 00:14:06 ariard kernel: [    0.415837] [drm]   Command Buffers 2.
Mar 16 00:14:06 ariard kernel: [    0.415872] [drm]   Guest Backed Resources.
Mar 16 00:14:06 ariard kernel: [    0.415908] [drm]   DX Features.
Mar 16 00:14:06 ariard kernel: [    0.415941] [drm] Max GMR ids is 64
Mar 16 00:14:06 ariard kernel: [    0.415974] [drm] Max number of GMR pages is 65536
Mar 16 00:14:06 ariard kernel: [    0.416022] [drm] Max dedicated hypervisor surface memory is 0 kiB
Mar 16 00:14:06 ariard kernel: [    0.416069] [drm] Maximum display memory size is 65536 kiB
Mar 16 00:14:06 ariard kernel: [    0.416133] [drm] VRAM at 0xe8000000 size is 4096 kiB
Mar 16 00:14:06 ariard kernel: [    0.416178] [drm] MMIO at 0xfe000000 size is 256 kiB
Mar 16 00:14:06 ariard kernel: [    0.416224] [drm] global init.
Mar 16 00:14:06 ariard kernel: [    0.416445] [TTM] Zone  kernel: Available graphics memory: 1018420 kiB
Mar 16 00:14:06 ariard kernel: [    0.416502] [TTM] Initializing pool allocator
Mar 16 00:14:06 ariard kernel: [    0.416544] [TTM] Initializing DMA pool allocator
Mar 16 00:14:06 ariard kernel: [    0.416863] [drm] Supports vblank timestamp caching Rev 2 (21.10.2013).
Mar 16 00:14:06 ariard kernel: [    0.416932] [drm] No driver support for vblank timestamp query.
Mar 16 00:14:06 ariard kernel: [    0.417354] [drm] Screen Target Display device initialized
Mar 16 00:14:06 ariard kernel: [    0.417450] [drm] width 800
Mar 16 00:14:06 ariard kernel: [    0.417499] [drm] height 480
Mar 16 00:14:06 ariard kernel: [    0.417537] [drm] bpp 32
Mar 16 00:14:06 ariard kernel: [    0.418366] [drm] Fifo max 0x00040000 min 0x00001000 cap 0x0000077f
Mar 16 00:14:06 ariard kernel: [    0.420169] [drm] Using command buffers with DMA pool.
Mar 16 00:14:06 ariard kernel: [    0.420228] [drm] DX: no.
Mar 16 00:14:06 ariard kernel: [    0.420261] [drm] Atomic: yes
Mar 16 00:14:06 ariard kernel: [    0.424396] fbcon: svgadrmfb (fb0) is primary device
Mar 16 00:14:06 ariard kernel: [    0.427859] Console: switching to colour frame buffer device 100x37
Mar 16 00:14:06 ariard kernel: [    0.428855] [drm] Initialized vmwgfx 2.14.0 20170612 for 0000:00:0f.0 on minor 0
Mar 16 00:14:06 ariard kernel: [    0.474212] loop: module loaded
Mar 16 00:14:06 ariard kernel: [    0.474284] usbcore: registered new interface driver rtsx_usb
Mar 16 00:14:06 ariard kernel: [    0.474397] ahci 0000:02:03.0: version 3.0
Mar 16 00:14:06 ariard kernel: [    0.520996] ahci 0000:02:03.0: AHCI 0001.0300 32 slots 30 ports 6 Gbps 0x3fffffff impl SATA mode
Mar 16 00:14:06 ariard kernel: [    0.521041] ahci 0000:02:03.0: flags: 64bit ncq clo only 
Mar 16 00:14:06 ariard kernel: [    0.541680] scsi host0: ahci
Mar 16 00:14:06 ariard kernel: [    0.542453] scsi host1: ahci
Mar 16 00:14:06 ariard kernel: [    0.543051] scsi host2: ahci
Mar 16 00:14:06 ariard kernel: [    0.543552] scsi host3: ahci
Mar 16 00:14:06 ariard kernel: [    0.544193] scsi host4: ahci
Mar 16 00:14:06 ariard kernel: [    0.544753] scsi host5: ahci
Mar 16 00:14:06 ariard kernel: [    0.545343] scsi host6: ahci
Mar 16 00:14:06 ariard kernel: [    0.546028] scsi host7: ahci
Mar 16 00:14:06 ariard kernel: [    0.546549] scsi host8: ahci
Mar 16 00:14:06 ariard kernel: [    0.547048] scsi host9: ahci
Mar 16 00:14:06 ariard kernel: [    0.547488] scsi host10: ahci
Mar 16 00:14:06 ariard kernel: [    0.548027] scsi host11: ahci
Mar 16 00:14:06 ariard kernel: [    0.548622] scsi host12: ahci
Mar 16 00:14:06 ariard kernel: [    0.549141] scsi host13: ahci
Mar 16 00:14:06 ariard kernel: [    0.549839] scsi host14: ahci
Mar 16 00:14:06 ariard kernel: [    0.550462] scsi host15: ahci
Mar 16 00:14:06 ariard kernel: [    0.550813] scsi host16: ahci
Mar 16 00:14:06 ariard kernel: [    0.551379] scsi host17: ahci
Mar 16 00:14:06 ariard kernel: [    0.551835] scsi host18: ahci
Mar 16 00:14:06 ariard kernel: [    0.552341] scsi host19: ahci
Mar 16 00:14:06 ariard kernel: [    0.552783] scsi host20: ahci
Mar 16 00:14:06 ariard kernel: [    0.553274] scsi host21: ahci
Mar 16 00:14:06 ariard kernel: [    0.553697] scsi host22: ahci
Mar 16 00:14:06 ariard kernel: [    0.554122] scsi host23: ahci
Mar 16 00:14:06 ariard kernel: [    0.554501] scsi host24: ahci
Mar 16 00:14:06 ariard kernel: [    0.554876] scsi host25: ahci
Mar 16 00:14:06 ariard kernel: [    0.568968] scsi host26: ahci
Mar 16 00:14:06 ariard kernel: [    0.571574] scsi host27: ahci
Mar 16 00:14:06 ariard kernel: [    0.612273] scsi host28: ahci
Mar 16 00:14:06 ariard kernel: [    0.612507] scsi host29: ahci
Mar 16 00:14:06 ariard kernel: [    0.612676] ata1: SATA max UDMA/133 abar m4096@0xfd5ef000 port 0xfd5ef100 irq 56
Mar 16 00:14:06 ariard kernel: [    0.612785] ata2: SATA max UDMA/133 abar m4096@0xfd5ef000 port 0xfd5ef180 irq 56
Mar 16 00:14:06 ariard kernel: [    0.612881] ata3: SATA max UDMA/133 abar m4096@0xfd5ef000 port 0xfd5ef200 irq 56
Mar 16 00:14:06 ariard kernel: [    0.612977] ata4: SATA max UDMA/133 abar m4096@0xfd5ef000 port 0xfd5ef280 irq 56
Mar 16 00:14:06 ariard kernel: [    0.613103] ata5: SATA max UDMA/133 abar m4096@0xfd5ef000 port 0xfd5ef300 irq 56
Mar 16 00:14:06 ariard kernel: [    0.613211] ata6: SATA max UDMA/133 abar m4096@0xfd5ef000 port 0xfd5ef380 irq 56
Mar 16 00:14:06 ariard kernel: [    0.613308] ata7: SATA max UDMA/133 abar m4096@0xfd5ef000 port 0xfd5ef400 irq 56
Mar 16 00:14:06 ariard kernel: [    0.613406] ata8: SATA max UDMA/133 abar m4096@0xfd5ef000 port 0xfd5ef480 irq 56
Mar 16 00:14:06 ariard kernel: [    0.613504] ata9: SATA max UDMA/133 abar m4096@0xfd5ef000 port 0xfd5ef500 irq 56
Mar 16 00:14:06 ariard kernel: [    0.613602] ata10: SATA max UDMA/133 abar m4096@0xfd5ef000 port 0xfd5ef580 irq 56
Mar 16 00:14:06 ariard kernel: [    0.613721] ata11: SATA max UDMA/133 abar m4096@0xfd5ef000 port 0xfd5ef600 irq 56
Mar 16 00:14:06 ariard kernel: [    0.613833] ata12: SATA max UDMA/133 abar m4096@0xfd5ef000 port 0xfd5ef680 irq 56
Mar 16 00:14:06 ariard kernel: [    0.613940] ata13: SATA max UDMA/133 abar m4096@0xfd5ef000 port 0xfd5ef700 irq 56
Mar 16 00:14:06 ariard kernel: [    0.614055] ata14: SATA max UDMA/133 abar m4096@0xfd5ef000 port 0xfd5ef780 irq 56
Mar 16 00:14:06 ariard kernel: [    0.614191] ata15: SATA max UDMA/133 abar m4096@0xfd5ef000 port 0xfd5ef800 irq 56
Mar 16 00:14:06 ariard kernel: [    0.614326] ata16: SATA max UDMA/133 abar m4096@0xfd5ef000 port 0xfd5ef880 irq 56
Mar 16 00:14:06 ariard kernel: [    0.614441] ata17: SATA max UDMA/133 abar m4096@0xfd5ef000 port 0xfd5ef900 irq 56
Mar 16 00:14:06 ariard kernel: [    0.614555] ata18: SATA max UDMA/133 abar m4096@0xfd5ef000 port 0xfd5ef980 irq 56
Mar 16 00:14:06 ariard kernel: [    0.614671] ata19: SATA max UDMA/133 abar m4096@0xfd5ef000 port 0xfd5efa00 irq 56
Mar 16 00:14:06 ariard kernel: [    0.614786] ata20: SATA max UDMA/133 abar m4096@0xfd5ef000 port 0xfd5efa80 irq 56
Mar 16 00:14:06 ariard kernel: [    0.614902] ata21: SATA max UDMA/133 abar m4096@0xfd5ef000 port 0xfd5efb00 irq 56
Mar 16 00:14:06 ariard kernel: [    0.615026] ata22: SATA max UDMA/133 abar m4096@0xfd5ef000 port 0xfd5efb80 irq 56
Mar 16 00:14:06 ariard kernel: [    0.615154] ata23: SATA max UDMA/133 abar m4096@0xfd5ef000 port 0xfd5efc00 irq 56
Mar 16 00:14:06 ariard kernel: [    0.615281] ata24: SATA max UDMA/133 abar m4096@0xfd5ef000 port 0xfd5efc80 irq 56
Mar 16 00:14:06 ariard kernel: [    0.615398] ata25: SATA max UDMA/133 abar m4096@0xfd5ef000 port 0xfd5efd00 irq 56
Mar 16 00:14:06 ariard kernel: [    0.615516] ata26: SATA max UDMA/133 abar m4096@0xfd5ef000 port 0xfd5efd80 irq 56
Mar 16 00:14:06 ariard kernel: [    0.615634] ata27: SATA max UDMA/133 abar m4096@0xfd5ef000 port 0xfd5efe00 irq 56
Mar 16 00:14:06 ariard kernel: [    0.615752] ata28: SATA max UDMA/133 abar m4096@0xfd5ef000 port 0xfd5efe80 irq 56
Mar 16 00:14:06 ariard kernel: [    0.615871] ata29: SATA max UDMA/133 abar m4096@0xfd5ef000 port 0xfd5eff00 irq 56
Mar 16 00:14:06 ariard kernel: [    0.615989] ata30: SATA max UDMA/133 abar m4096@0xfd5ef000 port 0xfd5eff80 irq 56
Mar 16 00:14:06 ariard kernel: [    0.616196] ata_piix 0000:00:07.1: version 2.13
Mar 16 00:14:06 ariard kernel: [    0.618324] scsi host30: ata_piix
Mar 16 00:14:06 ariard kernel: [    0.620472] scsi host31: ata_piix
Mar 16 00:14:06 ariard kernel: [    0.621688] ata31: PATA max UDMA/33 cmd 0x1f0 ctl 0x3f6 bmdma 0x1060 irq 14
Mar 16 00:14:06 ariard kernel: [    0.621829] ata32: PATA max UDMA/33 cmd 0x170 ctl 0x376 bmdma 0x1068 irq 15
Mar 16 00:14:06 ariard kernel: [    0.622050] e100: Intel(R) PRO/100 Network Driver, 3.5.24-k2-NAPI
Mar 16 00:14:06 ariard kernel: [    0.622216] e100: Copyright(c) 1999-2006 Intel Corporation
Mar 16 00:14:06 ariard kernel: [    0.622394] e1000: Intel(R) PRO/1000 Network Driver - version 7.3.21-k8-NAPI
Mar 16 00:14:06 ariard kernel: [    0.622572] e1000: Copyright (c) 1999-2006 Intel Corporation.
Mar 16 00:14:06 ariard kernel: [    0.789047] ata32.00: ATAPI: VMware Virtual IDE CDROM Drive, 00000001, max UDMA/33
Mar 16 00:14:06 ariard kernel: [    0.789616] ata32.00: configured for UDMA/33
Mar 16 00:14:06 ariard kernel: [    0.949211] ata13: SATA link down (SStatus 0 SControl 300)
Mar 16 00:14:06 ariard kernel: [    0.949511] ata8: SATA link down (SStatus 0 SControl 300)
Mar 16 00:14:06 ariard kernel: [    0.949823] ata2: SATA link down (SStatus 0 SControl 300)
Mar 16 00:14:06 ariard kernel: [    0.950112] ata4: SATA link down (SStatus 0 SControl 300)
Mar 16 00:14:06 ariard kernel: [    0.951156] ata9: SATA link down (SStatus 0 SControl 300)
Mar 16 00:14:06 ariard kernel: [    0.951396] ata12: SATA link down (SStatus 0 SControl 300)
Mar 16 00:14:06 ariard kernel: [    0.951666] ata16: SATA link down (SStatus 0 SControl 300)
Mar 16 00:14:06 ariard kernel: [    0.951928] ata3: SATA link down (SStatus 0 SControl 300)
Mar 16 00:14:06 ariard kernel: [    0.952194] ata7: SATA link down (SStatus 0 SControl 300)
